Archive member included to satisfy reference by file (symbol)

/opt/homebrew/Cellar/arm-none-eabi-gcc/10.3-2021.07/gcc/bin/../lib/gcc/arm-none-eabi/10.3.1/thumb/v7e-m/nofp/libgcc.a(_arm_muldf3.o)
                              CMakeFiles/Base_Moving.elf.dir/Lib/Src/Move_Controlor.c.obj (__aeabi_dmul)
/opt/homebrew/Cellar/arm-none-eabi-gcc/10.3-2021.07/gcc/bin/../lib/gcc/arm-none-eabi/10.3.1/thumb/v7e-m/nofp/libgcc.a(_arm_mulsf3.o)
                              CMakeFiles/Base_Moving.elf.dir/Lib/Src/Location_Module_Recieve.c.obj (__aeabi_fmul)
/opt/homebrew/Cellar/arm-none-eabi-gcc/10.3-2021.07/gcc/bin/../lib/gcc/arm-none-eabi/10.3.1/thumb/v7e-m/nofp/libgcc.a(_arm_addsubdf3.o)
                              CMakeFiles/Base_Moving.elf.dir/Lib/Src/Location_Module_Recieve.c.obj (__aeabi_f2d)
/opt/homebrew/Cellar/arm-none-eabi-gcc/10.3-2021.07/gcc/bin/../lib/gcc/arm-none-eabi/10.3.1/thumb/v7e-m/nofp/libgcc.a(_arm_truncdfsf2.o)
                              CMakeFiles/Base_Moving.elf.dir/Lib/Src/Location_Module_Recieve.c.obj (__aeabi_d2f)
/opt/homebrew/Cellar/arm-none-eabi-gcc/10.3-2021.07/gcc/bin/../lib/gcc/arm-none-eabi/10.3.1/thumb/v7e-m/nofp/libgcc.a(_arm_addsubsf3.o)
                              CMakeFiles/Base_Moving.elf.dir/Lib/Src/Location_Module_Recieve.c.obj (__aeabi_fsub)
/opt/homebrew/Cellar/arm-none-eabi-gcc/10.3-2021.07/gcc/bin/../lib/gcc/arm-none-eabi/10.3.1/thumb/v7e-m/nofp/libgcc.a(_arm_muldivsf3.o)
                              CMakeFiles/Base_Moving.elf.dir/Lib/Src/Location_Module_Recieve.c.obj (__aeabi_fdiv)
/opt/homebrew/Cellar/arm-none-eabi-gcc/10.3-2021.07/gcc/bin/../lib/gcc/arm-none-eabi/10.3.1/thumb/v7e-m/nofp/libgcc.a(_arm_cmpsf2.o)
                              CMakeFiles/Base_Moving.elf.dir/Lib/Src/Remote_Controller.c.obj (__aeabi_fcmpeq)
/opt/homebrew/Cellar/arm-none-eabi-gcc/10.3-2021.07/gcc/bin/../lib/gcc/arm-none-eabi/10.3.1/thumb/v7e-m/nofp/libgcc.a(_arm_fixsfsi.o)
                              CMakeFiles/Base_Moving.elf.dir/Lib/Src/Location_Module_Recieve.c.obj (__aeabi_f2iz)
/opt/homebrew/Cellar/arm-none-eabi-gcc/10.3-2021.07/gcc/bin/../lib/gcc/arm-none-eabi/10.3.1/thumb/v7e-m/nofp/libgcc.a(_aeabi_uldivmod.o)
                              CMakeFiles/Base_Moving.elf.dir/Drivers/STM32F4xx_HAL_Driver/Src/stm32f4xx_hal_rcc.c.obj (__aeabi_uldivmod)
/opt/homebrew/Cellar/arm-none-eabi-gcc/10.3-2021.07/gcc/bin/../lib/gcc/arm-none-eabi/10.3.1/thumb/v7e-m/nofp/libgcc.a(_udivmoddi4.o)
                              /opt/homebrew/Cellar/arm-none-eabi-gcc/10.3-2021.07/gcc/bin/../lib/gcc/arm-none-eabi/10.3.1/thumb/v7e-m/nofp/libgcc.a(_aeabi_uldivmod.o) (__udivmoddi4)
/opt/homebrew/Cellar/arm-none-eabi-gcc/10.3-2021.07/gcc/bin/../lib/gcc/arm-none-eabi/10.3.1/thumb/v7e-m/nofp/libgcc.a(_dvmd_tls.o)
                              /opt/homebrew/Cellar/arm-none-eabi-gcc/10.3-2021.07/gcc/bin/../lib/gcc/arm-none-eabi/10.3.1/thumb/v7e-m/nofp/libgcc.a(_aeabi_uldivmod.o) (__aeabi_ldiv0)
/opt/homebrew/Cellar/arm-none-eabi-gcc/10.3-2021.07/gcc/bin/../lib/gcc/arm-none-eabi/10.3.1/../../../../arm-none-eabi/lib/thumb/v7e-m/nofp/libg.a(lib_a-errno.o)
                              CMakeFiles/Base_Moving.elf.dir/Src/syscalls.c.obj (__errno)
/opt/homebrew/Cellar/arm-none-eabi-gcc/10.3-2021.07/gcc/bin/../lib/gcc/arm-none-eabi/10.3.1/../../../../arm-none-eabi/lib/thumb/v7e-m/nofp/libg.a(lib_a-exit.o)
                              /opt/homebrew/Cellar/arm-none-eabi-gcc/10.3-2021.07/gcc/bin/../lib/gcc/arm-none-eabi/10.3.1/../../../../arm-none-eabi/lib/thumb/v7e-m/nofp/crt0.o (exit)
/opt/homebrew/Cellar/arm-none-eabi-gcc/10.3-2021.07/gcc/bin/../lib/gcc/arm-none-eabi/10.3.1/../../../../arm-none-eabi/lib/thumb/v7e-m/nofp/libg.a(lib_a-impure.o)
                              /opt/homebrew/Cellar/arm-none-eabi-gcc/10.3-2021.07/gcc/bin/../lib/gcc/arm-none-eabi/10.3.1/../../../../arm-none-eabi/lib/thumb/v7e-m/nofp/libg.a(lib_a-exit.o) (_global_impure_ptr)
/opt/homebrew/Cellar/arm-none-eabi-gcc/10.3-2021.07/gcc/bin/../lib/gcc/arm-none-eabi/10.3.1/../../../../arm-none-eabi/lib/thumb/v7e-m/nofp/libg.a(lib_a-init.o)
                              /opt/homebrew/Cellar/arm-none-eabi-gcc/10.3-2021.07/gcc/bin/../lib/gcc/arm-none-eabi/10.3.1/../../../../arm-none-eabi/lib/thumb/v7e-m/nofp/crt0.o (__libc_init_array)
/opt/homebrew/Cellar/arm-none-eabi-gcc/10.3-2021.07/gcc/bin/../lib/gcc/arm-none-eabi/10.3.1/../../../../arm-none-eabi/lib/thumb/v7e-m/nofp/libg.a(lib_a-memset.o)
                              /opt/homebrew/Cellar/arm-none-eabi-gcc/10.3-2021.07/gcc/bin/../lib/gcc/arm-none-eabi/10.3.1/../../../../arm-none-eabi/lib/thumb/v7e-m/nofp/crt0.o (memset)
/opt/homebrew/Cellar/arm-none-eabi-gcc/10.3-2021.07/gcc/bin/../lib/gcc/arm-none-eabi/10.3.1/../../../../arm-none-eabi/lib/thumb/v7e-m/nofp/libg.a(lib_a-vsprintf.o)
                              CMakeFiles/Base_Moving.elf.dir/Lib/Src/Usart_Printf.c.obj (vsprintf)
[...]
Memory Configuration

Name             Origin             Length             Attributes
RAM              0x0000000020000000 0x0000000000020000 xrw
CCMRAM           0x0000000010000000 0x0000000000010000 xrw
FLASH            0x0000000008000000 0x0000000000100000 xr
*default*        0x0000000000000000 0xffffffffffffffff

Linker script and memory map

LOAD /opt/homebrew/Cellar/arm-none-eabi-gcc/10.3-2021.07/gcc/bin/../lib/gcc/arm-none-eabi/10.3.1/thumb/v7e-m/nofp/crti.o
LOAD /opt/homebrew/Cellar/arm-none-eabi-gcc/10.3-2021.07/gcc/bin/../lib/gcc/arm-none-eabi/10.3.1/thumb/v7e-m/nofp/crtbegin.o
LOAD /opt/homebrew/Cellar/arm-none-eabi-gcc/10.3-2021.07/gcc/bin/../lib/gcc/arm-none-eabi/10.3.1/../../../../arm-none-eabi/lib/thumb/v7e-m/nofp/crt0.o
LOAD CMakeFiles/Base_Moving.elf.dir/Drivers/STM32F4xx_HAL_Driver/Src/stm32f4xx_hal.c.obj
LOAD CMakeFiles/Base_Moving.elf.dir/Drivers/STM32F4xx_HAL_Driver/Src/stm32f4xx_hal_can.c.obj
LOAD CMakeFiles/Base_Moving.elf.dir/Drivers/STM32F4xx_HAL_Driver/Src/stm32f4xx_hal_cortex.c.obj
LOAD CMakeFiles/Base_Moving.elf.dir/Drivers/STM32F4xx_HAL_Driver/Src/stm32f4xx_hal_dma.c.obj
LOAD CMakeFiles/Base_Moving.elf.dir/Drivers/STM32F4xx_HAL_Driver/Src/stm32f4xx_hal_dma_ex.c.obj
LOAD CMakeFiles/Base_Moving.elf.dir/Drivers/STM32F4xx_HAL_Driver/Src/stm32f4xx_hal_exti.c.obj
LOAD CMakeFiles/Base_Moving.elf.dir/Drivers/STM32F4xx_HAL_Driver/Src/stm32f4xx_hal_flash.c.obj
LOAD CMakeFiles/Base_Moving.elf.dir/Drivers/STM32F4xx_HAL_Driver/Src/stm32f4xx_hal_flash_ex.c.obj
LOAD CMakeFiles/Base_Moving.elf.dir/Drivers/STM32F4xx_HAL_Driver/Src/stm32f4xx_hal_flash_ramfunc.c.obj
LOAD CMakeFiles/Base_Moving.elf.dir/Drivers/STM32F4xx_HAL_Driver/Src/stm32f4xx_hal_gpio.c.obj
LOAD CMakeFiles/Base_Moving.elf.dir/Drivers/STM32F4xx_HAL_Driver/Src/stm32f4xx_hal_pwr.c.obj
LOAD CMakeFiles/Base_Moving.elf.dir/Drivers/STM32F4xx_HAL_Driver/Src/stm32f4xx_hal_pwr_ex.c.obj
LOAD CMakeFiles/Base_Moving.elf.dir/Drivers/STM32F4xx_HAL_Driver/Src/stm32f4xx_hal_rcc.c.obj
LOAD CMakeFiles/Base_Moving.elf.dir/Drivers/STM32F4xx_HAL_Driver/Src/stm32f4xx_hal_rcc_ex.c.obj
LOAD CMakeFiles/Base_Moving.elf.dir/Drivers/STM32F4xx_HAL_Driver/Src/stm32f4xx_hal_tim.c.obj
LOAD CMakeFiles/Base_Moving.elf.dir/Drivers/STM32F4xx_HAL_Driver/Src/stm32f4xx_hal_tim_ex.c.obj
LOAD CMakeFiles/Base_Moving.elf.dir/Drivers/STM32F4xx_HAL_Driver/Src/stm32f4xx_hal_uart.c.obj
LOAD CMakeFiles/Base_Moving.elf.dir/Lib/Src/CAN_Operation.c.obj
LOAD CMakeFiles/Base_Moving.elf.dir/Lib/Src/Location_Module_Recieve.c.obj
LOAD CMakeFiles/Base_Moving.elf.dir/Lib/Src/Move_Controlor.c.obj
LOAD CMakeFiles/Base_Moving.elf.dir/Lib/Src/Navi_Control.c.obj
LOAD CMakeFiles/Base_Moving.elf.dir/Lib/Src/PID_Controlor.c.obj
LOAD CMakeFiles/Base_Moving.elf.dir/Lib/Src/Remote_Controller.c.obj
LOAD CMakeFiles/Base_Moving.elf.dir/Lib/Src/Usart_Printf.c.obj
LOAD CMakeFiles/Base_Moving.elf.dir/Src/can.c.obj
LOAD CMakeFiles/Base_Moving.elf.dir/Src/dma.c.obj
LOAD CMakeFiles/Base_Moving.elf.dir/Src/gpio.c.obj
LOAD CMakeFiles/Base_Moving.elf.dir/Src/main.c.obj
LOAD CMakeFiles/Base_Moving.elf.dir/Src/stm32f4xx_hal_msp.c.obj
LOAD CMakeFiles/Base_Moving.elf.dir/Src/stm32f4xx_it.c.obj
LOAD CMakeFiles/Base_Moving.elf.dir/Src/syscalls.c.obj
LOAD CMakeFiles/Base_Moving.elf.dir/Src/system_stm32f4xx.c.obj
LOAD CMakeFiles/Base_Moving.elf.dir/Src/usart.c.obj
LOAD CMakeFiles/Base_Moving.elf.dir/startup/startup_stm32f407xx.s.obj
START GROUP
LOAD /opt/homebrew/Cellar/arm-none-eabi-gcc/10.3-2021.07/gcc/bin/../lib/gcc/arm-none-eabi/10.3.1/thumb/v7e-m/nofp/libgcc.a
LOAD /opt/homebrew/Cellar/arm-none-eabi-gcc/10.3-2021.07/gcc/bin/../lib/gcc/arm-none-eabi/10.3.1/../../../../arm-none-eabi/lib/thumb/v7e-m/nofp/libg.a
LOAD /opt/homebrew/Cellar/arm-none-eabi-gcc/10.3-2021.07/gcc/bin/../lib/gcc/arm-none-eabi/10.3.1/../../../../arm-none-eabi/lib/thumb/v7e-m/nofp/libc.a
END GROUP
LOAD /opt/homebrew/Cellar/arm-none-eabi-gcc/10.3-2021.07/gcc/bin/../lib/gcc/arm-none-eabi/10.3.1/thumb/v7e-m/nofp/crtend.o
LOAD /opt/homebrew/Cellar/arm-none-eabi-gcc/10.3-2021.07/gcc/bin/../lib/gcc/arm-none-eabi/10.3.1/thumb/v7e-m/nofp/crtn.o
                0x0000000020020000                _estack = 0x20020000
                0x0000000000000200                _Min_Heap_Size = 0x200
                0x0000000000000400                _Min_Stack_Size = 0x400

.isr_vector     0x0000000008000000      0x188
                0x0000000008000000                . = ALIGN (0x4)
 *(.isr_vector)
 .isr_vector    0x0000000008000000      0x188 CMakeFiles/Base_Moving.elf.dir/startup/startup_stm32f407xx.s.obj
                0x0000000008000000                g_pfnVectors
                0x0000000008000188                . = ALIGN (0x4)

.text           0x0000000008000188     0x540c
                0x0000000008000188                . = ALIGN (0x4)
 *(.text)
 .text          0x0000000008000188       0x40 /opt/homebrew/Cellar/arm-none-eabi-gcc/10.3-2021.07/gcc/bin/../lib/gcc/arm-none-eabi/10.3.1/thumb/v7e-m/nofp/crtbegin.o
 .text          0x00000000080001c8      0x378 /opt/homebrew/Cellar/arm-none-eabi-gcc/10.3-2021.07/gcc/bin/../lib/gcc/arm-none-eabi/10.3.1/thumb/v7e-m/nofp/libgcc.a(_arm_addsubdf3.o)
                0x00000000080001c8                __aeabi_drsub
                0x00000000080001d0                __subdf3
                0x00000000080001d0                __aeabi_dsub
                0x00000000080001d4                __aeabi_dadd
                0x00000000080001d4                __adddf3
                0x000000000800044c                __aeabi_ui2d
                0x000000000800044c                __floatunsidf
                0x000000000800046c                __floatsidf
                0x000000000800046c                __aeabi_i2d
                0x0000000008000490                __extendsfdf2
                0x0000000008000490                __aeabi_f2d
                0x00000000080004d4                __aeabi_ul2d
                0x00000000080004d4                __floatundidf
                0x00000000080004e4                __aeabi_l2d
                0x00000000080004e4                __floatdidf
 .text          0x0000000008000540       0xa0 /opt/homebrew/Cellar/arm-none-eabi-gcc/10.3-2021.07/gcc/bin/../lib/gcc/arm-none-eabi/10.3.1/thumb/v7e-m/nofp/libgcc.a(_arm_truncdfsf2.o)
                0x0000000008000540                __aeabi_d2f
                0x0000000008000540                __truncdfsf2
 .text          0x00000000080005e0      0x21c /opt/homebrew/Cellar/arm-none-eabi-gcc/10.3-2021.07/gcc/bin/../lib/gcc/arm-none-eabi/10.3.1/thumb/v7e-m/nofp/libgcc.a(_arm_addsubsf3.o)
                0x00000000080005e0                __aeabi_frsub
                0x00000000080005e8                __aeabi_fsub
                0x00000000080005e8                __subsf3
                0x00000000080005ec                __aeabi_fadd
                0x00000000080005ec                __addsf3
                0x000000000800074c                __aeabi_ui2f
                0x000000000800074c                __floatunsisf
                0x0000000008000754                __floatsisf
                0x0000000008000754                __aeabi_i2f
                0x0000000008000770                __aeabi_ul2f
                0x0000000008000770                __floatundisf
                0x0000000008000780                __aeabi_l2f
                0x0000000008000780                __floatdisf
 .text          0x00000000080007fc      0x2a0 /opt/homebrew/Cellar/arm-none-eabi-gcc/10.3-2021.07/gcc/bin/../lib/gcc/arm-none-eabi/10.3.1/thumb/v7e-m/nofp/libgcc.a(_arm_muldivsf3.o)
                0x00000000080007fc                __mulsf3
                0x00000000080007fc                __aeabi_fmul
                0x0000000008000964                __divsf3
                0x0000000008000964                __aeabi_fdiv
 .text          0x0000000008000a9c       0xec /opt/homebrew/Cellar/arm-none-eabi-gcc/10.3-2021.07/gcc/bin/../lib/gcc/arm-none-eabi/10.3.1/thumb/v7e-m/nofp/libgcc.a(_arm_cmpsf2.o)
                0x0000000008000a9c                __gesf2
                0x0000000008000a9c                __gtsf2
                0x0000000008000aa4                __ltsf2
                0x0000000008000aa4                __lesf2
                0x0000000008000aac                __nesf2
                0x0000000008000aac                __eqsf2
                0x0000000008000aac                __cmpsf2
                0x0000000008000b0c                __aeabi_cfrcmple
                0x0000000008000b14                __aeabi_cfcmpeq
                0x0000000008000b14                __aeabi_cfcmple
                0x0000000008000b24                __aeabi_fcmpeq
                0x0000000008000b38                __aeabi_fcmplt
                0x0000000008000b4c                __aeabi_fcmple
                0x0000000008000b60                __aeabi_fcmpge
                0x0000000008000b74                __aeabi_fcmpgt
 .text          0x0000000008000b88       0x4c /opt/homebrew/Cellar/arm-none-eabi-gcc/10.3-2021.07/gcc/bin/../lib/gcc/arm-none-eabi/10.3.1/thumb/v7e-m/nofp/libgcc.a(_arm_fixsfsi.o)
                0x0000000008000b88                __fixsfsi
                0x0000000008000b88                __aeabi_f2iz
 .text          0x0000000008000bd4       0x30 /opt/homebrew/Cellar/arm-none-eabi-gcc/10.3-2021.07/gcc/bin/../lib/gcc/arm-none-eabi/10.3.1/thumb/v7e-m/nofp/libgcc.a(_aeabi_uldivmod.o)
                0x0000000008000bd4                __aeabi_uldivmod
 .text          0x0000000008000c04      0x2d0 /opt/homebrew/Cellar/arm-none-eabi-gcc/10.3-2021.07/gcc/bin/../lib/gcc/arm-none-eabi/10.3.1/thumb/v7e-m/nofp/libgcc.a(_udivmoddi4.o)
                0x0000000008000c04                __udivmoddi4
 .text          0x0000000008000ed4        0x4 /opt/homebrew/Cellar/arm-none-eabi-gcc/10.3-2021.07/gcc/bin/../lib/gcc/arm-none-eabi/10.3.1/thumb/v7e-m/nofp/libgcc.a(_dvmd_tls.o)
                0x0000000008000ed4                __aeabi_ldiv0
                0x0000000008000ed4                __aeabi_idiv0
 .text          0x0000000008000ed8      0x424 /opt/homebrew/Cellar/arm-none-eabi-gcc/10.3-2021.07/gcc/bin/../lib/gcc/arm-none-eabi/10.3.1/thumb/v7e-m/nofp/libgcc.a(_arm_muldivdf3.o)
                0x0000000008000ed8                __aeabi_dmul
                0x0000000008000ed8                __muldf3
                0x000000000800112c                __aeabi_ddiv
                0x000000000800112c                __divdf3
 .text          0x00000000080012fc      0x110 /opt/homebrew/Cellar/arm-none-eabi-gcc/10.3-2021.07/gcc/bin/../lib/gcc/arm-none-eabi/10.3.1/thumb/v7e-m/nofp/libgcc.a(_arm_cmpdf2.o)
                0x00000000080012fc                __gedf2
                0x00000000080012fc                __gtdf2
                0x0000000008001304                __ledf2
                0x0000000008001304                __ltdf2
                0x000000000800130c                __cmpdf2
                0x000000000800130c                __eqdf2
                0x000000000800130c                __nedf2
                0x0000000008001388                __aeabi_cdrcmple
                0x0000000008001398                __aeabi_cdcmple
                0x0000000008001398                __aeabi_cdcmpeq
                0x00000000080013a8                __aeabi_dcmpeq
                0x00000000080013bc                __aeabi_dcmplt
                0x00000000080013d0                __aeabi_dcmple
                0x00000000080013e4                __aeabi_dcmpge
                0x00000000080013f8                __aeabi_dcmpgt
 .text          0x000000000800140c       0x50 /opt/homebrew/Cellar/arm-none-eabi-gcc/10.3-2021.07/gcc/bin/../lib/gcc/arm-none-eabi/10.3.1/thumb/v7e-m/nofp/libgcc.a(_arm_fixdfsi.o)
                0x000000000800140c                __fixdfsi
                0x000000000800140c                __aeabi_d2iz
 *(.text*)
 .text.HAL_InitTick
                0x000000000800145c       0x4c CMakeFiles/Base_Moving.elf.dir/Drivers/STM32F4xx_HAL_Driver/Src/stm32f4xx_hal.c.obj
                0x000000000800145c                HAL_InitTick
 .text.HAL_Init
                0x00000000080014a8       0x34 CMakeFiles/Base_Moving.elf.dir/Drivers/STM32F4xx_HAL_Driver/Src/stm32f4xx_hal.c.obj
                0x00000000080014a8                HAL_Init
 .text.HAL_IncTick
                0x00000000080014dc       0x18 CMakeFiles/Base_Moving.elf.dir/Drivers/STM32F4xx_HAL_Driver/Src/stm32f4xx_hal.c.obj
                0x00000000080014dc                HAL_IncTick
 .text.HAL_GetTick
                0x00000000080014f4        0xc CMakeFiles/Base_Moving.elf.dir/Drivers/STM32F4xx_HAL_Driver/Src/stm32f4xx_hal.c.obj
                0x00000000080014f4                HAL_GetTick
 .text.HAL_Delay
                0x0000000008001500       0x28 CMakeFiles/Base_Moving.elf.dir/Drivers/STM32F4xx_HAL_Driver/Src/stm32f4xx_hal.c.obj
                0x0000000008001500                HAL_Delay
 .text.HAL_CAN_Init
                0x0000000008001528      0x14c CMakeFiles/Base_Moving.elf.dir/Drivers/STM32F4xx_HAL_Driver/Src/stm32f4xx_hal_can.c.obj
                0x0000000008001528                HAL_CAN_Init
 .text.HAL_CAN_ConfigFilter
                0x0000000008001674      0x13c CMakeFiles/Base_Moving.elf.dir/Drivers/STM32F4xx_HAL_Driver/Src/stm32f4xx_hal_can.c.obj
                0x0000000008001674                HAL_CAN_ConfigFilter
 .text.HAL_CAN_Start
                0x00000000080017b0       0x5c CMakeFiles/Base_Moving.elf.dir/Drivers/STM32F4xx_HAL_Driver/Src/stm32f4xx_hal_can.c.obj
                0x00000000080017b0                HAL_CAN_Start
 .text.HAL_CAN_AddTxMessage
                0x000000000800180c       0xfc CMakeFiles/Base_Moving.elf.dir/Drivers/STM32F4xx_HAL_Driver/Src/stm32f4xx_hal_can.c.obj
                0x000000000800180c                HAL_CAN_AddTxMessage
 .text.HAL_CAN_GetRxMessage
                0x0000000008001908      0x156 CMakeFiles/Base_Moving.elf.dir/Drivers/STM32F4xx_HAL_Driver/Src/stm32f4xx_hal_can.c.obj
                0x0000000008001908                HAL_CAN_GetRxMessage
 .text.HAL_CAN_ActivateNotification
                0x0000000008001a5e       0x24 CMakeFiles/Base_Moving.elf.dir/Drivers/STM32F4xx_HAL_Driver/Src/stm32f4xx_hal_can.c.obj
                0x0000000008001a5e                HAL_CAN_ActivateNotification
 .text.HAL_CAN_TxMailbox0CompleteCallback
                0x0000000008001a82        0x2 CMakeFiles/Base_Moving.elf.dir/Drivers/STM32F4xx_HAL_Driver/Src/stm32f4xx_hal_can.c.obj
                0x0000000008001a82                HAL_CAN_TxMailbox0CompleteCallback
 .text.HAL_CAN_TxMailbox1CompleteCallback
                0x0000000008001a84        0x2 CMakeFiles/Base_Moving.elf.dir/Drivers/STM32F4xx_HAL_Driver/Src/stm32f4xx_hal_can.c.obj
                0x0000000008001a84                HAL_CAN_TxMailbox1CompleteCallback
 .text.HAL_CAN_TxMailbox2CompleteCallback
                0x0000000008001a86        0x2 CMakeFiles/Base_Moving.elf.dir/Drivers/STM32F4xx_HAL_Driver/Src/stm32f4xx_hal_can.c.obj
                0x0000000008001a86                HAL_CAN_TxMailbox2CompleteCallback
 .text.HAL_CAN_TxMailbox0AbortCallback
                0x0000000008001a88        0x2 CMakeFiles/Base_Moving.elf.dir/Drivers/STM32F4xx_HAL_Driver/Src/stm32f4xx_hal_can.c.obj
                0x0000000008001a88                HAL_CAN_TxMailbox0AbortCallback
 .text.HAL_CAN_TxMailbox1AbortCallback
                0x0000000008001a8a        0x2 CMakeFiles/Base_Moving.elf.dir/Drivers/STM32F4xx_HAL_Driver/Src/stm32f4xx_hal_can.c.obj
                0x0000000008001a8a                HAL_CAN_TxMailbox1AbortCallback
 .text.HAL_CAN_TxMailbox2AbortCallback
                0x0000000008001a8c        0x2 CMakeFiles/Base_Moving.elf.dir/Drivers/STM32F4xx_HAL_Driver/Src/stm32f4xx_hal_can.c.obj
                0x0000000008001a8c                HAL_CAN_TxMailbox2AbortCallback
 .text.HAL_CAN_RxFifo0FullCallback
                0x0000000008001a8e        0x2 CMakeFiles/Base_Moving.elf.dir/Drivers/STM32F4xx_HAL_Driver/Src/stm32f4xx_hal_can.c.obj
                0x0000000008001a8e                HAL_CAN_RxFifo0FullCallback
 .text.HAL_CAN_RxFifo1MsgPendingCallback
                0x0000000008001a90        0x2 CMakeFiles/Base_Moving.elf.dir/Drivers/STM32F4xx_HAL_Driver/Src/stm32f4xx_hal_can.c.obj
                0x0000000008001a90                HAL_CAN_RxFifo1MsgPendingCallback
 .text.HAL_CAN_RxFifo1FullCallback
                0x0000000008001a92        0x2 CMakeFiles/Base_Moving.elf.dir/Drivers/STM32F4xx_HAL_Driver/Src/stm32f4xx_hal_can.c.obj
                0x0000000008001a92                HAL_CAN_RxFifo1FullCallback
 .text.HAL_CAN_SleepCallback
                0x0000000008001a94        0x2 CMakeFiles/Base_Moving.elf.dir/Drivers/STM32F4xx_HAL_Driver/Src/stm32f4xx_hal_can.c.obj
                0x0000000008001a94                HAL_CAN_SleepCallback
 .text.HAL_CAN_WakeUpFromRxMsgCallback
                0x0000000008001a96        0x2 CMakeFiles/Base_Moving.elf.dir/Drivers/STM32F4xx_HAL_Driver/Src/stm32f4xx_hal_can.c.obj
                0x0000000008001a96                HAL_CAN_WakeUpFromRxMsgCallback
 .text.HAL_CAN_ErrorCallback
                0x0000000008001a98        0x2 CMakeFiles/Base_Moving.elf.dir/Drivers/STM32F4xx_HAL_Driver/Src/stm32f4xx_hal_can.c.obj
                0x0000000008001a98                HAL_CAN_ErrorCallback
 .text.HAL_CAN_IRQHandler
                0x0000000008001a9a      0x24a CMakeFiles/Base_Moving.elf.dir/Drivers/STM32F4xx_HAL_Driver/Src/stm32f4xx_hal_can.c.obj
                0x0000000008001a9a                HAL_CAN_IRQHandler
 .text.HAL_NVIC_SetPriorityGrouping
                0x0000000008001ce4       0x24 CMakeFiles/Base_Moving.elf.dir/Drivers/STM32F4xx_HAL_Driver/Src/stm32f4xx_hal_cortex.c.obj
                0x0000000008001ce4                HAL_NVIC_SetPriorityGrouping
 .text.HAL_NVIC_SetPriority
                0x0000000008001d08       0x70 CMakeFiles/Base_Moving.elf.dir/Drivers/STM32F4xx_HAL_Driver/Src/stm32f4xx_hal_cortex.c.obj
                0x0000000008001d08                HAL_NVIC_SetPriority
 .text.HAL_NVIC_EnableIRQ
                0x0000000008001d78       0x1c CMakeFiles/Base_Moving.elf.dir/Drivers/STM32F4xx_HAL_Driver/Src/stm32f4xx_hal_cortex.c.obj
                0x0000000008001d78                HAL_NVIC_EnableIRQ
 .text.HAL_SYSTICK_Config
                0x0000000008001d94       0x28 CMakeFiles/Base_Moving.elf.dir/Drivers/STM32F4xx_HAL_Driver/Src/stm32f4xx_hal_cortex.c.obj
                0x0000000008001d94                HAL_SYSTICK_Config
 .text.DMA_CalcBaseAndBitshift
                0x0000000008001dbc       0x40 CMakeFiles/Base_Moving.elf.dir/Drivers/STM32F4xx_HAL_Driver/Src/stm32f4xx_hal_dma.c.obj
 .text.DMA_CheckFifoParam
                0x0000000008001dfc       0x8e CMakeFiles/Base_Moving.elf.dir/Drivers/STM32F4xx_HAL_Driver/Src/stm32f4xx_hal_dma.c.obj
 *fill*         0x0000000008001e8a        0x2 
 .text.HAL_DMA_Init
                0x0000000008001e8c       0xcc CMakeFiles/Base_Moving.elf.dir/Drivers/STM32F4xx_HAL_Driver/Src/stm32f4xx_hal_dma.c.obj
                0x0000000008001e8c                HAL_DMA_Init
 .text.HAL_DMA_IRQHandler
                0x0000000008001f58      0x1dc CMakeFiles/Base_Moving.elf.dir/Drivers/STM32F4xx_HAL_Driver/Src/stm32f4xx_hal_dma.c.obj
                0x0000000008001f58                HAL_DMA_IRQHandler
 .text.HAL_GPIO_Init
                0x0000000008002134      0x1e4 CMakeFiles/Base_Moving.elf.dir/Drivers/STM32F4xx_HAL_Driver/Src/stm32f4xx_hal_gpio.c.obj
                0x0000000008002134                HAL_GPIO_Init
 .text.HAL_GPIO_WritePin
                0x0000000008002318        0xc CMakeFiles/Base_Moving.elf.dir/Drivers/STM32F4xx_HAL_Driver/Src/stm32f4xx_hal_gpio.c.obj
                0x0000000008002318                HAL_GPIO_WritePin
 .text.HAL_RCC_OscConfig
                0x0000000008002324      0x3f8 CMakeFiles/Base_Moving.elf.dir/Drivers/STM32F4xx_HAL_Driver/Src/stm32f4xx_hal_rcc.c.obj
                0x0000000008002324                HAL_RCC_OscConfig
 .text.HAL_RCC_GetSysClockFreq
                0x000000000800271c       0xa4 CMakeFiles/Base_Moving.elf.dir/Drivers/STM32F4xx_HAL_Driver/Src/stm32f4xx_hal_rcc.c.obj
                0x000000000800271c                HAL_RCC_GetSysClockFreq
 .text.HAL_RCC_ClockConfig
                0x00000000080027c0      0x160 CMakeFiles/Base_Moving.elf.dir/Drivers/STM32F4xx_HAL_Driver/Src/stm32f4xx_hal_rcc.c.obj
                0x00000000080027c0                HAL_RCC_ClockConfig
 .text.HAL_RCC_GetHCLKFreq
                0x0000000008002920        0xc CMakeFiles/Base_Moving.elf.dir/Drivers/STM32F4xx_HAL_Driver/Src/stm32f4xx_hal_rcc.c.obj
                0x0000000008002920                HAL_RCC_GetHCLKFreq
 .text.HAL_RCC_GetPCLK1Freq
                0x000000000800292c       0x20 CMakeFiles/Base_Moving.elf.dir/Drivers/STM32F4xx_HAL_Driver/Src/stm32f4xx_hal_rcc.c.obj
                0x000000000800292c                HAL_RCC_GetPCLK1Freq
 .text.HAL_RCC_GetPCLK2Freq
                0x000000000800294c       0x20 CMakeFiles/Base_Moving.elf.dir/Drivers/STM32F4xx_HAL_Driver/Src/stm32f4xx_hal_rcc.c.obj
                0x000000000800294c                HAL_RCC_GetPCLK2Freq
 .text.UART_SetConfig
                0x000000000800296c      0x110 CMakeFiles/Base_Moving.elf.dir/Drivers/STM32F4xx_HAL_Driver/Src/stm32f4xx_hal_uart.c.obj
 .text.HAL_UART_Init
                0x0000000008002a7c       0x5e CMakeFiles/Base_Moving.elf.dir/Drivers/STM32F4xx_HAL_Driver/Src/stm32f4xx_hal_uart.c.obj
                0x0000000008002a7c                HAL_UART_Init
 *fill*         0x0000000008002ada        0x2 
 .text.CAN_CMD_Current
                0x0000000008002adc       0x54 CMakeFiles/Base_Moving.elf.dir/Lib/Src/CAN_Operation.c.obj
                0x0000000008002adc                CAN_CMD_Current
 .text.CAN_Transmit_Message
                0x0000000008002b30       0x50 CMakeFiles/Base_Moving.elf.dir/Lib/Src/CAN_Operation.c.obj
                0x0000000008002b30                CAN_Transmit_Message
 .text.CAN1_Filter_Init
                0x0000000008002b80       0x58 CMakeFiles/Base_Moving.elf.dir/Lib/Src/CAN_Operation.c.obj
                0x0000000008002b80                CAN1_Filter_Init
 .text.CAN2_Filter_Init
                0x0000000008002bd8       0x58 CMakeFiles/Base_Moving.elf.dir/Lib/Src/CAN_Operation.c.obj
                0x0000000008002bd8                CAN2_Filter_Init
 .text.CAN_Recieved_Data_Dealer
                0x0000000008002c30       0x10 CMakeFiles/Base_Moving.elf.dir/Lib/Src/CAN_Operation.c.obj
                0x0000000008002c30                CAN_Recieved_Data_Dealer
 .text.HAL_CAN_RxFifo0MsgPendingCallback
                0x0000000008002c40       0xcc CMakeFiles/Base_Moving.elf.dir/Lib/Src/CAN_Operation.c.obj
                0x0000000008002c40                HAL_CAN_RxFifo0MsgPendingCallback
 .text.Locator_init
                0x0000000008002d0c       0x68 CMakeFiles/Base_Moving.elf.dir/Lib/Src/Location_Module_Recieve.c.obj
                0x0000000008002d0c                Locator_init
 .text.Locator_Rx_Init
                0x0000000008002d74       0x14 CMakeFiles/Base_Moving.elf.dir/Lib/Src/Location_Module_Recieve.c.obj
                0x0000000008002d74                Locator_Rx_Init
 .text.Locator_Data_Dealer
                0x0000000008002d88      0x148 CMakeFiles/Base_Moving.elf.dir/Lib/Src/Location_Module_Recieve.c.obj
                0x0000000008002d88                Locator_Data_Dealer
 .text.USART1_IRQHandler
                0x0000000008002ed0       0xdc CMakeFiles/Base_Moving.elf.dir/Lib/Src/Location_Module_Recieve.c.obj
                0x0000000008002ed0                USART1_IRQHandler
 .text.MecanumChassis_OmniDrive
                0x0000000008002fac       0xc4 CMakeFiles/Base_Moving.elf.dir/Lib/Src/Move_Controlor.c.obj
                0x0000000008002fac                MecanumChassis_OmniDrive
 .text.Gyro_Mode_Drive
                0x0000000008003070       0xc4 CMakeFiles/Base_Moving.elf.dir/Lib/Src/Move_Controlor.c.obj
                0x0000000008003070                Gyro_Mode_Drive
 .text.X_PID_Init
                0x0000000008003134       0x3c CMakeFiles/Base_Moving.elf.dir/Lib/Src/Navi_Control.c.obj
                0x0000000008003134                X_PID_Init
 .text.Y_PID_Init
                0x0000000008003170       0x3c CMakeFiles/Base_Moving.elf.dir/Lib/Src/Navi_Control.c.obj
                0x0000000008003170                Y_PID_Init
 .text.Angle_PID_Init
                0x00000000080031ac       0x3c CMakeFiles/Base_Moving.elf.dir/Lib/Src/Navi_Control.c.obj
                0x00000000080031ac                Angle_PID_Init
 .text.Navi_PID_Calculate
                0x00000000080031e8       0x92 CMakeFiles/Base_Moving.elf.dir/Lib/Src/Navi_Control.c.obj
                0x00000000080031e8                Navi_PID_Calculate
 *fill*         0x000000000800327a        0x2 
 .text.Point_Navi_Move
                0x000000000800327c       0xbc CMakeFiles/Base_Moving.elf.dir/Lib/Src/Navi_Control.c.obj
                0x000000000800327c                Point_Navi_Move
 .text.Navi_Control_Init
                0x0000000008003338       0x10 CMakeFiles/Base_Moving.elf.dir/Lib/Src/Navi_Control.c.obj
                0x0000000008003338                Navi_Control_Init
 .text.M3508_Speed_Control_Init
                0x0000000008003348       0x44 CMakeFiles/Base_Moving.elf.dir/Lib/Src/PID_Controlor.c.obj
                0x0000000008003348                M3508_Speed_Control_Init
 .text.PID_Calculate
                0x000000000800338c      0x118 CMakeFiles/Base_Moving.elf.dir/Lib/Src/PID_Controlor.c.obj
                0x000000000800338c                PID_Calculate
 .text.Base_Speed_Calculation
                0x00000000080034a4       0x64 CMakeFiles/Base_Moving.elf.dir/Lib/Src/PID_Controlor.c.obj
                0x00000000080034a4                Base_Speed_Calculation
 .text.Base_Control_Init
                0x0000000008003508       0x18 CMakeFiles/Base_Moving.elf.dir/Lib/Src/PID_Controlor.c.obj
                0x0000000008003508                Base_Control_Init
 .text.RC_init  0x0000000008003520       0x68 CMakeFiles/Base_Moving.elf.dir/Lib/Src/Remote_Controller.c.obj
                0x0000000008003520                RC_init
 .text.Remote_Controller_Init
                0x0000000008003588       0x14 CMakeFiles/Base_Moving.elf.dir/Lib/Src/Remote_Controller.c.obj
                0x0000000008003588                Remote_Controller_Init
 .text.Data_Dealer
                0x000000000800359c       0xe0 CMakeFiles/Base_Moving.elf.dir/Lib/Src/Remote_Controller.c.obj
                0x000000000800359c                Data_Dealer
 .text.USART3_IRQHandler
                0x000000000800367c       0xe4 CMakeFiles/Base_Moving.elf.dir/Lib/Src/Remote_Controller.c.obj
                0x000000000800367c                USART3_IRQHandler
 .text.Remote_Moving_Control
                0x0000000008003760      0x110 CMakeFiles/Base_Moving.elf.dir/Lib/Src/Remote_Controller.c.obj
                0x0000000008003760                Remote_Moving_Control
 .text.MX_CAN1_Init
                0x0000000008003870       0x40 CMakeFiles/Base_Moving.elf.dir/Src/can.c.obj
                0x0000000008003870                MX_CAN1_Init
 .text.MX_CAN2_Init
                0x00000000080038b0       0x40 CMakeFiles/Base_Moving.elf.dir/Src/can.c.obj
                0x00000000080038b0                MX_CAN2_Init
 .text.HAL_CAN_MspInit
                0x00000000080038f0      0x120 CMakeFiles/Base_Moving.elf.dir/Src/can.c.obj
                0x00000000080038f0                HAL_CAN_MspInit
 .text.MX_DMA_Init
                0x0000000008003a10       0x68 CMakeFiles/Base_Moving.elf.dir/Src/dma.c.obj
                0x0000000008003a10                MX_DMA_Init
 .text.MX_GPIO_Init
                0x0000000008003a78       0xa8 CMakeFiles/Base_Moving.elf.dir/Src/gpio.c.obj
                0x0000000008003a78                MX_GPIO_Init
 .text.Error_Handler
                0x0000000008003b20        0x4 CMakeFiles/Base_Moving.elf.dir/Src/main.c.obj
                0x0000000008003b20                Error_Handler
 .text.SystemClock_Config
                0x0000000008003b24       0xa8 CMakeFiles/Base_Moving.elf.dir/Src/main.c.obj
                0x0000000008003b24                SystemClock_Config
 .text.main     0x0000000008003bcc       0xc4 CMakeFiles/Base_Moving.elf.dir/Src/main.c.obj
                0x0000000008003bcc                main
 .text.HAL_MspInit
                0x0000000008003c90       0x38 CMakeFiles/Base_Moving.elf.dir/Src/stm32f4xx_hal_msp.c.obj
                0x0000000008003c90                HAL_MspInit
 .text.NMI_Handler
                0x0000000008003cc8        0x2 CMakeFiles/Base_Moving.elf.dir/Src/stm32f4xx_it.c.obj
                0x0000000008003cc8                NMI_Handler
 .text.HardFault_Handler
                0x0000000008003cca        0x2 CMakeFiles/Base_Moving.elf.dir/Src/stm32f4xx_it.c.obj
                0x0000000008003cca                HardFault_Handler
 .text.MemManage_Handler
                0x0000000008003ccc        0x2 CMakeFiles/Base_Moving.elf.dir/Src/stm32f4xx_it.c.obj
                0x0000000008003ccc                MemManage_Handler
 .text.BusFault_Handler
                0x0000000008003cce        0x2 CMakeFiles/Base_Moving.elf.dir/Src/stm32f4xx_it.c.obj
                0x0000000008003cce                BusFault_Handler
 .text.UsageFault_Handler
                0x0000000008003cd0        0x2 CMakeFiles/Base_Moving.elf.dir/Src/stm32f4xx_it.c.obj
                0x0000000008003cd0                UsageFault_Handler
 .text.SVC_Handler
                0x0000000008003cd2        0x2 CMakeFiles/Base_Moving.elf.dir/Src/stm32f4xx_it.c.obj
                0x0000000008003cd2                SVC_Handler
 .text.DebugMon_Handler
                0x0000000008003cd4        0x2 CMakeFiles/Base_Moving.elf.dir/Src/stm32f4xx_it.c.obj
                0x0000000008003cd4                DebugMon_Handler
 .text.PendSV_Handler
                0x0000000008003cd6        0x2 CMakeFiles/Base_Moving.elf.dir/Src/stm32f4xx_it.c.obj
                0x0000000008003cd6                PendSV_Handler
 .text.SysTick_Handler
                0x0000000008003cd8        0x8 CMakeFiles/Base_Moving.elf.dir/Src/stm32f4xx_it.c.obj
                0x0000000008003cd8                SysTick_Handler
 .text.DMA1_Stream1_IRQHandler
                0x0000000008003ce0       0x10 CMakeFiles/Base_Moving.elf.dir/Src/stm32f4xx_it.c.obj
                0x0000000008003ce0                DMA1_Stream1_IRQHandler
 .text.CAN1_RX0_IRQHandler
                0x0000000008003cf0       0x10 CMakeFiles/Base_Moving.elf.dir/Src/stm32f4xx_it.c.obj
                0x0000000008003cf0                CAN1_RX0_IRQHandler
 .text.DMA2_Stream2_IRQHandler
                0x0000000008003d00       0x10 CMakeFiles/Base_Moving.elf.dir/Src/stm32f4xx_it.c.obj
                0x0000000008003d00                DMA2_Stream2_IRQHandler
 .text.CAN2_RX0_IRQHandler
                0x0000000008003d10       0x10 CMakeFiles/Base_Moving.elf.dir/Src/stm32f4xx_it.c.obj
                0x0000000008003d10                CAN2_RX0_IRQHandler
 .text.DMA2_Stream7_IRQHandler
                0x0000000008003d20       0x10 CMakeFiles/Base_Moving.elf.dir/Src/stm32f4xx_it.c.obj
                0x0000000008003d20                DMA2_Stream7_IRQHandler
 .text.SystemInit
                0x0000000008003d30        0x2 CMakeFiles/Base_Moving.elf.dir/Src/system_stm32f4xx.c.obj
                0x0000000008003d30                SystemInit
 *fill*         0x0000000008003d32        0x2 
 .text.MX_USART1_UART_Init
                0x0000000008003d34       0x34 CMakeFiles/Base_Moving.elf.dir/Src/usart.c.obj
                0x0000000008003d34                MX_USART1_UART_Init
 .text.MX_USART3_UART_Init
                0x0000000008003d68       0x38 CMakeFiles/Base_Moving.elf.dir/Src/usart.c.obj
                0x0000000008003d68                MX_USART3_UART_Init
 .text.HAL_UART_MspInit
                0x0000000008003da0      0x1e4 CMakeFiles/Base_Moving.elf.dir/Src/usart.c.obj
                0x0000000008003da0                HAL_UART_MspInit
 .text.Reset_Handler
                0x0000000008003f84       0x50 CMakeFiles/Base_Moving.elf.dir/startup/startup_stm32f407xx.s.obj
                0x0000000008003f84                Reset_Handler
 .text.Default_Handler
                0x0000000008003fd4        0x2 CMakeFiles/Base_Moving.elf.dir/startup/startup_stm32f407xx.s.obj
                0x0000000008003fd4                DMA1_Stream3_IRQHandler
                0x0000000008003fd4                HASH_RNG_IRQHandler
                0x0000000008003fd4                EXTI2_IRQHandler
                0x0000000008003fd4                TIM8_CC_IRQHandler
                0x0000000008003fd4                TIM1_CC_IRQHandler
                0x0000000008003fd4                DMA2_Stream5_IRQHandler
                0x0000000008003fd4                DMA1_Stream5_IRQHandler
                0x0000000008003fd4                PVD_IRQHandler
                0x0000000008003fd4                SDIO_IRQHandler
                0x0000000008003fd4                TAMP_STAMP_IRQHandler
                0x0000000008003fd4                CAN2_RX1_IRQHandler
                0x0000000008003fd4                EXTI3_IRQHandler
                0x0000000008003fd4                TIM8_TRG_COM_TIM14_IRQHandler
                0x0000000008003fd4                TIM1_UP_TIM10_IRQHandler
                0x0000000008003fd4                TIM8_UP_TIM13_IRQHandler
                0x0000000008003fd4                I2C3_ER_IRQHandler
                0x0000000008003fd4                EXTI0_IRQHandler
                0x0000000008003fd4                I2C2_EV_IRQHandler
                0x0000000008003fd4                DMA1_Stream2_IRQHandler
                0x0000000008003fd4                FPU_IRQHandler
                0x0000000008003fd4                OTG_HS_WKUP_IRQHandler
                0x0000000008003fd4                CAN2_SCE_IRQHandler
                0x0000000008003fd4                SPI1_IRQHandler
                0x0000000008003fd4                TIM6_DAC_IRQHandler
                0x0000000008003fd4                TIM1_BRK_TIM9_IRQHandler
                0x0000000008003fd4                DCMI_IRQHandler
                0x0000000008003fd4                DMA2_Stream3_IRQHandler
                0x0000000008003fd4                USART6_IRQHandler
                0x0000000008003fd4                CAN1_RX1_IRQHandler
                0x0000000008003fd4                UART5_IRQHandler
                0x0000000008003fd4                DMA2_Stream0_IRQHandler
                0x0000000008003fd4                TIM4_IRQHandler
                0x0000000008003fd4                I2C1_EV_IRQHandler
                0x0000000008003fd4                DMA1_Stream6_IRQHandler
                0x0000000008003fd4                UART4_IRQHandler
                0x0000000008003fd4                TIM3_IRQHandler
                0x0000000008003fd4                RCC_IRQHandler
                0x0000000008003fd4                TIM8_BRK_TIM12_IRQHandler
                0x0000000008003fd4                Default_Handler
                0x0000000008003fd4                EXTI15_10_IRQHandler
                0x0000000008003fd4                ADC_IRQHandler
                0x0000000008003fd4                DMA1_Stream7_IRQHandler
                0x0000000008003fd4                TIM7_IRQHandler
                0x0000000008003fd4                CAN2_TX_IRQHandler
                0x0000000008003fd4                TIM5_IRQHandler
                0x0000000008003fd4                I2C3_EV_IRQHandler
                0x0000000008003fd4                EXTI9_5_IRQHandler
                0x0000000008003fd4                RTC_WKUP_IRQHandler
                0x0000000008003fd4                ETH_WKUP_IRQHandler
                0x0000000008003fd4                SPI2_IRQHandler
                0x0000000008003fd4                OTG_HS_EP1_IN_IRQHandler
                0x0000000008003fd4                DMA1_Stream0_IRQHandler
                0x0000000008003fd4                CAN1_TX_IRQHandler
                0x0000000008003fd4                EXTI4_IRQHandler
                0x0000000008003fd4                FSMC_IRQHandler
                0x0000000008003fd4                ETH_IRQHandler
                0x0000000008003fd4                OTG_HS_EP1_OUT_IRQHandler
                0x0000000008003fd4                WWDG_IRQHandler
                0x0000000008003fd4                TIM2_IRQHandler
                0x0000000008003fd4                OTG_FS_WKUP_IRQHandler
                0x0000000008003fd4                TIM1_TRG_COM_TIM11_IRQHandler
                0x0000000008003fd4                OTG_HS_IRQHandler
                0x0000000008003fd4                EXTI1_IRQHandler
                0x0000000008003fd4                USART2_IRQHandler
                0x0000000008003fd4                I2C2_ER_IRQHandler
                0x0000000008003fd4                DMA2_Stream1_IRQHandler
                0x0000000008003fd4                CAN1_SCE_IRQHandler
                0x0000000008003fd4                FLASH_IRQHandler
                0x0000000008003fd4                DMA2_Stream4_IRQHandler
                0x0000000008003fd4                OTG_FS_IRQHandler
                0x0000000008003fd4                SPI3_IRQHandler
                0x0000000008003fd4                DMA1_Stream4_IRQHandler
                0x0000000008003fd4                I2C1_ER_IRQHandler
                0x0000000008003fd4                DMA2_Stream6_IRQHandler
                0x0000000008003fd4                RTC_Alarm_IRQHandler
 *fill*         0x0000000008003fd6        0x2 
 .text.__libc_init_array
                0x0000000008003fd8       0x48 /opt/homebrew/Cellar/arm-none-eabi-gcc/10.3-2021.07/gcc/bin/../lib/gcc/arm-none-eabi/10.3.1/../../../../arm-none-eabi/lib/thumb/v7e-m/nofp/libg.a(lib_a-init.o)
                0x0000000008003fd8                __libc_init_array
 .text.memset   0x0000000008004020       0xa4 /opt/homebrew/Cellar/arm-none-eabi-gcc/10.3-2021.07/gcc/bin/../lib/gcc/arm-none-eabi/10.3.1/../../../../arm-none-eabi/lib/thumb/v7e-m/nofp/libg.a(lib_a-memset.o)
                0x0000000008004020                memset
 .text.startup.register_fini
                0x00000000080040c4       0x14 /opt/homebrew/Cellar/arm-none-eabi-gcc/10.3-2021.07/gcc/bin/../lib/gcc/arm-none-eabi/10.3.1/../../../../arm-none-eabi/lib/thumb/v7e-m/nofp/libg.a(lib_a-__call_atexit.o)
 .text.atexit   0x00000000080040d8        0xc /opt/homebrew/Cellar/arm-none-eabi-gcc/10.3-2021.07/gcc/bin/../lib/gcc/arm-none-eabi/10.3.1/../../../../arm-none-eabi/lib/thumb/v7e-m/nofp/libg.a(lib_a-atexit.o)
                0x00000000080040d8                atexit
 .text.__libc_fini_array
                0x00000000080040e4       0x2c /opt/homebrew/Cellar/arm-none-eabi-gcc/10.3-2021.07/gcc/bin/../lib/gcc/arm-none-eabi/10.3.1/../../../../arm-none-eabi/lib/thumb/v7e-m/nofp/libg.a(lib_a-fini.o)
                0x00000000080040e4                __libc_fini_array
 .text.__retarget_lock_acquire_recursive
                0x0000000008004110        0x4 /opt/homebrew/Cellar/arm-none-eabi-gcc/10.3-2021.07/gcc/bin/../lib/gcc/arm-none-eabi/10.3.1/../../../../arm-none-eabi/lib/thumb/v7e-m/nofp/libg.a(lib_a-lock.o)
                0x0000000008004110                __retarget_lock_acquire_recursive
 .text.__retarget_lock_release_recursive
                0x0000000008004114        0x4 /opt/homebrew/Cellar/arm-none-eabi-gcc/10.3-2021.07/gcc/bin/../lib/gcc/arm-none-eabi/10.3.1/../../../../arm-none-eabi/lib/thumb/v7e-m/nofp/libg.a(lib_a-lock.o)
                0x0000000008004114                __retarget_lock_release_recursive
 .text.__register_exitproc
                0x0000000008004118       0x8c /opt/homebrew/Cellar/arm-none-eabi-gcc/10.3-2021.07/gcc/bin/../lib/gcc/arm-none-eabi/10.3.1/../../../../arm-none-eabi/lib/thumb/v7e-m/nofp/libg.a(lib_a-__atexit.o)
                0x0000000008004118                __register_exitproc
 .text.cos      0x00000000080041a4       0xa0 /opt/homebrew/Cellar/arm-none-eabi-gcc/10.3-2021.07/gcc/bin/../lib/gcc/arm-none-eabi/10.3.1/../../../../arm-none-eabi/lib/thumb/v7e-m/nofp/libm.a(lib_a-s_cos.o)
                0x00000000080041a4                cos
 .text.sin      0x0000000008004244       0xb0 /opt/homebrew/Cellar/arm-none-eabi-gcc/10.3-2021.07/gcc/bin/../lib/gcc/arm-none-eabi/10.3.1/../../../../arm-none-eabi/lib/thumb/v7e-m/nofp/libm.a(lib_a-s_sin.o)
                0x0000000008004244                sin
 *fill*         0x00000000080042f4        0x4 
 .text.__ieee754_rem_pio2
                0x00000000080042f8      0x454 /opt/homebrew/Cellar/arm-none-eabi-gcc/10.3-2021.07/gcc/bin/../lib/gcc/arm-none-eabi/10.3.1/../../../../arm-none-eabi/lib/thumb/v7e-m/nofp/libm.a(lib_a-e_rem_pio2.o)
                0x00000000080042f8                __ieee754_rem_pio2
 *fill*         0x000000000800474c        0x4 
 .text.__kernel_cos
                0x0000000008004750      0x260 /opt/homebrew/Cellar/arm-none-eabi-gcc/10.3-2021.07/gcc/bin/../lib/gcc/arm-none-eabi/10.3.1/../../../../arm-none-eabi/lib/thumb/v7e-m/nofp/libm.a(lib_a-k_cos.o)
                0x0000000008004750                __kernel_cos
 .text.__kernel_rem_pio2
                0x00000000080049b0      0x850 /opt/homebrew/Cellar/arm-none-eabi-gcc/10.3-2021.07/gcc/bin/../lib/gcc/arm-none-eabi/10.3.1/../../../../arm-none-eabi/lib/thumb/v7e-m/nofp/libm.a(lib_a-k_rem_pio2.o)
                0x00000000080049b0                __kernel_rem_pio2
 .text.__kernel_sin
                0x0000000008005200      0x184 /opt/homebrew/Cellar/arm-none-eabi-gcc/10.3-2021.07/gcc/bin/../lib/gcc/arm-none-eabi/10.3.1/../../../../arm-none-eabi/lib/thumb/v7e-m/nofp/libm.a(lib_a-k_sin.o)
                0x0000000008005200                __kernel_sin
 .text.fabs     0x0000000008005384        0x8 /opt/homebrew/Cellar/arm-none-eabi-gcc/10.3-2021.07/gcc/bin/../lib/gcc/arm-none-eabi/10.3.1/../../../../arm-none-eabi/lib/thumb/v7e-m/nofp/libm.a(lib_a-s_fabs.o)
                0x0000000008005384                fabs
 *fill*         0x000000000800538c        0x4 
 .text.floor    0x0000000008005390       0xf8 /opt/homebrew/Cellar/arm-none-eabi-gcc/10.3-2021.07/gcc/bin/../lib/gcc/arm-none-eabi/10.3.1/../../../../arm-none-eabi/lib/thumb/v7e-m/nofp/libm.a(lib_a-s_floor.o)
                0x0000000008005390                floor
 .text.scalbn   0x0000000008005488       0xf4 /opt/homebrew/Cellar/arm-none-eabi-gcc/10.3-2021.07/gcc/bin/../lib/gcc/arm-none-eabi/10.3.1/../../../../arm-none-eabi/lib/thumb/v7e-m/nofp/libm.a(lib_a-s_scalbn.o)
                0x0000000008005488                scalbn
 *(.glue_7)
 .glue_7        0x000000000800557c        0x0 linker stubs
 *(.glue_7t)
 .glue_7t       0x000000000800557c        0x0 linker stubs
 *(.eh_frame)
 .eh_frame      0x000000000800557c        0x0 /opt/homebrew/Cellar/arm-none-eabi-gcc/10.3-2021.07/gcc/bin/../lib/gcc/arm-none-eabi/10.3.1/thumb/v7e-m/nofp/crtbegin.o
 *(.init)
 .init          0x000000000800557c        0x4 /opt/homebrew/Cellar/arm-none-eabi-gcc/10.3-2021.07/gcc/bin/../lib/gcc/arm-none-eabi/10.3.1/thumb/v7e-m/nofp/crti.o
                0x000000000800557c                _init
 .init          0x0000000008005580        0x8 /opt/homebrew/Cellar/arm-none-eabi-gcc/10.3-2021.07/gcc/bin/../lib/gcc/arm-none-eabi/10.3.1/thumb/v7e-m/nofp/crtn.o
 *(.fini)
 .fini          0x0000000008005588        0x4 /opt/homebrew/Cellar/arm-none-eabi-gcc/10.3-2021.07/gcc/bin/../lib/gcc/arm-none-eabi/10.3.1/thumb/v7e-m/nofp/crti.o
                0x0000000008005588                _fini
 .fini          0x000000000800558c        0x8 /opt/homebrew/Cellar/arm-none-eabi-gcc/10.3-2021.07/gcc/bin/../lib/gcc/arm-none-eabi/10.3.1/thumb/v7e-m/nofp/crtn.o
                0x0000000008005594                . = ALIGN (0x4)
                0x0000000008005594                _etext = .

.vfp11_veneer   0x0000000008005594        0x0
 .vfp11_veneer  0x0000000008005594        0x0 linker stubs

.v4_bx          0x0000000008005594        0x0
 .v4_bx         0x0000000008005594        0x0 linker stubs

.iplt           0x0000000008005594        0x0
 .iplt          0x0000000008005594        0x0 /opt/homebrew/Cellar/arm-none-eabi-gcc/10.3-2021.07/gcc/bin/../lib/gcc/arm-none-eabi/10.3.1/thumb/v7e-m/nofp/crtbegin.o

.rodata         0x0000000008005598      0x200
                0x0000000008005598                . = ALIGN (0x4)
 *(.rodata)
 *(.rodata*)
 .rodata.flagBitshiftOffset.0
                0x0000000008005598        0x8 CMakeFiles/Base_Moving.elf.dir/Drivers/STM32F4xx_HAL_Driver/Src/stm32f4xx_hal_dma.c.obj
 .rodata.AHBPrescTable
                0x00000000080055a0       0x10 CMakeFiles/Base_Moving.elf.dir/Src/system_stm32f4xx.c.obj
                0x00000000080055a0                AHBPrescTable
 .rodata.APBPrescTable
                0x00000000080055b0        0x8 CMakeFiles/Base_Moving.elf.dir/Src/system_stm32f4xx.c.obj
                0x00000000080055b0                APBPrescTable
 .rodata._global_impure_ptr
                0x00000000080055b8        0x4 /opt/homebrew/Cellar/arm-none-eabi-gcc/10.3-2021.07/gcc/bin/../lib/gcc/arm-none-eabi/10.3.1/../../../../arm-none-eabi/lib/thumb/v7e-m/nofp/libg.a(lib_a-impure.o)
                0x00000000080055b8                _global_impure_ptr
 .rodata.npio2_hw
                0x00000000080055bc       0x80 /opt/homebrew/Cellar/arm-none-eabi-gcc/10.3-2021.07/gcc/bin/../lib/gcc/arm-none-eabi/10.3.1/../../../../arm-none-eabi/lib/thumb/v7e-m/nofp/libm.a(lib_a-e_rem_pio2.o)
 .rodata.two_over_pi
                0x000000000800563c      0x108 /opt/homebrew/Cellar/arm-none-eabi-gcc/10.3-2021.07/gcc/bin/../lib/gcc/arm-none-eabi/10.3.1/../../../../arm-none-eabi/lib/thumb/v7e-m/nofp/libm.a(lib_a-e_rem_pio2.o)
 *fill*         0x0000000008005744        0x4 
 .rodata.PIo2   0x0000000008005748       0x40 /opt/homebrew/Cellar/arm-none-eabi-gcc/10.3-2021.07/gcc/bin/../lib/gcc/arm-none-eabi/10.3.1/../../../../arm-none-eabi/lib/thumb/v7e-m/nofp/libm.a(lib_a-k_rem_pio2.o)
 .rodata.init_jk
                0x0000000008005788       0x10 /opt/homebrew/Cellar/arm-none-eabi-gcc/10.3-2021.07/gcc/bin/../lib/gcc/arm-none-eabi/10.3.1/../../../../arm-none-eabi/lib/thumb/v7e-m/nofp/libm.a(lib_a-k_rem_pio2.o)
                0x0000000008005798                . = ALIGN (0x4)

.ARM.extab
 *(.ARM.extab* .gnu.linkonce.armextab.*)

.ARM            0x0000000008005798        0x8
                0x0000000008005798                __exidx_start = .
 *(.ARM.exidx*)
 .ARM.exidx     0x0000000008005798        0x8 /opt/homebrew/Cellar/arm-none-eabi-gcc/10.3-2021.07/gcc/bin/../lib/gcc/arm-none-eabi/10.3.1/thumb/v7e-m/nofp/libgcc.a(_udivmoddi4.o)
                0x00000000080057a0                __exidx_end = .

.rel.dyn        0x00000000080057a0        0x0
 .rel.iplt      0x00000000080057a0        0x0 /opt/homebrew/Cellar/arm-none-eabi-gcc/10.3-2021.07/gcc/bin/../lib/gcc/arm-none-eabi/10.3.1/thumb/v7e-m/nofp/crtbegin.o

.preinit_array  0x00000000080057a0        0x0
                0x00000000080057a0                PROVIDE (__preinit_array_start = .)
 *(.preinit_array*)
                0x00000000080057a0                PROVIDE (__preinit_array_end = .)

.init_array     0x00000000080057a0        0x8
                0x00000000080057a0                PROVIDE (__init_array_start = .)
 *(SORT_BY_NAME(.init_array.*))
 .init_array.00000
                0x00000000080057a0        0x4 /opt/homebrew/Cellar/arm-none-eabi-gcc/10.3-2021.07/gcc/bin/../lib/gcc/arm-none-eabi/10.3.1/../../../../arm-none-eabi/lib/thumb/v7e-m/nofp/libg.a(lib_a-__call_atexit.o)
 *(.init_array*)
 .init_array    0x00000000080057a4        0x4 /opt/homebrew/Cellar/arm-none-eabi-gcc/10.3-2021.07/gcc/bin/../lib/gcc/arm-none-eabi/10.3.1/thumb/v7e-m/nofp/crtbegin.o
                0x00000000080057a8                PROVIDE (__init_array_end = .)

.fini_array     0x00000000080057a8        0x4
                0x00000000080057a8                PROVIDE (__fini_array_start = .)
 *(SORT_BY_NAME(.fini_array.*))
 *(.fini_array*)
 .fini_array    0x00000000080057a8        0x4 /opt/homebrew/Cellar/arm-none-eabi-gcc/10.3-2021.07/gcc/bin/../lib/gcc/arm-none-eabi/10.3.1/thumb/v7e-m/nofp/crtbegin.o
                0x00000000080057ac                PROVIDE (__fini_array_end = .)
                0x00000000080057ac                _sidata = LOADADDR (.data)

.data           0x0000000020000000      0x43c load address 0x00000000080057ac
                0x0000000020000000                . = ALIGN (0x4)
                0x0000000020000000                _sdata = .
 *(.data)
 *(.data*)
 .data.uwTickFreq
                0x0000000020000000        0x1 CMakeFiles/Base_Moving.elf.dir/Drivers/STM32F4xx_HAL_Driver/Src/stm32f4xx_hal.c.obj
                0x0000000020000000                uwTickFreq
 *fill*         0x0000000020000001        0x3 
 .data.uwTickPrio
                0x0000000020000004        0x4 CMakeFiles/Base_Moving.elf.dir/Drivers/STM32F4xx_HAL_Driver/Src/stm32f4xx_hal.c.obj
                0x0000000020000004                uwTickPrio
 .data.SystemCoreClock
                0x0000000020000008        0x4 CMakeFiles/Base_Moving.elf.dir/Src/system_stm32f4xx.c.obj
                0x0000000020000008                SystemCoreClock
 *fill*         0x000000002000000c        0x4 
 .data.impure_data
                0x0000000020000010      0x428 /opt/homebrew/Cellar/arm-none-eabi-gcc/10.3-2021.07/gcc/bin/../lib/gcc/arm-none-eabi/10.3.1/../../../../arm-none-eabi/lib/thumb/v7e-m/nofp/libg.a(lib_a-impure.o)
 .data.__atexit_recursive_mutex
                0x0000000020000438        0x4 /opt/homebrew/Cellar/arm-none-eabi-gcc/10.3-2021.07/gcc/bin/../lib/gcc/arm-none-eabi/10.3.1/../../../../arm-none-eabi/lib/thumb/v7e-m/nofp/libg.a(lib_a-__call_atexit.o)
                0x0000000020000438                __atexit_recursive_mutex
                0x000000002000043c                . = ALIGN (0x4)
                0x000000002000043c                _edata = .
                0x0000000008005be8                _siccmram = LOADADDR (.ccmram)

.igot.plt       0x000000002000043c        0x0 load address 0x0000000008005be8
 .igot.plt      0x000000002000043c        0x0 /opt/homebrew/Cellar/arm-none-eabi-gcc/10.3-2021.07/gcc/bin/../lib/gcc/arm-none-eabi/10.3.1/thumb/v7e-m/nofp/crtbegin.o

.ccmram         0x0000000010000000        0x0 load address 0x0000000008005be8
                0x0000000010000000                . = ALIGN (0x4)
                0x0000000010000000                _sccmram = .
 *(.ccmram)
 *(.ccmram*)
                0x0000000010000000                . = ALIGN (0x4)
                0x0000000010000000                _eccmram = .
                0x0000000010000000                . = ALIGN (0x4)

.bss            0x000000002000043c      0x674
                0x000000002000043c                _sbss = .
                0x000000002000043c                __bss_start__ = _sbss
 *(.bss)
 .bss           0x000000002000043c       0x1c /opt/homebrew/Cellar/arm-none-eabi-gcc/10.3-2021.07/gcc/bin/../lib/gcc/arm-none-eabi/10.3.1/thumb/v7e-m/nofp/crtbegin.o
 *(.bss*)
 .bss.uwTick    0x0000000020000458        0x4 CMakeFiles/Base_Moving.elf.dir/Drivers/STM32F4xx_HAL_Driver/Src/stm32f4xx_hal.c.obj
                0x0000000020000458                uwTick
 .bss.CAN_Recieved_Message
                0x000000002000045c        0x8 CMakeFiles/Base_Moving.elf.dir/Lib/Src/CAN_Operation.c.obj
                0x000000002000045c                CAN_Recieved_Message
 .bss.Motor_Data_Box
                0x0000000020000464        0x8 CMakeFiles/Base_Moving.elf.dir/Lib/Src/CAN_Operation.c.obj
                0x0000000020000464                Motor_Data_Box
 .bss.Motor_Message_Box
                0x000000002000046c       0x1c CMakeFiles/Base_Moving.elf.dir/Lib/Src/CAN_Operation.c.obj
                0x000000002000046c                Motor_Message_Box
 .bss.Now_Angle_M6020
                0x0000000020000488        0xa CMakeFiles/Base_Moving.elf.dir/Lib/Src/CAN_Operation.c.obj
                0x0000000020000488                Now_Angle_M6020
 *fill*         0x0000000020000492        0x2 
 .bss.Now_Angle_Normal
                0x0000000020000494        0xa CMakeFiles/Base_Moving.elf.dir/Lib/Src/CAN_Operation.c.obj
                0x0000000020000494                Now_Angle_Normal
 *fill*         0x000000002000049e        0x2 
 .bss.Now_Speed_M6020
                0x00000000200004a0        0xa CMakeFiles/Base_Moving.elf.dir/Lib/Src/CAN_Operation.c.obj
                0x00000000200004a0                Now_Speed_M6020
 *fill*         0x00000000200004aa        0x2 
 .bss.Now_Speed_Normal
                0x00000000200004ac        0xa CMakeFiles/Base_Moving.elf.dir/Lib/Src/CAN_Operation.c.obj
                0x00000000200004ac                Now_Speed_Normal
 *fill*         0x00000000200004b6        0x2 
 .bss.Recieved_Message_Box
                0x00000000200004b8       0x1c CMakeFiles/Base_Moving.elf.dir/Lib/Src/CAN_Operation.c.obj
                0x00000000200004b8                Recieved_Message_Box
 .bss.Location_Data
                0x00000000200004d4        0xc CMakeFiles/Base_Moving.elf.dir/Lib/Src/Location_Module_Recieve.c.obj
                0x00000000200004d4                Location_Data
 .bss.Locator_Rx_Data
                0x00000000200004e0       0xc6 CMakeFiles/Base_Moving.elf.dir/Lib/Src/Location_Module_Recieve.c.obj
                0x00000000200004e0                Locator_Rx_Data
 *fill*         0x00000000200005a6        0x2 
 .bss.VegaData_u
                0x00000000200005a8       0x18 CMakeFiles/Base_Moving.elf.dir/Lib/Src/Location_Module_Recieve.c.obj
 .bss.a         0x00000000200005c0        0x4 CMakeFiles/Base_Moving.elf.dir/Lib/Src/Location_Module_Recieve.c.obj
                0x00000000200005c0                a
 .bss.start_locator
                0x00000000200005c4        0x4 CMakeFiles/Base_Moving.elf.dir/Lib/Src/Location_Module_Recieve.c.obj
                0x00000000200005c4                start_locator
 .bss.this_time_rx_len.0
                0x00000000200005c8        0x2 CMakeFiles/Base_Moving.elf.dir/Lib/Src/Location_Module_Recieve.c.obj
 *fill*         0x00000000200005ca        0x2 
 .bss.x         0x00000000200005cc        0x4 CMakeFiles/Base_Moving.elf.dir/Lib/Src/Location_Module_Recieve.c.obj
                0x00000000200005cc                x
 .bss.y         0x00000000200005d0        0x4 CMakeFiles/Base_Moving.elf.dir/Lib/Src/Location_Module_Recieve.c.obj
                0x00000000200005d0                y
 .bss.Angle_PID
                0x00000000200005d4       0x38 CMakeFiles/Base_Moving.elf.dir/Lib/Src/Navi_Control.c.obj
                0x00000000200005d4                Angle_PID
 .bss.X_PID     0x000000002000060c       0x38 CMakeFiles/Base_Moving.elf.dir/Lib/Src/Navi_Control.c.obj
                0x000000002000060c                X_PID
 .bss.Y_PID     0x0000000020000644       0x38 CMakeFiles/Base_Moving.elf.dir/Lib/Src/Navi_Control.c.obj
                0x0000000020000644                Y_PID
 .bss.Current   0x000000002000067c        0xa CMakeFiles/Base_Moving.elf.dir/Lib/Src/PID_Controlor.c.obj
                0x000000002000067c                Current
 *fill*         0x0000000020000686        0x2 
 .bss.PID_Control_Num
                0x0000000020000688      0x1c0 CMakeFiles/Base_Moving.elf.dir/Lib/Src/PID_Controlor.c.obj
                0x0000000020000688                PID_Control_Num
 .bss.Remote_Controller_Data
                0x0000000020000848       0x16 CMakeFiles/Base_Moving.elf.dir/Lib/Src/Remote_Controller.c.obj
                0x0000000020000848                Remote_Controller_Data
 *fill*         0x000000002000085e        0x2 
 .bss.SBUS_RX_Buf
                0x0000000020000860       0x48 CMakeFiles/Base_Moving.elf.dir/Lib/Src/Remote_Controller.c.obj
                0x0000000020000860                SBUS_RX_Buf
 .bss.start_Remote
                0x00000000200008a8        0x4 CMakeFiles/Base_Moving.elf.dir/Lib/Src/Remote_Controller.c.obj
                0x00000000200008a8                start_Remote
 .bss.this_time_rx_len.0
                0x00000000200008ac        0x2 CMakeFiles/Base_Moving.elf.dir/Lib/Src/Remote_Controller.c.obj
 *fill*         0x00000000200008ae        0x2 
 .bss.HAL_RCC_CAN1_CLK_ENABLED
                0x00000000200008b0        0x4 CMakeFiles/Base_Moving.elf.dir/Src/can.c.obj
 .bss.hcan1     0x00000000200008b4       0x28 CMakeFiles/Base_Moving.elf.dir/Src/can.c.obj
                0x00000000200008b4                hcan1
 .bss.hcan2     0x00000000200008dc       0x28 CMakeFiles/Base_Moving.elf.dir/Src/can.c.obj
                0x00000000200008dc                hcan2
 .bss.hdma_usart1_rx
                0x0000000020000904       0x60 CMakeFiles/Base_Moving.elf.dir/Src/usart.c.obj
                0x0000000020000904                hdma_usart1_rx
 .bss.hdma_usart1_tx
                0x0000000020000964       0x60 CMakeFiles/Base_Moving.elf.dir/Src/usart.c.obj
                0x0000000020000964                hdma_usart1_tx
 .bss.hdma_usart3_rx
                0x00000000200009c4       0x60 CMakeFiles/Base_Moving.elf.dir/Src/usart.c.obj
                0x00000000200009c4                hdma_usart3_rx
 .bss.huart1    0x0000000020000a24       0x44 CMakeFiles/Base_Moving.elf.dir/Src/usart.c.obj
                0x0000000020000a24                huart1
 .bss.huart3    0x0000000020000a68       0x44 CMakeFiles/Base_Moving.elf.dir/Src/usart.c.obj
                0x0000000020000a68                huart3
 .bss.__lock___atexit_recursive_mutex
                0x0000000020000aac        0x1 /opt/homebrew/Cellar/arm-none-eabi-gcc/10.3-2021.07/gcc/bin/../lib/gcc/arm-none-eabi/10.3.1/../../../../arm-none-eabi/lib/thumb/v7e-m/nofp/libg.a(lib_a-lock.o)
                0x0000000020000aac                __lock___atexit_recursive_mutex
 *(COMMON)
                0x0000000020000ab0                . = ALIGN (0x4)
 *fill*         0x0000000020000aad        0x3 
                0x0000000020000ab0                _ebss = .
                0x0000000020000ab0                __bss_end__ = _ebss

._user_heap_stack
                0x0000000020000ab0      0x600
                0x0000000020000ab0                . = ALIGN (0x8)
                0x0000000020000ab0                PROVIDE (end = .)
                [!provide]                        PROVIDE (_end = .)
                0x0000000020000cb0                . = (. + _Min_Heap_Size)
 *fill*         0x0000000020000ab0      0x200 
                0x00000000200010b0                . = (. + _Min_Stack_Size)
 *fill*         0x0000000020000cb0      0x400 
                0x00000000200010b0                . = ALIGN (0x8)

/DISCARD/
 libc.a(*)
 libm.a(*)
 libgcc.a(*)

.ARM.attributes
                0x0000000000000000       0x2a
 *(.ARM.attributes)
 .ARM.attributes
                0x0000000000000000       0x1e /opt/homebrew/Cellar/arm-none-eabi-gcc/10.3-2021.07/gcc/bin/../lib/gcc/arm-none-eabi/10.3.1/thumb/v7e-m/nofp/crti.o
 .ARM.attributes
                0x000000000000001e       0x2e /opt/homebrew/Cellar/arm-none-eabi-gcc/10.3-2021.07/gcc/bin/../lib/gcc/arm-none-eabi/10.3.1/thumb/v7e-m/nofp/crtbegin.o
 .ARM.attributes
                0x000000000000004c       0x2e CMakeFiles/Base_Moving.elf.dir/Drivers/STM32F4xx_HAL_Driver/Src/stm32f4xx_hal.c.obj
 .ARM.attributes
                0x000000000000007a       0x2e CMakeFiles/Base_Moving.elf.dir/Drivers/STM32F4xx_HAL_Driver/Src/stm32f4xx_hal_can.c.obj
 .ARM.attributes
                0x00000000000000a8       0x2e CMakeFiles/Base_Moving.elf.dir/Drivers/STM32F4xx_HAL_Driver/Src/stm32f4xx_hal_cortex.c.obj
 .ARM.attributes
                0x00000000000000d6       0x2e CMakeFiles/Base_Moving.elf.dir/Drivers/STM32F4xx_HAL_Driver/Src/stm32f4xx_hal_dma.c.obj
 .ARM.attributes
                0x0000000000000104       0x2e CMakeFiles/Base_Moving.elf.dir/Drivers/STM32F4xx_HAL_Driver/Src/stm32f4xx_hal_gpio.c.obj
 .ARM.attributes
                0x0000000000000132       0x2e CMakeFiles/Base_Moving.elf.dir/Drivers/STM32F4xx_HAL_Driver/Src/stm32f4xx_hal_rcc.c.obj
 .ARM.attributes
                0x0000000000000160       0x2e CMakeFiles/Base_Moving.elf.dir/Drivers/STM32F4xx_HAL_Driver/Src/stm32f4xx_hal_uart.c.obj
 .ARM.attributes
                0x000000000000018e       0x2e CMakeFiles/Base_Moving.elf.dir/Lib/Src/CAN_Operation.c.obj
 .ARM.attributes
                0x00000000000001bc       0x2e CMakeFiles/Base_Moving.elf.dir/Lib/Src/Location_Module_Recieve.c.obj
 .ARM.attributes
                0x00000000000001ea       0x2e CMakeFiles/Base_Moving.elf.dir/Lib/Src/Move_Controlor.c.obj
 .ARM.attributes
                0x0000000000000218       0x2e CMakeFiles/Base_Moving.elf.dir/Lib/Src/Navi_Control.c.obj
 .ARM.attributes
                0x0000000000000246       0x2e CMakeFiles/Base_Moving.elf.dir/Lib/Src/PID_Controlor.c.obj
 .ARM.attributes
                0x0000000000000274       0x2e CMakeFiles/Base_Moving.elf.dir/Lib/Src/Remote_Controller.c.obj
 .ARM.attributes
                0x00000000000002a2       0x2e CMakeFiles/Base_Moving.elf.dir/Src/can.c.obj
 .ARM.attributes
                0x00000000000002d0       0x2e CMakeFiles/Base_Moving.elf.dir/Src/dma.c.obj
 .ARM.attributes
                0x00000000000002fe       0x2e CMakeFiles/Base_Moving.elf.dir/Src/gpio.c.obj
 .ARM.attributes
                0x000000000000032c       0x2e CMakeFiles/Base_Moving.elf.dir/Src/main.c.obj
 .ARM.attributes
                0x000000000000035a       0x2e CMakeFiles/Base_Moving.elf.dir/Src/stm32f4xx_hal_msp.c.obj
 .ARM.attributes
                0x0000000000000388       0x2e CMakeFiles/Base_Moving.elf.dir/Src/stm32f4xx_it.c.obj
 .ARM.attributes
                0x00000000000003b6       0x2e CMakeFiles/Base_Moving.elf.dir/Src/system_stm32f4xx.c.obj
 .ARM.attributes
                0x00000000000003e4       0x2e CMakeFiles/Base_Moving.elf.dir/Src/usart.c.obj
 .ARM.attributes
                0x0000000000000412       0x21 CMakeFiles/Base_Moving.elf.dir/startup/startup_stm32f407xx.s.obj
 .ARM.attributes
                0x0000000000000433       0x1e /opt/homebrew/Cellar/arm-none-eabi-gcc/10.3-2021.07/gcc/bin/../lib/gcc/arm-none-eabi/10.3.1/thumb/v7e-m/nofp/libgcc.a(_arm_addsubdf3.o)
 .ARM.attributes
                0x0000000000000451       0x1e /opt/homebrew/Cellar/arm-none-eabi-gcc/10.3-2021.07/gcc/bin/../lib/gcc/arm-none-eabi/10.3.1/thumb/v7e-m/nofp/libgcc.a(_arm_truncdfsf2.o)
 .ARM.attributes
                0x000000000000046f       0x1e /opt/homebrew/Cellar/arm-none-eabi-gcc/10.3-2021.07/gcc/bin/../lib/gcc/arm-none-eabi/10.3.1/thumb/v7e-m/nofp/libgcc.a(_arm_addsubsf3.o)
 .ARM.attributes
                0x000000000000048d       0x1e /opt/homebrew/Cellar/arm-none-eabi-gcc/10.3-2021.07/gcc/bin/../lib/gcc/arm-none-eabi/10.3.1/thumb/v7e-m/nofp/libgcc.a(_arm_muldivsf3.o)
 .ARM.attributes
                0x00000000000004ab       0x1e /opt/homebrew/Cellar/arm-none-eabi-gcc/10.3-2021.07/gcc/bin/../lib/gcc/arm-none-eabi/10.3.1/thumb/v7e-m/nofp/libgcc.a(_arm_cmpsf2.o)
 .ARM.attributes
                0x00000000000004c9       0x1e /opt/homebrew/Cellar/arm-none-eabi-gcc/10.3-2021.07/gcc/bin/../lib/gcc/arm-none-eabi/10.3.1/thumb/v7e-m/nofp/libgcc.a(_arm_fixsfsi.o)
 .ARM.attributes
                0x00000000000004e7       0x1e /opt/homebrew/Cellar/arm-none-eabi-gcc/10.3-2021.07/gcc/bin/../lib/gcc/arm-none-eabi/10.3.1/thumb/v7e-m/nofp/libgcc.a(_aeabi_uldivmod.o)
 .ARM.attributes
                0x0000000000000505       0x2e /opt/homebrew/Cellar/arm-none-eabi-gcc/10.3-2021.07/gcc/bin/../lib/gcc/arm-none-eabi/10.3.1/thumb/v7e-m/nofp/libgcc.a(_udivmoddi4.o)
 .ARM.attributes
                0x0000000000000533       0x1e /opt/homebrew/Cellar/arm-none-eabi-gcc/10.3-2021.07/gcc/bin/../lib/gcc/arm-none-eabi/10.3.1/thumb/v7e-m/nofp/libgcc.a(_dvmd_tls.o)
 .ARM.attributes
                0x0000000000000551       0x2e /opt/homebrew/Cellar/arm-none-eabi-gcc/10.3-2021.07/gcc/bin/../lib/gcc/arm-none-eabi/10.3.1/../../../../arm-none-eabi/lib/thumb/v7e-m/nofp/libg.a(lib_a-impure.o)
 .ARM.attributes
                0x000000000000057f       0x2e /opt/homebrew/Cellar/arm-none-eabi-gcc/10.3-2021.07/gcc/bin/../lib/gcc/arm-none-eabi/10.3.1/../../../../arm-none-eabi/lib/thumb/v7e-m/nofp/libg.a(lib_a-init.o)
 .ARM.attributes
                0x00000000000005ad       0x2e /opt/homebrew/Cellar/arm-none-eabi-gcc/10.3-2021.07/gcc/bin/../lib/gcc/arm-none-eabi/10.3.1/../../../../arm-none-eabi/lib/thumb/v7e-m/nofp/libg.a(lib_a-memset.o)
 .ARM.attributes
                0x00000000000005db       0x2e /opt/homebrew/Cellar/arm-none-eabi-gcc/10.3-2021.07/gcc/bin/../lib/gcc/arm-none-eabi/10.3.1/../../../../arm-none-eabi/lib/thumb/v7e-m/nofp/libg.a(lib_a-__call_atexit.o)
 .ARM.attributes
                0x0000000000000609       0x2e /opt/homebrew/Cellar/arm-none-eabi-gcc/10.3-2021.07/gcc/bin/../lib/gcc/arm-none-eabi/10.3.1/../../../../arm-none-eabi/lib/thumb/v7e-m/nofp/libg.a(lib_a-atexit.o)
 .ARM.attributes
                0x0000000000000637       0x2e /opt/homebrew/Cellar/arm-none-eabi-gcc/10.3-2021.07/gcc/bin/../lib/gcc/arm-none-eabi/10.3.1/../../../../arm-none-eabi/lib/thumb/v7e-m/nofp/libg.a(lib_a-fini.o)
 .ARM.attributes
                0x0000000000000665       0x2e /opt/homebrew/Cellar/arm-none-eabi-gcc/10.3-2021.07/gcc/bin/../lib/gcc/arm-none-eabi/10.3.1/../../../../arm-none-eabi/lib/thumb/v7e-m/nofp/libg.a(lib_a-lock.o)
 .ARM.attributes
                0x0000000000000693       0x2e /opt/homebrew/Cellar/arm-none-eabi-gcc/10.3-2021.07/gcc/bin/../lib/gcc/arm-none-eabi/10.3.1/../../../../arm-none-eabi/lib/thumb/v7e-m/nofp/libg.a(lib_a-__atexit.o)
 .ARM.attributes
                0x00000000000006c1       0x1e /opt/homebrew/Cellar/arm-none-eabi-gcc/10.3-2021.07/gcc/bin/../lib/gcc/arm-none-eabi/10.3.1/thumb/v7e-m/nofp/libgcc.a(_arm_muldivdf3.o)
 .ARM.attributes
                0x00000000000006df       0x1e /opt/homebrew/Cellar/arm-none-eabi-gcc/10.3-2021.07/gcc/bin/../lib/gcc/arm-none-eabi/10.3.1/thumb/v7e-m/nofp/libgcc.a(_arm_cmpdf2.o)
 .ARM.attributes
                0x00000000000006fd       0x1e /opt/homebrew/Cellar/arm-none-eabi-gcc/10.3-2021.07/gcc/bin/../lib/gcc/arm-none-eabi/10.3.1/thumb/v7e-m/nofp/libgcc.a(_arm_fixdfsi.o)
 .ARM.attributes
                0x000000000000071b       0x1e /opt/homebrew/Cellar/arm-none-eabi-gcc/10.3-2021.07/gcc/bin/../lib/gcc/arm-none-eabi/10.3.1/thumb/v7e-m/nofp/crtn.o
OUTPUT(Base_Moving.elf elf32-littlearm)
LOAD linker stubs
LOAD /opt/homebrew/Cellar/arm-none-eabi-gcc/10.3-2021.07/gcc/bin/../lib/gcc/arm-none-eabi/10.3.1/../../../../arm-none-eabi/lib/thumb/v7e-m/nofp/libc.a
LOAD /opt/homebrew/Cellar/arm-none-eabi-gcc/10.3-2021.07/gcc/bin/../lib/gcc/arm-none-eabi/10.3.1/../../../../arm-none-eabi/lib/thumb/v7e-m/nofp/libm.a
LOAD /opt/homebrew/Cellar/arm-none-eabi-gcc/10.3-2021.07/gcc/bin/../lib/gcc/arm-none-eabi/10.3.1/thumb/v7e-m/nofp/libgcc.a

.debug_info     0x0000000000000000     0xf7b6
 .debug_info    0x0000000000000000      0x9f0 CMakeFiles/Base_Moving.elf.dir/Drivers/STM32F4xx_HAL_Driver/Src/stm32f4xx_hal.c.obj
 .debug_info    0x00000000000009f0     0x126a CMakeFiles/Base_Moving.elf.dir/Drivers/STM32F4xx_HAL_Driver/Src/stm32f4xx_hal_can.c.obj
 .debug_info    0x0000000000001c5a     0x1098 CMakeFiles/Base_Moving.elf.dir/Drivers/STM32F4xx_HAL_Driver/Src/stm32f4xx_hal_cortex.c.obj
 .debug_info    0x0000000000002cf2      0xb3f CMakeFiles/Base_Moving.elf.dir/Drivers/STM32F4xx_HAL_Driver/Src/stm32f4xx_hal_dma.c.obj
 .debug_info    0x0000000000003831      0x7b0 CMakeFiles/Base_Moving.elf.dir/Drivers/STM32F4xx_HAL_Driver/Src/stm32f4xx_hal_gpio.c.obj
 .debug_info    0x0000000000003fe1      0xb03 CMakeFiles/Base_Moving.elf.dir/Drivers/STM32F4xx_HAL_Driver/Src/stm32f4xx_hal_rcc.c.obj
 .debug_info    0x0000000000004ae4     0x4233 CMakeFiles/Base_Moving.elf.dir/Drivers/STM32F4xx_HAL_Driver/Src/stm32f4xx_hal_uart.c.obj
 .debug_info    0x0000000000008d17      0xb70 CMakeFiles/Base_Moving.elf.dir/Lib/Src/CAN_Operation.c.obj
 .debug_info    0x0000000000009887      0xa1c CMakeFiles/Base_Moving.elf.dir/Lib/Src/Location_Module_Recieve.c.obj
 .debug_info    0x000000000000a2a3      0x419 CMakeFiles/Base_Moving.elf.dir/Lib/Src/Move_Controlor.c.obj
 .debug_info    0x000000000000a6bc      0x46a CMakeFiles/Base_Moving.elf.dir/Lib/Src/Navi_Control.c.obj
 .debug_info    0x000000000000ab26      0x3f7 CMakeFiles/Base_Moving.elf.dir/Lib/Src/PID_Controlor.c.obj
 .debug_info    0x000000000000af1d      0xac7 CMakeFiles/Base_Moving.elf.dir/Lib/Src/Remote_Controller.c.obj
 .debug_info    0x000000000000b9e4      0xcb6 CMakeFiles/Base_Moving.elf.dir/Src/can.c.obj
 .debug_info    0x000000000000c69a      0x581 CMakeFiles/Base_Moving.elf.dir/Src/dma.c.obj
 .debug_info    0x000000000000cc1b      0x496 CMakeFiles/Base_Moving.elf.dir/Src/gpio.c.obj
 .debug_info    0x000000000000d0b1      0x998 CMakeFiles/Base_Moving.elf.dir/Src/main.c.obj
 .debug_info    0x000000000000da49      0x2a4 CMakeFiles/Base_Moving.elf.dir/Src/stm32f4xx_hal_msp.c.obj
 .debug_info    0x000000000000dced      0x897 CMakeFiles/Base_Moving.elf.dir/Src/stm32f4xx_it.c.obj
 .debug_info    0x000000000000e584      0x37d CMakeFiles/Base_Moving.elf.dir/Src/system_stm32f4xx.c.obj
 .debug_info    0x000000000000e901      0xe93 CMakeFiles/Base_Moving.elf.dir/Src/usart.c.obj
 .debug_info    0x000000000000f794       0x22 CMakeFiles/Base_Moving.elf.dir/startup/startup_stm32f407xx.s.obj

.debug_abbrev   0x0000000000000000     0x299e
 .debug_abbrev  0x0000000000000000      0x206 CMakeFiles/Base_Moving.elf.dir/Drivers/STM32F4xx_HAL_Driver/Src/stm32f4xx_hal.c.obj
 .debug_abbrev  0x0000000000000206      0x267 CMakeFiles/Base_Moving.elf.dir/Drivers/STM32F4xx_HAL_Driver/Src/stm32f4xx_hal_can.c.obj
 .debug_abbrev  0x000000000000046d      0x36a CMakeFiles/Base_Moving.elf.dir/Drivers/STM32F4xx_HAL_Driver/Src/stm32f4xx_hal_cortex.c.obj
 .debug_abbrev  0x00000000000007d7      0x2c2 CMakeFiles/Base_Moving.elf.dir/Drivers/STM32F4xx_HAL_Driver/Src/stm32f4xx_hal_dma.c.obj
 .debug_abbrev  0x0000000000000a99      0x1ef CMakeFiles/Base_Moving.elf.dir/Drivers/STM32F4xx_HAL_Driver/Src/stm32f4xx_hal_gpio.c.obj
 .debug_abbrev  0x0000000000000c88      0x28a CMakeFiles/Base_Moving.elf.dir/Drivers/STM32F4xx_HAL_Driver/Src/stm32f4xx_hal_rcc.c.obj
 .debug_abbrev  0x0000000000000f12      0x2f6 CMakeFiles/Base_Moving.elf.dir/Drivers/STM32F4xx_HAL_Driver/Src/stm32f4xx_hal_uart.c.obj
 .debug_abbrev  0x0000000000001208      0x244 CMakeFiles/Base_Moving.elf.dir/Lib/Src/CAN_Operation.c.obj
 .debug_abbrev  0x000000000000144c      0x27f CMakeFiles/Base_Moving.elf.dir/Lib/Src/Location_Module_Recieve.c.obj
 .debug_abbrev  0x00000000000016cb      0x180 CMakeFiles/Base_Moving.elf.dir/Lib/Src/Move_Controlor.c.obj
 .debug_abbrev  0x000000000000184b      0x18c CMakeFiles/Base_Moving.elf.dir/Lib/Src/Navi_Control.c.obj
 .debug_abbrev  0x00000000000019d7      0x178 CMakeFiles/Base_Moving.elf.dir/Lib/Src/PID_Controlor.c.obj
 .debug_abbrev  0x0000000000001b4f      0x239 CMakeFiles/Base_Moving.elf.dir/Lib/Src/Remote_Controller.c.obj
 .debug_abbrev  0x0000000000001d88      0x1f6 CMakeFiles/Base_Moving.elf.dir/Src/can.c.obj
 .debug_abbrev  0x0000000000001f7e      0x126 CMakeFiles/Base_Moving.elf.dir/Src/dma.c.obj
 .debug_abbrev  0x00000000000020a4      0x14e CMakeFiles/Base_Moving.elf.dir/Src/gpio.c.obj
 .debug_abbrev  0x00000000000021f2      0x1ea CMakeFiles/Base_Moving.elf.dir/Src/main.c.obj
 .debug_abbrev  0x00000000000023dc       0xd1 CMakeFiles/Base_Moving.elf.dir/Src/stm32f4xx_hal_msp.c.obj
 .debug_abbrev  0x00000000000024ad      0x1d7 CMakeFiles/Base_Moving.elf.dir/Src/stm32f4xx_it.c.obj
 .debug_abbrev  0x0000000000002684      0x119 CMakeFiles/Base_Moving.elf.dir/Src/system_stm32f4xx.c.obj
 .debug_abbrev  0x000000000000279d      0x1ef CMakeFiles/Base_Moving.elf.dir/Src/usart.c.obj
 .debug_abbrev  0x000000000000298c       0x12 CMakeFiles/Base_Moving.elf.dir/startup/startup_stm32f407xx.s.obj

.debug_loc      0x0000000000000000     0x823f
 .debug_loc     0x0000000000000000      0x141 CMakeFiles/Base_Moving.elf.dir/Drivers/STM32F4xx_HAL_Driver/Src/stm32f4xx_hal.c.obj
 .debug_loc     0x0000000000000141      0xde6 CMakeFiles/Base_Moving.elf.dir/Drivers/STM32F4xx_HAL_Driver/Src/stm32f4xx_hal_can.c.obj
 .debug_loc     0x0000000000000f27      0x744 CMakeFiles/Base_Moving.elf.dir/Drivers/STM32F4xx_HAL_Driver/Src/stm32f4xx_hal_cortex.c.obj
 .debug_loc     0x000000000000166b      0xbf9 CMakeFiles/Base_Moving.elf.dir/Drivers/STM32F4xx_HAL_Driver/Src/stm32f4xx_hal_dma.c.obj
 .debug_loc     0x0000000000002264      0x520 CMakeFiles/Base_Moving.elf.dir/Drivers/STM32F4xx_HAL_Driver/Src/stm32f4xx_hal_gpio.c.obj
 .debug_loc     0x0000000000002784      0x58c CMakeFiles/Base_Moving.elf.dir/Drivers/STM32F4xx_HAL_Driver/Src/stm32f4xx_hal_rcc.c.obj
 .debug_loc     0x0000000000002d10     0x49eb CMakeFiles/Base_Moving.elf.dir/Drivers/STM32F4xx_HAL_Driver/Src/stm32f4xx_hal_uart.c.obj
 .debug_loc     0x00000000000076fb      0x277 CMakeFiles/Base_Moving.elf.dir/Lib/Src/CAN_Operation.c.obj
 .debug_loc     0x0000000000007972       0x97 CMakeFiles/Base_Moving.elf.dir/Lib/Src/Location_Module_Recieve.c.obj
 .debug_loc     0x0000000000007a09      0x205 CMakeFiles/Base_Moving.elf.dir/Lib/Src/Move_Controlor.c.obj
 .debug_loc     0x0000000000007c0e      0x14b CMakeFiles/Base_Moving.elf.dir/Lib/Src/Navi_Control.c.obj
 .debug_loc     0x0000000000007d59       0xb6 CMakeFiles/Base_Moving.elf.dir/Lib/Src/PID_Controlor.c.obj
 .debug_loc     0x0000000000007e0f      0x161 CMakeFiles/Base_Moving.elf.dir/Lib/Src/Remote_Controller.c.obj
 .debug_loc     0x0000000000007f70       0xcb CMakeFiles/Base_Moving.elf.dir/Src/can.c.obj
 .debug_loc     0x000000000000803b      0x158 CMakeFiles/Base_Moving.elf.dir/Src/system_stm32f4xx.c.obj
 .debug_loc     0x0000000000008193       0xac CMakeFiles/Base_Moving.elf.dir/Src/usart.c.obj

.debug_aranges  0x0000000000000000      0x988
 .debug_aranges
                0x0000000000000000       0xf0 CMakeFiles/Base_Moving.elf.dir/Drivers/STM32F4xx_HAL_Driver/Src/stm32f4xx_hal.c.obj
 .debug_aranges
                0x00000000000000f0      0x138 CMakeFiles/Base_Moving.elf.dir/Drivers/STM32F4xx_HAL_Driver/Src/stm32f4xx_hal_can.c.obj
 .debug_aranges
                0x0000000000000228       0xa8 CMakeFiles/Base_Moving.elf.dir/Drivers/STM32F4xx_HAL_Driver/Src/stm32f4xx_hal_cortex.c.obj
 .debug_aranges
                0x00000000000002d0       0x90 CMakeFiles/Base_Moving.elf.dir/Drivers/STM32F4xx_HAL_Driver/Src/stm32f4xx_hal_dma.c.obj
 .debug_aranges
                0x0000000000000360       0x58 CMakeFiles/Base_Moving.elf.dir/Drivers/STM32F4xx_HAL_Driver/Src/stm32f4xx_hal_gpio.c.obj
 .debug_aranges
                0x00000000000003b8       0x88 CMakeFiles/Base_Moving.elf.dir/Drivers/STM32F4xx_HAL_Driver/Src/stm32f4xx_hal_rcc.c.obj
 .debug_aranges
                0x0000000000000440      0x200 CMakeFiles/Base_Moving.elf.dir/Drivers/STM32F4xx_HAL_Driver/Src/stm32f4xx_hal_uart.c.obj
 .debug_aranges
                0x0000000000000640       0x50 CMakeFiles/Base_Moving.elf.dir/Lib/Src/CAN_Operation.c.obj
 .debug_aranges
                0x0000000000000690       0x38 CMakeFiles/Base_Moving.elf.dir/Lib/Src/Location_Module_Recieve.c.obj
 .debug_aranges
                0x00000000000006c8       0x28 CMakeFiles/Base_Moving.elf.dir/Lib/Src/Move_Controlor.c.obj
 .debug_aranges
                0x00000000000006f0       0x48 CMakeFiles/Base_Moving.elf.dir/Lib/Src/Navi_Control.c.obj
 .debug_aranges
                0x0000000000000738       0x38 CMakeFiles/Base_Moving.elf.dir/Lib/Src/PID_Controlor.c.obj
 .debug_aranges
                0x0000000000000770       0x40 CMakeFiles/Base_Moving.elf.dir/Lib/Src/Remote_Controller.c.obj
 .debug_aranges
                0x00000000000007b0       0x38 CMakeFiles/Base_Moving.elf.dir/Src/can.c.obj
 .debug_aranges
                0x00000000000007e8       0x20 CMakeFiles/Base_Moving.elf.dir/Src/dma.c.obj
 .debug_aranges
                0x0000000000000808       0x20 CMakeFiles/Base_Moving.elf.dir/Src/gpio.c.obj
 .debug_aranges
                0x0000000000000828       0x30 CMakeFiles/Base_Moving.elf.dir/Src/main.c.obj
 .debug_aranges
                0x0000000000000858       0x20 CMakeFiles/Base_Moving.elf.dir/Src/stm32f4xx_hal_msp.c.obj
 .debug_aranges
                0x0000000000000878       0x88 CMakeFiles/Base_Moving.elf.dir/Src/stm32f4xx_it.c.obj
 .debug_aranges
                0x0000000000000900       0x28 CMakeFiles/Base_Moving.elf.dir/Src/system_stm32f4xx.c.obj
 .debug_aranges
                0x0000000000000928       0x38 CMakeFiles/Base_Moving.elf.dir/Src/usart.c.obj
 .debug_aranges
                0x0000000000000960       0x28 CMakeFiles/Base_Moving.elf.dir/startup/startup_stm32f407xx.s.obj

.debug_ranges   0x0000000000000000      0x8d8
 .debug_ranges  0x0000000000000000       0xe0 CMakeFiles/Base_Moving.elf.dir/Drivers/STM32F4xx_HAL_Driver/Src/stm32f4xx_hal.c.obj
 .debug_ranges  0x00000000000000e0      0x128 CMakeFiles/Base_Moving.elf.dir/Drivers/STM32F4xx_HAL_Driver/Src/stm32f4xx_hal_can.c.obj
 .debug_ranges  0x0000000000000208       0xf8 CMakeFiles/Base_Moving.elf.dir/Drivers/STM32F4xx_HAL_Driver/Src/stm32f4xx_hal_cortex.c.obj
 .debug_ranges  0x0000000000000300       0x80 CMakeFiles/Base_Moving.elf.dir/Drivers/STM32F4xx_HAL_Driver/Src/stm32f4xx_hal_dma.c.obj
 .debug_ranges  0x0000000000000380       0x48 CMakeFiles/Base_Moving.elf.dir/Drivers/STM32F4xx_HAL_Driver/Src/stm32f4xx_hal_gpio.c.obj
 .debug_ranges  0x00000000000003c8       0x90 CMakeFiles/Base_Moving.elf.dir/Drivers/STM32F4xx_HAL_Driver/Src/stm32f4xx_hal_rcc.c.obj
 .debug_ranges  0x0000000000000458      0x208 CMakeFiles/Base_Moving.elf.dir/Drivers/STM32F4xx_HAL_Driver/Src/stm32f4xx_hal_uart.c.obj
 .debug_ranges  0x0000000000000660       0x40 CMakeFiles/Base_Moving.elf.dir/Lib/Src/CAN_Operation.c.obj
 .debug_ranges  0x00000000000006a0       0x28 CMakeFiles/Base_Moving.elf.dir/Lib/Src/Location_Module_Recieve.c.obj
 .debug_ranges  0x00000000000006c8       0x30 CMakeFiles/Base_Moving.elf.dir/Lib/Src/Move_Controlor.c.obj
 .debug_ranges  0x00000000000006f8       0x38 CMakeFiles/Base_Moving.elf.dir/Lib/Src/Navi_Control.c.obj
 .debug_ranges  0x0000000000000730       0x28 CMakeFiles/Base_Moving.elf.dir/Lib/Src/PID_Controlor.c.obj
 .debug_ranges  0x0000000000000758       0x30 CMakeFiles/Base_Moving.elf.dir/Lib/Src/Remote_Controller.c.obj
 .debug_ranges  0x0000000000000788       0x28 CMakeFiles/Base_Moving.elf.dir/Src/can.c.obj
 .debug_ranges  0x00000000000007b0       0x10 CMakeFiles/Base_Moving.elf.dir/Src/dma.c.obj
 .debug_ranges  0x00000000000007c0       0x10 CMakeFiles/Base_Moving.elf.dir/Src/gpio.c.obj
 .debug_ranges  0x00000000000007d0       0x20 CMakeFiles/Base_Moving.elf.dir/Src/main.c.obj
 .debug_ranges  0x00000000000007f0       0x10 CMakeFiles/Base_Moving.elf.dir/Src/stm32f4xx_hal_msp.c.obj
 .debug_ranges  0x0000000000000800       0x78 CMakeFiles/Base_Moving.elf.dir/Src/stm32f4xx_it.c.obj
 .debug_ranges  0x0000000000000878       0x18 CMakeFiles/Base_Moving.elf.dir/Src/system_stm32f4xx.c.obj
 .debug_ranges  0x0000000000000890       0x28 CMakeFiles/Base_Moving.elf.dir/Src/usart.c.obj
 .debug_ranges  0x00000000000008b8       0x20 CMakeFiles/Base_Moving.elf.dir/startup/startup_stm32f407xx.s.obj

.debug_line     0x0000000000000000     0xc3fc
 .debug_line    0x0000000000000000      0x63f CMakeFiles/Base_Moving.elf.dir/Drivers/STM32F4xx_HAL_Driver/Src/stm32f4xx_hal.c.obj
 .debug_line    0x000000000000063f     0x11b7 CMakeFiles/Base_Moving.elf.dir/Drivers/STM32F4xx_HAL_Driver/Src/stm32f4xx_hal_can.c.obj
 .debug_line    0x00000000000017f6      0x852 CMakeFiles/Base_Moving.elf.dir/Drivers/STM32F4xx_HAL_Driver/Src/stm32f4xx_hal_cortex.c.obj
 .debug_line    0x0000000000002048      0xece CMakeFiles/Base_Moving.elf.dir/Drivers/STM32F4xx_HAL_Driver/Src/stm32f4xx_hal_dma.c.obj
 .debug_line    0x0000000000002f16      0x787 CMakeFiles/Base_Moving.elf.dir/Drivers/STM32F4xx_HAL_Driver/Src/stm32f4xx_hal_gpio.c.obj
 .debug_line    0x000000000000369d      0xbb5 CMakeFiles/Base_Moving.elf.dir/Drivers/STM32F4xx_HAL_Driver/Src/stm32f4xx_hal_rcc.c.obj
 .debug_line    0x0000000000004252     0x46b2 CMakeFiles/Base_Moving.elf.dir/Drivers/STM32F4xx_HAL_Driver/Src/stm32f4xx_hal_uart.c.obj
 .debug_line    0x0000000000008904      0x631 CMakeFiles/Base_Moving.elf.dir/Lib/Src/CAN_Operation.c.obj
 .debug_line    0x0000000000008f35      0x5da CMakeFiles/Base_Moving.elf.dir/Lib/Src/Location_Module_Recieve.c.obj
 .debug_line    0x000000000000950f      0x3a2 CMakeFiles/Base_Moving.elf.dir/Lib/Src/Move_Controlor.c.obj
 .debug_line    0x00000000000098b1      0x338 CMakeFiles/Base_Moving.elf.dir/Lib/Src/Navi_Control.c.obj
 .debug_line    0x0000000000009be9      0x333 CMakeFiles/Base_Moving.elf.dir/Lib/Src/PID_Controlor.c.obj
 .debug_line    0x0000000000009f1c      0x68e CMakeFiles/Base_Moving.elf.dir/Lib/Src/Remote_Controller.c.obj
 .debug_line    0x000000000000a5aa      0x59b CMakeFiles/Base_Moving.elf.dir/Src/can.c.obj
 .debug_line    0x000000000000ab45      0x22e CMakeFiles/Base_Moving.elf.dir/Src/dma.c.obj
 .debug_line    0x000000000000ad73      0x263 CMakeFiles/Base_Moving.elf.dir/Src/gpio.c.obj
 .debug_line    0x000000000000afd6      0x564 CMakeFiles/Base_Moving.elf.dir/Src/main.c.obj
 .debug_line    0x000000000000b53a      0x1c8 CMakeFiles/Base_Moving.elf.dir/Src/stm32f4xx_hal_msp.c.obj
 .debug_line    0x000000000000b702      0x3e3 CMakeFiles/Base_Moving.elf.dir/Src/stm32f4xx_it.c.obj
 .debug_line    0x000000000000bae5      0x290 CMakeFiles/Base_Moving.elf.dir/Src/system_stm32f4xx.c.obj
 .debug_line    0x000000000000bd75      0x5d5 CMakeFiles/Base_Moving.elf.dir/Src/usart.c.obj
 .debug_line    0x000000000000c34a       0xb2 CMakeFiles/Base_Moving.elf.dir/startup/startup_stm32f407xx.s.obj

.debug_str      0x0000000000000000     0x3717
 .debug_str     0x0000000000000000      0xb55 CMakeFiles/Base_Moving.elf.dir/Drivers/STM32F4xx_HAL_Driver/Src/stm32f4xx_hal.c.obj
                                        0xbae (size before relaxing)
 .debug_str     0x0000000000000b55      0x7fc CMakeFiles/Base_Moving.elf.dir/Drivers/STM32F4xx_HAL_Driver/Src/stm32f4xx_hal_can.c.obj
                                        0xa9f (size before relaxing)
 .debug_str     0x0000000000001351      0x4dc CMakeFiles/Base_Moving.elf.dir/Drivers/STM32F4xx_HAL_Driver/Src/stm32f4xx_hal_cortex.c.obj
                                        0xc80 (size before relaxing)
 .debug_str     0x000000000000182d      0x540 CMakeFiles/Base_Moving.elf.dir/Drivers/STM32F4xx_HAL_Driver/Src/stm32f4xx_hal_dma.c.obj
                                        0x7ca (size before relaxing)
 .debug_str     0x0000000000001d6d      0x209 CMakeFiles/Base_Moving.elf.dir/Drivers/STM32F4xx_HAL_Driver/Src/stm32f4xx_hal_gpio.c.obj
                                        0x534 (size before relaxing)
 .debug_str     0x0000000000001f76      0x352 CMakeFiles/Base_Moving.elf.dir/Drivers/STM32F4xx_HAL_Driver/Src/stm32f4xx_hal_rcc.c.obj
                                        0x75a (size before relaxing)
 .debug_str     0x00000000000022c8      0x82d CMakeFiles/Base_Moving.elf.dir/Drivers/STM32F4xx_HAL_Driver/Src/stm32f4xx_hal_uart.c.obj
                                        0xdad (size before relaxing)
 .debug_str     0x0000000000002af5      0x1da CMakeFiles/Base_Moving.elf.dir/Lib/Src/CAN_Operation.c.obj
                                        0x83a (size before relaxing)
 .debug_str     0x0000000000002ccf      0x1b6 CMakeFiles/Base_Moving.elf.dir/Lib/Src/Location_Module_Recieve.c.obj
                                        0x7e5 (size before relaxing)
 .debug_str     0x0000000000002e85       0xd3 CMakeFiles/Base_Moving.elf.dir/Lib/Src/Move_Controlor.c.obj
                                        0x32f (size before relaxing)
 .debug_str     0x0000000000002f58      0x187 CMakeFiles/Base_Moving.elf.dir/Lib/Src/Navi_Control.c.obj
                                        0x39b (size before relaxing)
 .debug_str     0x00000000000030df       0x8d CMakeFiles/Base_Moving.elf.dir/Lib/Src/PID_Controlor.c.obj
                                        0x38a (size before relaxing)
 .debug_str     0x000000000000316c      0x12f CMakeFiles/Base_Moving.elf.dir/Lib/Src/Remote_Controller.c.obj
                                        0x858 (size before relaxing)
 .debug_str     0x000000000000329b       0x7b CMakeFiles/Base_Moving.elf.dir/Src/can.c.obj
                                        0xbd0 (size before relaxing)
 .debug_str     0x0000000000003316       0x4a CMakeFiles/Base_Moving.elf.dir/Src/dma.c.obj
                                        0x812 (size before relaxing)
 .debug_str     0x0000000000003360       0x4c CMakeFiles/Base_Moving.elf.dir/Src/gpio.c.obj
                                        0x3bb (size before relaxing)
 .debug_str     0x00000000000033ac       0xa8 CMakeFiles/Base_Moving.elf.dir/Src/main.c.obj
                                        0x702 (size before relaxing)
 .debug_str     0x0000000000003454       0x4c CMakeFiles/Base_Moving.elf.dir/Src/stm32f4xx_hal_msp.c.obj
                                        0x30a (size before relaxing)
 .debug_str     0x00000000000034a0      0x156 CMakeFiles/Base_Moving.elf.dir/Src/stm32f4xx_it.c.obj
                                        0x824 (size before relaxing)
 .debug_str     0x00000000000035f6       0x76 CMakeFiles/Base_Moving.elf.dir/Src/system_stm32f4xx.c.obj
                                        0x370 (size before relaxing)
 .debug_str     0x000000000000366c       0x4b CMakeFiles/Base_Moving.elf.dir/Src/usart.c.obj
                                        0xdd9 (size before relaxing)
 .debug_str     0x00000000000036b7       0x60 CMakeFiles/Base_Moving.elf.dir/startup/startup_stm32f407xx.s.obj
                                         0xa6 (size before relaxing)

.comment        0x0000000000000000       0x49
 .comment       0x0000000000000000       0x49 CMakeFiles/Base_Moving.elf.dir/Drivers/STM32F4xx_HAL_Driver/Src/stm32f4xx_hal.c.obj
                                         0x4a (size before relaxing)
 .comment       0x0000000000000049       0x4a CMakeFiles/Base_Moving.elf.dir/Drivers/STM32F4xx_HAL_Driver/Src/stm32f4xx_hal_can.c.obj
 .comment       0x0000000000000049       0x4a CMakeFiles/Base_Moving.elf.dir/Drivers/STM32F4xx_HAL_Driver/Src/stm32f4xx_hal_cortex.c.obj
 .comment       0x0000000000000049       0x4a CMakeFiles/Base_Moving.elf.dir/Drivers/STM32F4xx_HAL_Driver/Src/stm32f4xx_hal_dma.c.obj
 .comment       0x0000000000000049       0x4a CMakeFiles/Base_Moving.elf.dir/Drivers/STM32F4xx_HAL_Driver/Src/stm32f4xx_hal_gpio.c.obj
 .comment       0x0000000000000049       0x4a CMakeFiles/Base_Moving.elf.dir/Drivers/STM32F4xx_HAL_Driver/Src/stm32f4xx_hal_rcc.c.obj
 .comment       0x0000000000000049       0x4a CMakeFiles/Base_Moving.elf.dir/Drivers/STM32F4xx_HAL_Driver/Src/stm32f4xx_hal_uart.c.obj
 .comment       0x0000000000000049       0x4a CMakeFiles/Base_Moving.elf.dir/Lib/Src/CAN_Operation.c.obj
 .comment       0x0000000000000049       0x4a CMakeFiles/Base_Moving.elf.dir/Lib/Src/Location_Module_Recieve.c.obj
 .comment       0x0000000000000049       0x4a CMakeFiles/Base_Moving.elf.dir/Lib/Src/Move_Controlor.c.obj
 .comment       0x0000000000000049       0x4a CMakeFiles/Base_Moving.elf.dir/Lib/Src/Navi_Control.c.obj
 .comment       0x0000000000000049       0x4a CMakeFiles/Base_Moving.elf.dir/Lib/Src/PID_Controlor.c.obj
 .comment       0x0000000000000049       0x4a CMakeFiles/Base_Moving.elf.dir/Lib/Src/Remote_Controller.c.obj
 .comment       0x0000000000000049       0x4a CMakeFiles/Base_Moving.elf.dir/Src/can.c.obj
 .comment       0x0000000000000049       0x4a CMakeFiles/Base_Moving.elf.dir/Src/dma.c.obj
 .comment       0x0000000000000049       0x4a CMakeFiles/Base_Moving.elf.dir/Src/gpio.c.obj
 .comment       0x0000000000000049       0x4a CMakeFiles/Base_Moving.elf.dir/Src/main.c.obj
 .comment       0x0000000000000049       0x4a CMakeFiles/Base_Moving.elf.dir/Src/stm32f4xx_hal_msp.c.obj
 .comment       0x0000000000000049       0x4a CMakeFiles/Base_Moving.elf.dir/Src/stm32f4xx_it.c.obj
 .comment       0x0000000000000049       0x4a CMakeFiles/Base_Moving.elf.dir/Src/system_stm32f4xx.c.obj
 .comment       0x0000000000000049       0x4a CMakeFiles/Base_Moving.elf.dir/Src/usart.c.obj

.debug_frame    0x0000000000000000     0x1c00
 .debug_frame   0x0000000000000000      0x1ec CMakeFiles/Base_Moving.elf.dir/Drivers/STM32F4xx_HAL_Driver/Src/stm32f4xx_hal.c.obj
 .debug_frame   0x00000000000001ec      0x2d0 CMakeFiles/Base_Moving.elf.dir/Drivers/STM32F4xx_HAL_Driver/Src/stm32f4xx_hal_can.c.obj
 .debug_frame   0x00000000000004bc      0x148 CMakeFiles/Base_Moving.elf.dir/Drivers/STM32F4xx_HAL_Driver/Src/stm32f4xx_hal_cortex.c.obj
 .debug_frame   0x0000000000000604      0x188 CMakeFiles/Base_Moving.elf.dir/Drivers/STM32F4xx_HAL_Driver/Src/stm32f4xx_hal_dma.c.obj
 .debug_frame   0x000000000000078c       0xd8 CMakeFiles/Base_Moving.elf.dir/Drivers/STM32F4xx_HAL_Driver/Src/stm32f4xx_hal_gpio.c.obj
 .debug_frame   0x0000000000000864      0x16c CMakeFiles/Base_Moving.elf.dir/Drivers/STM32F4xx_HAL_Driver/Src/stm32f4xx_hal_rcc.c.obj
 .debug_frame   0x00000000000009d0      0x5cc CMakeFiles/Base_Moving.elf.dir/Drivers/STM32F4xx_HAL_Driver/Src/stm32f4xx_hal_uart.c.obj
 .debug_frame   0x0000000000000f9c       0xd8 CMakeFiles/Base_Moving.elf.dir/Lib/Src/CAN_Operation.c.obj
 .debug_frame   0x0000000000001074       0x8c CMakeFiles/Base_Moving.elf.dir/Lib/Src/Location_Module_Recieve.c.obj
 .debug_frame   0x0000000000001100       0x60 CMakeFiles/Base_Moving.elf.dir/Lib/Src/Move_Controlor.c.obj
 .debug_frame   0x0000000000001160       0x9c CMakeFiles/Base_Moving.elf.dir/Lib/Src/Navi_Control.c.obj
 .debug_frame   0x00000000000011fc       0x78 CMakeFiles/Base_Moving.elf.dir/Lib/Src/PID_Controlor.c.obj
 .debug_frame   0x0000000000001274       0xa0 CMakeFiles/Base_Moving.elf.dir/Lib/Src/Remote_Controller.c.obj
 .debug_frame   0x0000000000001314       0x78 CMakeFiles/Base_Moving.elf.dir/Src/can.c.obj
 .debug_frame   0x000000000000138c       0x30 CMakeFiles/Base_Moving.elf.dir/Src/dma.c.obj
 .debug_frame   0x00000000000013bc       0x30 CMakeFiles/Base_Moving.elf.dir/Src/gpio.c.obj
 .debug_frame   0x00000000000013ec       0x58 CMakeFiles/Base_Moving.elf.dir/Src/main.c.obj
 .debug_frame   0x0000000000001444       0x28 CMakeFiles/Base_Moving.elf.dir/Src/stm32f4xx_hal_msp.c.obj
 .debug_frame   0x000000000000146c      0x120 CMakeFiles/Base_Moving.elf.dir/Src/stm32f4xx_it.c.obj
 .debug_frame   0x000000000000158c       0x30 CMakeFiles/Base_Moving.elf.dir/Src/system_stm32f4xx.c.obj
 .debug_frame   0x00000000000015bc       0x80 CMakeFiles/Base_Moving.elf.dir/Src/usart.c.obj
 .debug_frame   0x000000000000163c       0xac /opt/homebrew/Cellar/arm-none-eabi-gcc/10.3-2021.07/gcc/bin/../lib/gcc/arm-none-eabi/10.3.1/thumb/v7e-m/nofp/libgcc.a(_arm_addsubdf3.o)
 .debug_frame   0x00000000000016e8       0x24 /opt/homebrew/Cellar/arm-none-eabi-gcc/10.3-2021.07/gcc/bin/../lib/gcc/arm-none-eabi/10.3.1/thumb/v7e-m/nofp/libgcc.a(_arm_truncdfsf2.o)
 .debug_frame   0x000000000000170c       0x4c /opt/homebrew/Cellar/arm-none-eabi-gcc/10.3-2021.07/gcc/bin/../lib/gcc/arm-none-eabi/10.3.1/thumb/v7e-m/nofp/libgcc.a(_arm_addsubsf3.o)
 .debug_frame   0x0000000000001758       0x38 /opt/homebrew/Cellar/arm-none-eabi-gcc/10.3-2021.07/gcc/bin/../lib/gcc/arm-none-eabi/10.3.1/thumb/v7e-m/nofp/libgcc.a(_arm_muldivsf3.o)
 .debug_frame   0x0000000000001790       0xc8 /opt/homebrew/Cellar/arm-none-eabi-gcc/10.3-2021.07/gcc/bin/../lib/gcc/arm-none-eabi/10.3.1/thumb/v7e-m/nofp/libgcc.a(_arm_cmpsf2.o)
 .debug_frame   0x0000000000001858       0x24 /opt/homebrew/Cellar/arm-none-eabi-gcc/10.3-2021.07/gcc/bin/../lib/gcc/arm-none-eabi/10.3.1/thumb/v7e-m/nofp/libgcc.a(_arm_fixsfsi.o)
 .debug_frame   0x000000000000187c       0x2c /opt/homebrew/Cellar/arm-none-eabi-gcc/10.3-2021.07/gcc/bin/../lib/gcc/arm-none-eabi/10.3.1/thumb/v7e-m/nofp/libgcc.a(_aeabi_uldivmod.o)
 .debug_frame   0x00000000000018a8       0x34 /opt/homebrew/Cellar/arm-none-eabi-gcc/10.3-2021.07/gcc/bin/../lib/gcc/arm-none-eabi/10.3.1/thumb/v7e-m/nofp/libgcc.a(_udivmoddi4.o)
 .debug_frame   0x00000000000018dc       0x2c /opt/homebrew/Cellar/arm-none-eabi-gcc/10.3-2021.07/gcc/bin/../lib/gcc/arm-none-eabi/10.3.1/../../../../arm-none-eabi/lib/thumb/v7e-m/nofp/libg.a(lib_a-init.o)
 .debug_frame   0x0000000000001908       0x2c /opt/homebrew/Cellar/arm-none-eabi-gcc/10.3-2021.07/gcc/bin/../lib/gcc/arm-none-eabi/10.3.1/../../../../arm-none-eabi/lib/thumb/v7e-m/nofp/libg.a(lib_a-memset.o)
 .debug_frame   0x0000000000001934       0x5c /opt/homebrew/Cellar/arm-none-eabi-gcc/10.3-2021.07/gcc/bin/../lib/gcc/arm-none-eabi/10.3.1/../../../../arm-none-eabi/lib/thumb/v7e-m/nofp/libg.a(lib_a-__call_atexit.o)
 .debug_frame   0x0000000000001990       0x20 /opt/homebrew/Cellar/arm-none-eabi-gcc/10.3-2021.07/gcc/bin/../lib/gcc/arm-none-eabi/10.3.1/../../../../arm-none-eabi/lib/thumb/v7e-m/nofp/libg.a(lib_a-atexit.o)
 .debug_frame   0x00000000000019b0       0x34 /opt/homebrew/Cellar/arm-none-eabi-gcc/10.3-2021.07/gcc/bin/../lib/gcc/arm-none-eabi/10.3.1/../../../../arm-none-eabi/lib/thumb/v7e-m/nofp/libg.a(lib_a-fini.o)
 .debug_frame   0x00000000000019e4       0xb0 /opt/homebrew/Cellar/arm-none-eabi-gcc/10.3-2021.07/gcc/bin/../lib/gcc/arm-none-eabi/10.3.1/../../../../arm-none-eabi/lib/thumb/v7e-m/nofp/libg.a(lib_a-lock.o)
 .debug_frame   0x0000000000001a94       0x34 /opt/homebrew/Cellar/arm-none-eabi-gcc/10.3-2021.07/gcc/bin/../lib/gcc/arm-none-eabi/10.3.1/../../../../arm-none-eabi/lib/thumb/v7e-m/nofp/libg.a(lib_a-__atexit.o)
 .debug_frame   0x0000000000001ac8       0x50 /opt/homebrew/Cellar/arm-none-eabi-gcc/10.3-2021.07/gcc/bin/../lib/gcc/arm-none-eabi/10.3.1/thumb/v7e-m/nofp/libgcc.a(_arm_muldivdf3.o)
 .debug_frame   0x0000000000001b18       0xc4 /opt/homebrew/Cellar/arm-none-eabi-gcc/10.3-2021.07/gcc/bin/../lib/gcc/arm-none-eabi/10.3.1/thumb/v7e-m/nofp/libgcc.a(_arm_cmpdf2.o)
 .debug_frame   0x0000000000001bdc       0x24 /opt/homebrew/Cellar/arm-none-eabi-gcc/10.3-2021.07/gcc/bin/../lib/gcc/arm-none-eabi/10.3.1/thumb/v7e-m/nofp/libgcc.a(_arm_fixdfsi.o)