Archive member included to satisfy reference by file (symbol)

/opt/homebrew/Cellar/arm-none-eabi-gcc/10.3-2021.07/gcc/bin/../lib/gcc/arm-none-eabi/10.3.1/thumb/v7e-m/nofp/libgcc.a(_arm_muldf3.o)
                              CMakeFiles/Base_Moving.elf.dir/Lib/Src/Move_Controlor.c.obj (__aeabi_dmul)
/opt/homebrew/Cellar/arm-none-eabi-gcc/10.3-2021.07/gcc/bin/../lib/gcc/arm-none-eabi/10.3.1/thumb/v7e-m/nofp/libgcc.a(_arm_mulsf3.o)
                              CMakeFiles/Base_Moving.elf.dir/Lib/Src/Location_Module_Recieve.c.obj (__aeabi_fmul)
/opt/homebrew/Cellar/arm-none-eabi-gcc/10.3-2021.07/gcc/bin/../lib/gcc/arm-none-eabi/10.3.1/thumb/v7e-m/nofp/libgcc.a(_arm_addsubdf3.o)
                              CMakeFiles/Base_Moving.elf.dir/Lib/Src/Location_Module_Recieve.c.obj (__aeabi_f2d)
/opt/homebrew/Cellar/arm-none-eabi-gcc/10.3-2021.07/gcc/bin/../lib/gcc/arm-none-eabi/10.3.1/thumb/v7e-m/nofp/libgcc.a(_arm_truncdfsf2.o)
                              CMakeFiles/Base_Moving.elf.dir/Lib/Src/Location_Module_Recieve.c.obj (__aeabi_d2f)
/opt/homebrew/Cellar/arm-none-eabi-gcc/10.3-2021.07/gcc/bin/../lib/gcc/arm-none-eabi/10.3.1/thumb/v7e-m/nofp/libgcc.a(_arm_addsubsf3.o)
                              CMakeFiles/Base_Moving.elf.dir/Lib/Src/Location_Module_Recieve.c.obj (__aeabi_fsub)
/opt/homebrew/Cellar/arm-none-eabi-gcc/10.3-2021.07/gcc/bin/../lib/gcc/arm-none-eabi/10.3.1/thumb/v7e-m/nofp/libgcc.a(_arm_muldivsf3.o)
                              CMakeFiles/Base_Moving.elf.dir/Lib/Src/Location_Module_Recieve.c.obj (__aeabi_fdiv)
/opt/homebrew/Cellar/arm-none-eabi-gcc/10.3-2021.07/gcc/bin/../lib/gcc/arm-none-eabi/10.3.1/thumb/v7e-m/nofp/libgcc.a(_arm_cmpsf2.o)
                              CMakeFiles/Base_Moving.elf.dir/Lib/Src/Remote_Controller.c.obj (__aeabi_fcmpeq)
/opt/homebrew/Cellar/arm-none-eabi-gcc/10.3-2021.07/gcc/bin/../lib/gcc/arm-none-eabi/10.3.1/thumb/v7e-m/nofp/libgcc.a(_arm_fixsfsi.o)
                              CMakeFiles/Base_Moving.elf.dir/Lib/Src/Location_Module_Recieve.c.obj (__aeabi_f2iz)
/opt/homebrew/Cellar/arm-none-eabi-gcc/10.3-2021.07/gcc/bin/../lib/gcc/arm-none-eabi/10.3.1/thumb/v7e-m/nofp/libgcc.a(_aeabi_uldivmod.o)
                              CMakeFiles/Base_Moving.elf.dir/Drivers/STM32F4xx_HAL_Driver/Src/stm32f4xx_hal_rcc.c.obj (__aeabi_uldivmod)
/opt/homebrew/Cellar/arm-none-eabi-gcc/10.3-2021.07/gcc/bin/../lib/gcc/arm-none-eabi/10.3.1/thumb/v7e-m/nofp/libgcc.a(_udivmoddi4.o)
                              /opt/homebrew/Cellar/arm-none-eabi-gcc/10.3-2021.07/gcc/bin/../lib/gcc/arm-none-eabi/10.3.1/thumb/v7e-m/nofp/libgcc.a(_aeabi_uldivmod.o) (__udivmoddi4)
/opt/homebrew/Cellar/arm-none-eabi-gcc/10.3-2021.07/gcc/bin/../lib/gcc/arm-none-eabi/10.3.1/thumb/v7e-m/nofp/libgcc.a(_dvmd_tls.o)
                              /opt/homebrew/Cellar/arm-none-eabi-gcc/10.3-2021.07/gcc/bin/../lib/gcc/arm-none-eabi/10.3.1/thumb/v7e-m/nofp/libgcc.a(_aeabi_uldivmod.o) (__aeabi_ldiv0)
/opt/homebrew/Cellar/arm-none-eabi-gcc/10.3-2021.07/gcc/bin/../lib/gcc/arm-none-eabi/10.3.1/../../../../arm-none-eabi/lib/thumb/v7e-m/nofp/libg.a(lib_a-errno.o)
                              CMakeFiles/Base_Moving.elf.dir/Src/syscalls.c.obj (__errno)
/opt/homebrew/Cellar/arm-none-eabi-gcc/10.3-2021.07/gcc/bin/../lib/gcc/arm-none-eabi/10.3.1/../../../../arm-none-eabi/lib/thumb/v7e-m/nofp/libg.a(lib_a-exit.o)
                              /opt/homebrew/Cellar/arm-none-eabi-gcc/10.3-2021.07/gcc/bin/../lib/gcc/arm-none-eabi/10.3.1/../../../../arm-none-eabi/lib/thumb/v7e-m/nofp/crt0.o (exit)
/opt/homebrew/Cellar/arm-none-eabi-gcc/10.3-2021.07/gcc/bin/../lib/gcc/arm-none-eabi/10.3.1/../../../../arm-none-eabi/lib/thumb/v7e-m/nofp/libg.a(lib_a-impure.o)
                              /opt/homebrew/Cellar/arm-none-eabi-gcc/10.3-2021.07/gcc/bin/../lib/gcc/arm-none-eabi/10.3.1/../../../../arm-none-eabi/lib/thumb/v7e-m/nofp/libg.a(lib_a-exit.o) (_global_impure_ptr)
/opt/homebrew/Cellar/arm-none-eabi-gcc/10.3-2021.07/gcc/bin/../lib/gcc/arm-none-eabi/10.3.1/../../../../arm-none-eabi/lib/thumb/v7e-m/nofp/libg.a(lib_a-init.o)
                              /opt/homebrew/Cellar/arm-none-eabi-gcc/10.3-2021.07/gcc/bin/../lib/gcc/arm-none-eabi/10.3.1/../../../../arm-none-eabi/lib/thumb/v7e-m/nofp/crt0.o (__libc_init_array)
/opt/homebrew/Cellar/arm-none-eabi-gcc/10.3-2021.07/gcc/bin/../lib/gcc/arm-none-eabi/10.3.1/../../../../arm-none-eabi/lib/thumb/v7e-m/nofp/libg.a(lib_a-memset.o)
                              /opt/homebrew/Cellar/arm-none-eabi-gcc/10.3-2021.07/gcc/bin/../lib/gcc/arm-none-eabi/10.3.1/../../../../arm-none-eabi/lib/thumb/v7e-m/nofp/crt0.o (memset)
/opt/homebrew/Cellar/arm-none-eabi-gcc/10.3-2021.07/gcc/bin/../lib/gcc/arm-none-eabi/10.3.1/../../../../arm-none-eabi/lib/thumb/v7e-m/nofp/libg.a(lib_a-vsprintf.o)
                              CMakeFiles/Base_Moving.elf.dir/Lib/Src/Usart_Printf.c.obj (vsprintf)
[...]
Memory Configuration

Name             Origin             Length             Attributes
RAM              0x0000000020000000 0x0000000000020000 xrw
CCMRAM           0x0000000010000000 0x0000000000010000 xrw
FLASH            0x0000000008000000 0x0000000000100000 xr
*default*        0x0000000000000000 0xffffffffffffffff

Linker script and memory map

LOAD /opt/homebrew/Cellar/arm-none-eabi-gcc/10.3-2021.07/gcc/bin/../lib/gcc/arm-none-eabi/10.3.1/thumb/v7e-m/nofp/crti.o
LOAD /opt/homebrew/Cellar/arm-none-eabi-gcc/10.3-2021.07/gcc/bin/../lib/gcc/arm-none-eabi/10.3.1/thumb/v7e-m/nofp/crtbegin.o
LOAD /opt/homebrew/Cellar/arm-none-eabi-gcc/10.3-2021.07/gcc/bin/../lib/gcc/arm-none-eabi/10.3.1/../../../../arm-none-eabi/lib/thumb/v7e-m/nofp/crt0.o
LOAD CMakeFiles/Base_Moving.elf.dir/Drivers/STM32F4xx_HAL_Driver/Src/stm32f4xx_hal.c.obj
LOAD CMakeFiles/Base_Moving.elf.dir/Drivers/STM32F4xx_HAL_Driver/Src/stm32f4xx_hal_can.c.obj
LOAD CMakeFiles/Base_Moving.elf.dir/Drivers/STM32F4xx_HAL_Driver/Src/stm32f4xx_hal_cortex.c.obj
LOAD CMakeFiles/Base_Moving.elf.dir/Drivers/STM32F4xx_HAL_Driver/Src/stm32f4xx_hal_dma.c.obj
LOAD CMakeFiles/Base_Moving.elf.dir/Drivers/STM32F4xx_HAL_Driver/Src/stm32f4xx_hal_dma_ex.c.obj
LOAD CMakeFiles/Base_Moving.elf.dir/Drivers/STM32F4xx_HAL_Driver/Src/stm32f4xx_hal_exti.c.obj
LOAD CMakeFiles/Base_Moving.elf.dir/Drivers/STM32F4xx_HAL_Driver/Src/stm32f4xx_hal_flash.c.obj
LOAD CMakeFiles/Base_Moving.elf.dir/Drivers/STM32F4xx_HAL_Driver/Src/stm32f4xx_hal_flash_ex.c.obj
LOAD CMakeFiles/Base_Moving.elf.dir/Drivers/STM32F4xx_HAL_Driver/Src/stm32f4xx_hal_flash_ramfunc.c.obj
LOAD CMakeFiles/Base_Moving.elf.dir/Drivers/STM32F4xx_HAL_Driver/Src/stm32f4xx_hal_gpio.c.obj
LOAD CMakeFiles/Base_Moving.elf.dir/Drivers/STM32F4xx_HAL_Driver/Src/stm32f4xx_hal_pwr.c.obj
LOAD CMakeFiles/Base_Moving.elf.dir/Drivers/STM32F4xx_HAL_Driver/Src/stm32f4xx_hal_pwr_ex.c.obj
LOAD CMakeFiles/Base_Moving.elf.dir/Drivers/STM32F4xx_HAL_Driver/Src/stm32f4xx_hal_rcc.c.obj
LOAD CMakeFiles/Base_Moving.elf.dir/Drivers/STM32F4xx_HAL_Driver/Src/stm32f4xx_hal_rcc_ex.c.obj
LOAD CMakeFiles/Base_Moving.elf.dir/Drivers/STM32F4xx_HAL_Driver/Src/stm32f4xx_hal_tim.c.obj
LOAD CMakeFiles/Base_Moving.elf.dir/Drivers/STM32F4xx_HAL_Driver/Src/stm32f4xx_hal_tim_ex.c.obj
LOAD CMakeFiles/Base_Moving.elf.dir/Drivers/STM32F4xx_HAL_Driver/Src/stm32f4xx_hal_uart.c.obj
LOAD CMakeFiles/Base_Moving.elf.dir/Lib/Src/CAN_Operation.c.obj
LOAD CMakeFiles/Base_Moving.elf.dir/Lib/Src/Location_Module_Recieve.c.obj
LOAD CMakeFiles/Base_Moving.elf.dir/Lib/Src/Move_Controlor.c.obj
LOAD CMakeFiles/Base_Moving.elf.dir/Lib/Src/Navi_Control.c.obj
LOAD CMakeFiles/Base_Moving.elf.dir/Lib/Src/PID_Controlor.c.obj
LOAD CMakeFiles/Base_Moving.elf.dir/Lib/Src/Remote_Controller.c.obj
LOAD CMakeFiles/Base_Moving.elf.dir/Lib/Src/Usart_Printf.c.obj
LOAD CMakeFiles/Base_Moving.elf.dir/Src/can.c.obj
LOAD CMakeFiles/Base_Moving.elf.dir/Src/dma.c.obj
LOAD CMakeFiles/Base_Moving.elf.dir/Src/gpio.c.obj
LOAD CMakeFiles/Base_Moving.elf.dir/Src/main.c.obj
LOAD CMakeFiles/Base_Moving.elf.dir/Src/stm32f4xx_hal_msp.c.obj
LOAD CMakeFiles/Base_Moving.elf.dir/Src/stm32f4xx_it.c.obj
LOAD CMakeFiles/Base_Moving.elf.dir/Src/syscalls.c.obj
LOAD CMakeFiles/Base_Moving.elf.dir/Src/system_stm32f4xx.c.obj
LOAD CMakeFiles/Base_Moving.elf.dir/Src/usart.c.obj
LOAD CMakeFiles/Base_Moving.elf.dir/startup/startup_stm32f407xx.s.obj
START GROUP
LOAD /opt/homebrew/Cellar/arm-none-eabi-gcc/10.3-2021.07/gcc/bin/../lib/gcc/arm-none-eabi/10.3.1/thumb/v7e-m/nofp/libgcc.a
LOAD /opt/homebrew/Cellar/arm-none-eabi-gcc/10.3-2021.07/gcc/bin/../lib/gcc/arm-none-eabi/10.3.1/../../../../arm-none-eabi/lib/thumb/v7e-m/nofp/libg.a
LOAD /opt/homebrew/Cellar/arm-none-eabi-gcc/10.3-2021.07/gcc/bin/../lib/gcc/arm-none-eabi/10.3.1/../../../../arm-none-eabi/lib/thumb/v7e-m/nofp/libc.a
END GROUP
LOAD /opt/homebrew/Cellar/arm-none-eabi-gcc/10.3-2021.07/gcc/bin/../lib/gcc/arm-none-eabi/10.3.1/thumb/v7e-m/nofp/crtend.o
LOAD /opt/homebrew/Cellar/arm-none-eabi-gcc/10.3-2021.07/gcc/bin/../lib/gcc/arm-none-eabi/10.3.1/thumb/v7e-m/nofp/crtn.o
                0x0000000020020000                _estack = 0x20020000
                0x0000000000000200                _Min_Heap_Size = 0x200
                0x0000000000000400                _Min_Stack_Size = 0x400

.isr_vector     0x0000000008000000      0x188
                0x0000000008000000                . = ALIGN (0x4)
 *(.isr_vector)
 .isr_vector    0x0000000008000000      0x188 CMakeFiles/Base_Moving.elf.dir/startup/startup_stm32f407xx.s.obj
                0x0000000008000000                g_pfnVectors
                0x0000000008000188                . = ALIGN (0x4)

.text           0x00000000080001c0     0xb444
                0x00000000080001c0                . = ALIGN (0x4)
 *(.text)
 .text          0x00000000080001c0       0x40 /opt/homebrew/Cellar/arm-none-eabi-gcc/10.3-2021.07/gcc/bin/../lib/gcc/arm-none-eabi/10.3.1/thumb/v7e-m/nofp/crtbegin.o
 .text          0x0000000008000200      0x378 /opt/homebrew/Cellar/arm-none-eabi-gcc/10.3-2021.07/gcc/bin/../lib/gcc/arm-none-eabi/10.3.1/thumb/v7e-m/nofp/libgcc.a(_arm_addsubdf3.o)
                0x0000000008000200                __aeabi_drsub
                0x0000000008000208                __subdf3
                0x0000000008000208                __aeabi_dsub
                0x000000000800020c                __aeabi_dadd
                0x000000000800020c                __adddf3
                0x0000000008000484                __aeabi_ui2d
                0x0000000008000484                __floatunsidf
                0x00000000080004a4                __floatsidf
                0x00000000080004a4                __aeabi_i2d
                0x00000000080004c8                __extendsfdf2
                0x00000000080004c8                __aeabi_f2d
                0x000000000800050c                __aeabi_ul2d
                0x000000000800050c                __floatundidf
                0x000000000800051c                __aeabi_l2d
                0x000000000800051c                __floatdidf
 .text          0x0000000008000578       0xa0 /opt/homebrew/Cellar/arm-none-eabi-gcc/10.3-2021.07/gcc/bin/../lib/gcc/arm-none-eabi/10.3.1/thumb/v7e-m/nofp/libgcc.a(_arm_truncdfsf2.o)
                0x0000000008000578                __aeabi_d2f
                0x0000000008000578                __truncdfsf2
 .text          0x0000000008000618      0x21c /opt/homebrew/Cellar/arm-none-eabi-gcc/10.3-2021.07/gcc/bin/../lib/gcc/arm-none-eabi/10.3.1/thumb/v7e-m/nofp/libgcc.a(_arm_addsubsf3.o)
                0x0000000008000618                __aeabi_frsub
                0x0000000008000620                __aeabi_fsub
                0x0000000008000620                __subsf3
                0x0000000008000624                __aeabi_fadd
                0x0000000008000624                __addsf3
                0x0000000008000784                __aeabi_ui2f
                0x0000000008000784                __floatunsisf
                0x000000000800078c                __floatsisf
                0x000000000800078c                __aeabi_i2f
                0x00000000080007a8                __aeabi_ul2f
                0x00000000080007a8                __floatundisf
                0x00000000080007b8                __aeabi_l2f
                0x00000000080007b8                __floatdisf
 .text          0x0000000008000834      0x2a0 /opt/homebrew/Cellar/arm-none-eabi-gcc/10.3-2021.07/gcc/bin/../lib/gcc/arm-none-eabi/10.3.1/thumb/v7e-m/nofp/libgcc.a(_arm_muldivsf3.o)
                0x0000000008000834                __mulsf3
                0x0000000008000834                __aeabi_fmul
                0x000000000800099c                __divsf3
                0x000000000800099c                __aeabi_fdiv
 .text          0x0000000008000ad4       0xec /opt/homebrew/Cellar/arm-none-eabi-gcc/10.3-2021.07/gcc/bin/../lib/gcc/arm-none-eabi/10.3.1/thumb/v7e-m/nofp/libgcc.a(_arm_cmpsf2.o)
                0x0000000008000ad4                __gesf2
                0x0000000008000ad4                __gtsf2
                0x0000000008000adc                __ltsf2
                0x0000000008000adc                __lesf2
                0x0000000008000ae4                __nesf2
                0x0000000008000ae4                __eqsf2
                0x0000000008000ae4                __cmpsf2
                0x0000000008000b44                __aeabi_cfrcmple
                0x0000000008000b4c                __aeabi_cfcmpeq
                0x0000000008000b4c                __aeabi_cfcmple
                0x0000000008000b5c                __aeabi_fcmpeq
                0x0000000008000b70                __aeabi_fcmplt
                0x0000000008000b84                __aeabi_fcmple
                0x0000000008000b98                __aeabi_fcmpge
                0x0000000008000bac                __aeabi_fcmpgt
 .text          0x0000000008000bc0       0x4c /opt/homebrew/Cellar/arm-none-eabi-gcc/10.3-2021.07/gcc/bin/../lib/gcc/arm-none-eabi/10.3.1/thumb/v7e-m/nofp/libgcc.a(_arm_fixsfsi.o)
                0x0000000008000bc0                __fixsfsi
                0x0000000008000bc0                __aeabi_f2iz
 .text          0x0000000008000c0c       0x30 /opt/homebrew/Cellar/arm-none-eabi-gcc/10.3-2021.07/gcc/bin/../lib/gcc/arm-none-eabi/10.3.1/thumb/v7e-m/nofp/libgcc.a(_aeabi_uldivmod.o)
                0x0000000008000c0c                __aeabi_uldivmod
 .text          0x0000000008000c3c      0x2d0 /opt/homebrew/Cellar/arm-none-eabi-gcc/10.3-2021.07/gcc/bin/../lib/gcc/arm-none-eabi/10.3.1/thumb/v7e-m/nofp/libgcc.a(_udivmoddi4.o)
                0x0000000008000c3c                __udivmoddi4
 .text          0x0000000008000f0c        0x4 /opt/homebrew/Cellar/arm-none-eabi-gcc/10.3-2021.07/gcc/bin/../lib/gcc/arm-none-eabi/10.3.1/thumb/v7e-m/nofp/libgcc.a(_dvmd_tls.o)
                0x0000000008000f0c                __aeabi_ldiv0
                0x0000000008000f0c                __aeabi_idiv0
 .text          0x0000000008000f10       0xa0 /opt/homebrew/Cellar/arm-none-eabi-gcc/10.3-2021.07/gcc/bin/../lib/gcc/arm-none-eabi/10.3.1/../../../../arm-none-eabi/lib/thumb/v7e-m/nofp/libg.a(lib_a-memchr.o)
                0x0000000008000f10                memchr
 .text          0x0000000008000fb0      0x134 /opt/homebrew/Cellar/arm-none-eabi-gcc/10.3-2021.07/gcc/bin/../lib/gcc/arm-none-eabi/10.3.1/../../../../arm-none-eabi/lib/thumb/v7e-m/nofp/libg.a(lib_a-memcpy.o)
                0x0000000008000fb0                memcpy
 *fill*         0x00000000080010e4       0x1c 
 .text          0x0000000008001100       0xdc /opt/homebrew/Cellar/arm-none-eabi-gcc/10.3-2021.07/gcc/bin/../lib/gcc/arm-none-eabi/10.3.1/../../../../arm-none-eabi/lib/thumb/v7e-m/nofp/libg.a(lib_a-strlen.o)
                0x0000000008001100                strlen
 .text          0x00000000080011dc      0x424 /opt/homebrew/Cellar/arm-none-eabi-gcc/10.3-2021.07/gcc/bin/../lib/gcc/arm-none-eabi/10.3.1/thumb/v7e-m/nofp/libgcc.a(_arm_muldivdf3.o)
                0x00000000080011dc                __aeabi_dmul
                0x00000000080011dc                __muldf3
                0x0000000008001430                __aeabi_ddiv
                0x0000000008001430                __divdf3
 .text          0x0000000008001600      0x110 /opt/homebrew/Cellar/arm-none-eabi-gcc/10.3-2021.07/gcc/bin/../lib/gcc/arm-none-eabi/10.3.1/thumb/v7e-m/nofp/libgcc.a(_arm_cmpdf2.o)
                0x0000000008001600                __gedf2
                0x0000000008001600                __gtdf2
                0x0000000008001608                __ledf2
                0x0000000008001608                __ltdf2
                0x0000000008001610                __cmpdf2
                0x0000000008001610                __eqdf2
                0x0000000008001610                __nedf2
                0x000000000800168c                __aeabi_cdrcmple
                0x000000000800169c                __aeabi_cdcmple
                0x000000000800169c                __aeabi_cdcmpeq
                0x00000000080016ac                __aeabi_dcmpeq
                0x00000000080016c0                __aeabi_dcmplt
                0x00000000080016d4                __aeabi_dcmple
                0x00000000080016e8                __aeabi_dcmpge
                0x00000000080016fc                __aeabi_dcmpgt
 .text          0x0000000008001710       0x2c /opt/homebrew/Cellar/arm-none-eabi-gcc/10.3-2021.07/gcc/bin/../lib/gcc/arm-none-eabi/10.3.1/thumb/v7e-m/nofp/libgcc.a(_arm_unorddf2.o)
                0x0000000008001710                __aeabi_dcmpun
                0x0000000008001710                __unorddf2
 .text          0x000000000800173c       0x50 /opt/homebrew/Cellar/arm-none-eabi-gcc/10.3-2021.07/gcc/bin/../lib/gcc/arm-none-eabi/10.3.1/thumb/v7e-m/nofp/libgcc.a(_arm_fixdfsi.o)
                0x000000000800173c                __fixdfsi
                0x000000000800173c                __aeabi_d2iz
 *(.text*)
 .text.HAL_InitTick
                0x000000000800178c       0x4c CMakeFiles/Base_Moving.elf.dir/Drivers/STM32F4xx_HAL_Driver/Src/stm32f4xx_hal.c.obj
                0x000000000800178c                HAL_InitTick
 .text.HAL_Init
                0x00000000080017d8       0x34 CMakeFiles/Base_Moving.elf.dir/Drivers/STM32F4xx_HAL_Driver/Src/stm32f4xx_hal.c.obj
                0x00000000080017d8                HAL_Init
 .text.HAL_IncTick
                0x000000000800180c       0x18 CMakeFiles/Base_Moving.elf.dir/Drivers/STM32F4xx_HAL_Driver/Src/stm32f4xx_hal.c.obj
                0x000000000800180c                HAL_IncTick
 .text.HAL_GetTick
                0x0000000008001824        0xc CMakeFiles/Base_Moving.elf.dir/Drivers/STM32F4xx_HAL_Driver/Src/stm32f4xx_hal.c.obj
                0x0000000008001824                HAL_GetTick
 .text.HAL_Delay
                0x0000000008001830       0x28 CMakeFiles/Base_Moving.elf.dir/Drivers/STM32F4xx_HAL_Driver/Src/stm32f4xx_hal.c.obj
                0x0000000008001830                HAL_Delay
 .text.HAL_CAN_Init
                0x0000000008001858      0x14c CMakeFiles/Base_Moving.elf.dir/Drivers/STM32F4xx_HAL_Driver/Src/stm32f4xx_hal_can.c.obj
                0x0000000008001858                HAL_CAN_Init
 .text.HAL_CAN_ConfigFilter
                0x00000000080019a4      0x13c CMakeFiles/Base_Moving.elf.dir/Drivers/STM32F4xx_HAL_Driver/Src/stm32f4xx_hal_can.c.obj
                0x00000000080019a4                HAL_CAN_ConfigFilter
 .text.HAL_CAN_Start
                0x0000000008001ae0       0x5c CMakeFiles/Base_Moving.elf.dir/Drivers/STM32F4xx_HAL_Driver/Src/stm32f4xx_hal_can.c.obj
                0x0000000008001ae0                HAL_CAN_Start
 .text.HAL_CAN_AddTxMessage
                0x0000000008001b3c       0xfc CMakeFiles/Base_Moving.elf.dir/Drivers/STM32F4xx_HAL_Driver/Src/stm32f4xx_hal_can.c.obj
                0x0000000008001b3c                HAL_CAN_AddTxMessage
 .text.HAL_CAN_GetRxMessage
                0x0000000008001c38      0x156 CMakeFiles/Base_Moving.elf.dir/Drivers/STM32F4xx_HAL_Driver/Src/stm32f4xx_hal_can.c.obj
                0x0000000008001c38                HAL_CAN_GetRxMessage
 .text.HAL_CAN_ActivateNotification
                0x0000000008001d8e       0x24 CMakeFiles/Base_Moving.elf.dir/Drivers/STM32F4xx_HAL_Driver/Src/stm32f4xx_hal_can.c.obj
                0x0000000008001d8e                HAL_CAN_ActivateNotification
 .text.HAL_CAN_TxMailbox0CompleteCallback
                0x0000000008001db2        0x2 CMakeFiles/Base_Moving.elf.dir/Drivers/STM32F4xx_HAL_Driver/Src/stm32f4xx_hal_can.c.obj
                0x0000000008001db2                HAL_CAN_TxMailbox0CompleteCallback
 .text.HAL_CAN_TxMailbox1CompleteCallback
                0x0000000008001db4        0x2 CMakeFiles/Base_Moving.elf.dir/Drivers/STM32F4xx_HAL_Driver/Src/stm32f4xx_hal_can.c.obj
                0x0000000008001db4                HAL_CAN_TxMailbox1CompleteCallback
 .text.HAL_CAN_TxMailbox2CompleteCallback
                0x0000000008001db6        0x2 CMakeFiles/Base_Moving.elf.dir/Drivers/STM32F4xx_HAL_Driver/Src/stm32f4xx_hal_can.c.obj
                0x0000000008001db6                HAL_CAN_TxMailbox2CompleteCallback
 .text.HAL_CAN_TxMailbox0AbortCallback
                0x0000000008001db8        0x2 CMakeFiles/Base_Moving.elf.dir/Drivers/STM32F4xx_HAL_Driver/Src/stm32f4xx_hal_can.c.obj
                0x0000000008001db8                HAL_CAN_TxMailbox0AbortCallback
 .text.HAL_CAN_TxMailbox1AbortCallback
                0x0000000008001dba        0x2 CMakeFiles/Base_Moving.elf.dir/Drivers/STM32F4xx_HAL_Driver/Src/stm32f4xx_hal_can.c.obj
                0x0000000008001dba                HAL_CAN_TxMailbox1AbortCallback
 .text.HAL_CAN_TxMailbox2AbortCallback
                0x0000000008001dbc        0x2 CMakeFiles/Base_Moving.elf.dir/Drivers/STM32F4xx_HAL_Driver/Src/stm32f4xx_hal_can.c.obj
                0x0000000008001dbc                HAL_CAN_TxMailbox2AbortCallback
 .text.HAL_CAN_RxFifo0FullCallback
                0x0000000008001dbe        0x2 CMakeFiles/Base_Moving.elf.dir/Drivers/STM32F4xx_HAL_Driver/Src/stm32f4xx_hal_can.c.obj
                0x0000000008001dbe                HAL_CAN_RxFifo0FullCallback
 .text.HAL_CAN_RxFifo1MsgPendingCallback
                0x0000000008001dc0        0x2 CMakeFiles/Base_Moving.elf.dir/Drivers/STM32F4xx_HAL_Driver/Src/stm32f4xx_hal_can.c.obj
                0x0000000008001dc0                HAL_CAN_RxFifo1MsgPendingCallback
 .text.HAL_CAN_RxFifo1FullCallback
                0x0000000008001dc2        0x2 CMakeFiles/Base_Moving.elf.dir/Drivers/STM32F4xx_HAL_Driver/Src/stm32f4xx_hal_can.c.obj
                0x0000000008001dc2                HAL_CAN_RxFifo1FullCallback
 .text.HAL_CAN_SleepCallback
                0x0000000008001dc4        0x2 CMakeFiles/Base_Moving.elf.dir/Drivers/STM32F4xx_HAL_Driver/Src/stm32f4xx_hal_can.c.obj
                0x0000000008001dc4                HAL_CAN_SleepCallback
 .text.HAL_CAN_WakeUpFromRxMsgCallback
                0x0000000008001dc6        0x2 CMakeFiles/Base_Moving.elf.dir/Drivers/STM32F4xx_HAL_Driver/Src/stm32f4xx_hal_can.c.obj
                0x0000000008001dc6                HAL_CAN_WakeUpFromRxMsgCallback
 .text.HAL_CAN_ErrorCallback
                0x0000000008001dc8        0x2 CMakeFiles/Base_Moving.elf.dir/Drivers/STM32F4xx_HAL_Driver/Src/stm32f4xx_hal_can.c.obj
                0x0000000008001dc8                HAL_CAN_ErrorCallback
 .text.HAL_CAN_IRQHandler
                0x0000000008001dca      0x24a CMakeFiles/Base_Moving.elf.dir/Drivers/STM32F4xx_HAL_Driver/Src/stm32f4xx_hal_can.c.obj
                0x0000000008001dca                HAL_CAN_IRQHandler
 .text.HAL_NVIC_SetPriorityGrouping
                0x0000000008002014       0x24 CMakeFiles/Base_Moving.elf.dir/Drivers/STM32F4xx_HAL_Driver/Src/stm32f4xx_hal_cortex.c.obj
                0x0000000008002014                HAL_NVIC_SetPriorityGrouping
 .text.HAL_NVIC_SetPriority
                0x0000000008002038       0x70 CMakeFiles/Base_Moving.elf.dir/Drivers/STM32F4xx_HAL_Driver/Src/stm32f4xx_hal_cortex.c.obj
                0x0000000008002038                HAL_NVIC_SetPriority
 .text.HAL_NVIC_EnableIRQ
                0x00000000080020a8       0x1c CMakeFiles/Base_Moving.elf.dir/Drivers/STM32F4xx_HAL_Driver/Src/stm32f4xx_hal_cortex.c.obj
                0x00000000080020a8                HAL_NVIC_EnableIRQ
 .text.HAL_SYSTICK_Config
                0x00000000080020c4       0x28 CMakeFiles/Base_Moving.elf.dir/Drivers/STM32F4xx_HAL_Driver/Src/stm32f4xx_hal_cortex.c.obj
                0x00000000080020c4                HAL_SYSTICK_Config
 .text.DMA_CalcBaseAndBitshift
                0x00000000080020ec       0x40 CMakeFiles/Base_Moving.elf.dir/Drivers/STM32F4xx_HAL_Driver/Src/stm32f4xx_hal_dma.c.obj
 .text.DMA_CheckFifoParam
                0x000000000800212c       0x8e CMakeFiles/Base_Moving.elf.dir/Drivers/STM32F4xx_HAL_Driver/Src/stm32f4xx_hal_dma.c.obj
 *fill*         0x00000000080021ba        0x2 
 .text.HAL_DMA_Init
                0x00000000080021bc       0xcc CMakeFiles/Base_Moving.elf.dir/Drivers/STM32F4xx_HAL_Driver/Src/stm32f4xx_hal_dma.c.obj
                0x00000000080021bc                HAL_DMA_Init
 .text.HAL_DMA_IRQHandler
                0x0000000008002288      0x1dc CMakeFiles/Base_Moving.elf.dir/Drivers/STM32F4xx_HAL_Driver/Src/stm32f4xx_hal_dma.c.obj
                0x0000000008002288                HAL_DMA_IRQHandler
 .text.HAL_GPIO_Init
                0x0000000008002464      0x1e4 CMakeFiles/Base_Moving.elf.dir/Drivers/STM32F4xx_HAL_Driver/Src/stm32f4xx_hal_gpio.c.obj
                0x0000000008002464                HAL_GPIO_Init
 .text.HAL_GPIO_WritePin
                0x0000000008002648        0xc CMakeFiles/Base_Moving.elf.dir/Drivers/STM32F4xx_HAL_Driver/Src/stm32f4xx_hal_gpio.c.obj
                0x0000000008002648                HAL_GPIO_WritePin
 .text.HAL_RCC_OscConfig
                0x0000000008002654      0x3f8 CMakeFiles/Base_Moving.elf.dir/Drivers/STM32F4xx_HAL_Driver/Src/stm32f4xx_hal_rcc.c.obj
                0x0000000008002654                HAL_RCC_OscConfig
 .text.HAL_RCC_GetSysClockFreq
                0x0000000008002a4c       0xa4 CMakeFiles/Base_Moving.elf.dir/Drivers/STM32F4xx_HAL_Driver/Src/stm32f4xx_hal_rcc.c.obj
                0x0000000008002a4c                HAL_RCC_GetSysClockFreq
 .text.HAL_RCC_ClockConfig
                0x0000000008002af0      0x160 CMakeFiles/Base_Moving.elf.dir/Drivers/STM32F4xx_HAL_Driver/Src/stm32f4xx_hal_rcc.c.obj
                0x0000000008002af0                HAL_RCC_ClockConfig
 .text.HAL_RCC_GetHCLKFreq
                0x0000000008002c50        0xc CMakeFiles/Base_Moving.elf.dir/Drivers/STM32F4xx_HAL_Driver/Src/stm32f4xx_hal_rcc.c.obj
                0x0000000008002c50                HAL_RCC_GetHCLKFreq
 .text.HAL_RCC_GetPCLK1Freq
                0x0000000008002c5c       0x20 CMakeFiles/Base_Moving.elf.dir/Drivers/STM32F4xx_HAL_Driver/Src/stm32f4xx_hal_rcc.c.obj
                0x0000000008002c5c                HAL_RCC_GetPCLK1Freq
 .text.HAL_RCC_GetPCLK2Freq
                0x0000000008002c7c       0x20 CMakeFiles/Base_Moving.elf.dir/Drivers/STM32F4xx_HAL_Driver/Src/stm32f4xx_hal_rcc.c.obj
                0x0000000008002c7c                HAL_RCC_GetPCLK2Freq
 .text.UART_SetConfig
                0x0000000008002c9c      0x110 CMakeFiles/Base_Moving.elf.dir/Drivers/STM32F4xx_HAL_Driver/Src/stm32f4xx_hal_uart.c.obj
 .text.HAL_UART_Init
                0x0000000008002dac       0x5e CMakeFiles/Base_Moving.elf.dir/Drivers/STM32F4xx_HAL_Driver/Src/stm32f4xx_hal_uart.c.obj
                0x0000000008002dac                HAL_UART_Init
 *fill*         0x0000000008002e0a        0x2 
 .text.CAN_CMD_Current
                0x0000000008002e0c       0x54 CMakeFiles/Base_Moving.elf.dir/Lib/Src/CAN_Operation.c.obj
                0x0000000008002e0c                CAN_CMD_Current
 .text.CAN_Transmit_Message
                0x0000000008002e60       0x50 CMakeFiles/Base_Moving.elf.dir/Lib/Src/CAN_Operation.c.obj
                0x0000000008002e60                CAN_Transmit_Message
 .text.CAN1_Filter_Init
                0x0000000008002eb0       0x58 CMakeFiles/Base_Moving.elf.dir/Lib/Src/CAN_Operation.c.obj
                0x0000000008002eb0                CAN1_Filter_Init
 .text.CAN2_Filter_Init
                0x0000000008002f08       0x58 CMakeFiles/Base_Moving.elf.dir/Lib/Src/CAN_Operation.c.obj
                0x0000000008002f08                CAN2_Filter_Init
 .text.HAL_CAN_RxFifo0MsgPendingCallback
                0x0000000008002f60       0xcc CMakeFiles/Base_Moving.elf.dir/Lib/Src/CAN_Operation.c.obj
                0x0000000008002f60                HAL_CAN_RxFifo0MsgPendingCallback
 .text.Locator_init
                0x000000000800302c       0x68 CMakeFiles/Base_Moving.elf.dir/Lib/Src/Location_Module_Recieve.c.obj
                0x000000000800302c                Locator_init
 .text.Locator_Rx_Init
                0x0000000008003094       0x14 CMakeFiles/Base_Moving.elf.dir/Lib/Src/Location_Module_Recieve.c.obj
                0x0000000008003094                Locator_Rx_Init
 .text.Locator_Data_Dealer
                0x00000000080030a8      0x178 CMakeFiles/Base_Moving.elf.dir/Lib/Src/Location_Module_Recieve.c.obj
                0x00000000080030a8                Locator_Data_Dealer
 .text.USART1_IRQHandler
                0x0000000008003220       0xdc CMakeFiles/Base_Moving.elf.dir/Lib/Src/Location_Module_Recieve.c.obj
                0x0000000008003220                USART1_IRQHandler
 .text.MecanumChassis_OmniDrive
                0x00000000080032fc       0xc4 CMakeFiles/Base_Moving.elf.dir/Lib/Src/Move_Controlor.c.obj
                0x00000000080032fc                MecanumChassis_OmniDrive
 .text.X_PID_Init
                0x00000000080033c0       0x40 CMakeFiles/Base_Moving.elf.dir/Lib/Src/Navi_Control.c.obj
                0x00000000080033c0                X_PID_Init
 .text.Y_PID_Init
                0x0000000008003400       0x40 CMakeFiles/Base_Moving.elf.dir/Lib/Src/Navi_Control.c.obj
                0x0000000008003400                Y_PID_Init
 .text.Angle_PID_Init
                0x0000000008003440       0x38 CMakeFiles/Base_Moving.elf.dir/Lib/Src/Navi_Control.c.obj
                0x0000000008003440                Angle_PID_Init
 .text.Navi_Control_Init
                0x0000000008003478       0x10 CMakeFiles/Base_Moving.elf.dir/Lib/Src/Navi_Control.c.obj
                0x0000000008003478                Navi_Control_Init
 .text.M3508_Speed_Control_Init
                0x0000000008003488       0x44 CMakeFiles/Base_Moving.elf.dir/Lib/Src/PID_Controlor.c.obj
                0x0000000008003488                M3508_Speed_Control_Init
 .text.PID_Calculate
                0x00000000080034cc      0x118 CMakeFiles/Base_Moving.elf.dir/Lib/Src/PID_Controlor.c.obj
                0x00000000080034cc                PID_Calculate
 .text.Base_Speed_Calculation
                0x00000000080035e4       0x64 CMakeFiles/Base_Moving.elf.dir/Lib/Src/PID_Controlor.c.obj
                0x00000000080035e4                Base_Speed_Calculation
 .text.Base_Control_Init
                0x0000000008003648       0x18 CMakeFiles/Base_Moving.elf.dir/Lib/Src/PID_Controlor.c.obj
                0x0000000008003648                Base_Control_Init
 .text.RC_init  0x0000000008003660       0x68 CMakeFiles/Base_Moving.elf.dir/Lib/Src/Remote_Controller.c.obj
                0x0000000008003660                RC_init
 .text.Remote_Controller_Init
                0x00000000080036c8       0x14 CMakeFiles/Base_Moving.elf.dir/Lib/Src/Remote_Controller.c.obj
                0x00000000080036c8                Remote_Controller_Init
 .text.Data_Dealer
                0x00000000080036dc       0xe0 CMakeFiles/Base_Moving.elf.dir/Lib/Src/Remote_Controller.c.obj
                0x00000000080036dc                Data_Dealer
 .text.USART3_IRQHandler
                0x00000000080037bc       0xe4 CMakeFiles/Base_Moving.elf.dir/Lib/Src/Remote_Controller.c.obj
                0x00000000080037bc                USART3_IRQHandler
 .text.Remote_Moving_Control
                0x00000000080038a0      0x148 CMakeFiles/Base_Moving.elf.dir/Lib/Src/Remote_Controller.c.obj
                0x00000000080038a0                Remote_Moving_Control
 .text.Usart1_TX_DMA_Init
                0x00000000080039e8       0x14 CMakeFiles/Base_Moving.elf.dir/Lib/Src/Usart_Printf.c.obj
                0x00000000080039e8                Usart1_TX_DMA_Init
 .text.usart1_tx_dma_enable
                0x00000000080039fc       0xd8 CMakeFiles/Base_Moving.elf.dir/Lib/Src/Usart_Printf.c.obj
                0x00000000080039fc                usart1_tx_dma_enable
 .text.Usart_Printf
                0x0000000008003ad4       0x38 CMakeFiles/Base_Moving.elf.dir/Lib/Src/Usart_Printf.c.obj
                0x0000000008003ad4                Usart_Printf
 .text.MX_CAN1_Init
                0x0000000008003b0c       0x40 CMakeFiles/Base_Moving.elf.dir/Src/can.c.obj
                0x0000000008003b0c                MX_CAN1_Init
 .text.MX_CAN2_Init
                0x0000000008003b4c       0x40 CMakeFiles/Base_Moving.elf.dir/Src/can.c.obj
                0x0000000008003b4c                MX_CAN2_Init
 .text.HAL_CAN_MspInit
                0x0000000008003b8c      0x120 CMakeFiles/Base_Moving.elf.dir/Src/can.c.obj
                0x0000000008003b8c                HAL_CAN_MspInit
 .text.MX_DMA_Init
                0x0000000008003cac       0x68 CMakeFiles/Base_Moving.elf.dir/Src/dma.c.obj
                0x0000000008003cac                MX_DMA_Init
 .text.MX_GPIO_Init
                0x0000000008003d14       0xcc CMakeFiles/Base_Moving.elf.dir/Src/gpio.c.obj
                0x0000000008003d14                MX_GPIO_Init
 .text.CAN_Recieved_Data_Dealer
                0x0000000008003de0       0x38 CMakeFiles/Base_Moving.elf.dir/Src/main.c.obj
                0x0000000008003de0                CAN_Recieved_Data_Dealer
 .text.Error_Handler
                0x0000000008003e18        0x4 CMakeFiles/Base_Moving.elf.dir/Src/main.c.obj
                0x0000000008003e18                Error_Handler
 .text.SystemClock_Config
                0x0000000008003e1c       0xa8 CMakeFiles/Base_Moving.elf.dir/Src/main.c.obj
                0x0000000008003e1c                SystemClock_Config
 .text.main     0x0000000008003ec4       0xa0 CMakeFiles/Base_Moving.elf.dir/Src/main.c.obj
                0x0000000008003ec4                main
 .text.HAL_MspInit
                0x0000000008003f64       0x38 CMakeFiles/Base_Moving.elf.dir/Src/stm32f4xx_hal_msp.c.obj
                0x0000000008003f64                HAL_MspInit
 .text.NMI_Handler
                0x0000000008003f9c        0x2 CMakeFiles/Base_Moving.elf.dir/Src/stm32f4xx_it.c.obj
                0x0000000008003f9c                NMI_Handler
 .text.HardFault_Handler
                0x0000000008003f9e        0x2 CMakeFiles/Base_Moving.elf.dir/Src/stm32f4xx_it.c.obj
                0x0000000008003f9e                HardFault_Handler
 .text.MemManage_Handler
                0x0000000008003fa0        0x2 CMakeFiles/Base_Moving.elf.dir/Src/stm32f4xx_it.c.obj
                0x0000000008003fa0                MemManage_Handler
 .text.BusFault_Handler
                0x0000000008003fa2        0x2 CMakeFiles/Base_Moving.elf.dir/Src/stm32f4xx_it.c.obj
                0x0000000008003fa2                BusFault_Handler
 .text.UsageFault_Handler
                0x0000000008003fa4        0x2 CMakeFiles/Base_Moving.elf.dir/Src/stm32f4xx_it.c.obj
                0x0000000008003fa4                UsageFault_Handler
 .text.SVC_Handler
                0x0000000008003fa6        0x2 CMakeFiles/Base_Moving.elf.dir/Src/stm32f4xx_it.c.obj
                0x0000000008003fa6                SVC_Handler
 .text.DebugMon_Handler
                0x0000000008003fa8        0x2 CMakeFiles/Base_Moving.elf.dir/Src/stm32f4xx_it.c.obj
                0x0000000008003fa8                DebugMon_Handler
 .text.PendSV_Handler
                0x0000000008003faa        0x2 CMakeFiles/Base_Moving.elf.dir/Src/stm32f4xx_it.c.obj
                0x0000000008003faa                PendSV_Handler
 .text.SysTick_Handler
                0x0000000008003fac        0x8 CMakeFiles/Base_Moving.elf.dir/Src/stm32f4xx_it.c.obj
                0x0000000008003fac                SysTick_Handler
 .text.DMA1_Stream1_IRQHandler
                0x0000000008003fb4       0x10 CMakeFiles/Base_Moving.elf.dir/Src/stm32f4xx_it.c.obj
                0x0000000008003fb4                DMA1_Stream1_IRQHandler
 .text.CAN1_RX0_IRQHandler
                0x0000000008003fc4       0x10 CMakeFiles/Base_Moving.elf.dir/Src/stm32f4xx_it.c.obj
                0x0000000008003fc4                CAN1_RX0_IRQHandler
 .text.DMA2_Stream2_IRQHandler
                0x0000000008003fd4       0x10 CMakeFiles/Base_Moving.elf.dir/Src/stm32f4xx_it.c.obj
                0x0000000008003fd4                DMA2_Stream2_IRQHandler
 .text.CAN2_RX0_IRQHandler
                0x0000000008003fe4       0x10 CMakeFiles/Base_Moving.elf.dir/Src/stm32f4xx_it.c.obj
                0x0000000008003fe4                CAN2_RX0_IRQHandler
 .text.DMA2_Stream7_IRQHandler
                0x0000000008003ff4       0x10 CMakeFiles/Base_Moving.elf.dir/Src/stm32f4xx_it.c.obj
                0x0000000008003ff4                DMA2_Stream7_IRQHandler
 .text._getpid  0x0000000008004004        0x4 CMakeFiles/Base_Moving.elf.dir/Src/syscalls.c.obj
                0x0000000008004004                _getpid
 .text._kill    0x0000000008004008       0x10 CMakeFiles/Base_Moving.elf.dir/Src/syscalls.c.obj
                0x0000000008004008                _kill
 .text._exit    0x0000000008004018        0xc CMakeFiles/Base_Moving.elf.dir/Src/syscalls.c.obj
                0x0000000008004018                _exit
 .text._read    0x0000000008004024       0x20 CMakeFiles/Base_Moving.elf.dir/Src/syscalls.c.obj
                0x0000000008004024                _read
 .text._write   0x0000000008004044       0x1c CMakeFiles/Base_Moving.elf.dir/Src/syscalls.c.obj
                0x0000000008004044                _write
 .text._sbrk    0x0000000008004060       0x3c CMakeFiles/Base_Moving.elf.dir/Src/syscalls.c.obj
                0x0000000008004060                _sbrk
 .text._close   0x000000000800409c        0x6 CMakeFiles/Base_Moving.elf.dir/Src/syscalls.c.obj
                0x000000000800409c                _close
 .text._fstat   0x00000000080040a2        0xa CMakeFiles/Base_Moving.elf.dir/Src/syscalls.c.obj
                0x00000000080040a2                _fstat
 .text._isatty  0x00000000080040ac        0x4 CMakeFiles/Base_Moving.elf.dir/Src/syscalls.c.obj
                0x00000000080040ac                _isatty
 .text._lseek   0x00000000080040b0        0x4 CMakeFiles/Base_Moving.elf.dir/Src/syscalls.c.obj
                0x00000000080040b0                _lseek
 .text.SystemInit
                0x00000000080040b4        0x2 CMakeFiles/Base_Moving.elf.dir/Src/system_stm32f4xx.c.obj
                0x00000000080040b4                SystemInit
 *fill*         0x00000000080040b6        0x2 
 .text.MX_USART1_UART_Init
                0x00000000080040b8       0x34 CMakeFiles/Base_Moving.elf.dir/Src/usart.c.obj
                0x00000000080040b8                MX_USART1_UART_Init
 .text.MX_USART3_UART_Init
                0x00000000080040ec       0x38 CMakeFiles/Base_Moving.elf.dir/Src/usart.c.obj
                0x00000000080040ec                MX_USART3_UART_Init
 .text.HAL_UART_MspInit
                0x0000000008004124      0x1e0 CMakeFiles/Base_Moving.elf.dir/Src/usart.c.obj
                0x0000000008004124                HAL_UART_MspInit
 .text.Reset_Handler
                0x0000000008004304       0x50 CMakeFiles/Base_Moving.elf.dir/startup/startup_stm32f407xx.s.obj
                0x0000000008004304                Reset_Handler
 .text.Default_Handler
                0x0000000008004354        0x2 CMakeFiles/Base_Moving.elf.dir/startup/startup_stm32f407xx.s.obj
                0x0000000008004354                DMA1_Stream3_IRQHandler
                0x0000000008004354                HASH_RNG_IRQHandler
                0x0000000008004354                EXTI2_IRQHandler
                0x0000000008004354                TIM8_CC_IRQHandler
                0x0000000008004354                TIM1_CC_IRQHandler
                0x0000000008004354                DMA2_Stream5_IRQHandler
                0x0000000008004354                DMA1_Stream5_IRQHandler
                0x0000000008004354                PVD_IRQHandler
                0x0000000008004354                SDIO_IRQHandler
                0x0000000008004354                TAMP_STAMP_IRQHandler
                0x0000000008004354                CAN2_RX1_IRQHandler
                0x0000000008004354                EXTI3_IRQHandler
                0x0000000008004354                TIM8_TRG_COM_TIM14_IRQHandler
                0x0000000008004354                TIM1_UP_TIM10_IRQHandler
                0x0000000008004354                TIM8_UP_TIM13_IRQHandler
                0x0000000008004354                I2C3_ER_IRQHandler
                0x0000000008004354                EXTI0_IRQHandler
                0x0000000008004354                I2C2_EV_IRQHandler
                0x0000000008004354                DMA1_Stream2_IRQHandler
                0x0000000008004354                FPU_IRQHandler
                0x0000000008004354                OTG_HS_WKUP_IRQHandler
                0x0000000008004354                CAN2_SCE_IRQHandler
                0x0000000008004354                SPI1_IRQHandler
                0x0000000008004354                TIM6_DAC_IRQHandler
                0x0000000008004354                TIM1_BRK_TIM9_IRQHandler
                0x0000000008004354                DCMI_IRQHandler
                0x0000000008004354                DMA2_Stream3_IRQHandler
                0x0000000008004354                USART6_IRQHandler
                0x0000000008004354                CAN1_RX1_IRQHandler
                0x0000000008004354                UART5_IRQHandler
                0x0000000008004354                DMA2_Stream0_IRQHandler
                0x0000000008004354                TIM4_IRQHandler
                0x0000000008004354                I2C1_EV_IRQHandler
                0x0000000008004354                DMA1_Stream6_IRQHandler
                0x0000000008004354                UART4_IRQHandler
                0x0000000008004354                TIM3_IRQHandler
                0x0000000008004354                RCC_IRQHandler
                0x0000000008004354                TIM8_BRK_TIM12_IRQHandler
                0x0000000008004354                Default_Handler
                0x0000000008004354                EXTI15_10_IRQHandler
                0x0000000008004354                ADC_IRQHandler
                0x0000000008004354                DMA1_Stream7_IRQHandler
                0x0000000008004354                TIM7_IRQHandler
                0x0000000008004354                CAN2_TX_IRQHandler
                0x0000000008004354                TIM5_IRQHandler
                0x0000000008004354                I2C3_EV_IRQHandler
                0x0000000008004354                EXTI9_5_IRQHandler
                0x0000000008004354                RTC_WKUP_IRQHandler
                0x0000000008004354                ETH_WKUP_IRQHandler
                0x0000000008004354                SPI2_IRQHandler
                0x0000000008004354                OTG_HS_EP1_IN_IRQHandler
                0x0000000008004354                DMA1_Stream0_IRQHandler
                0x0000000008004354                CAN1_TX_IRQHandler
                0x0000000008004354                EXTI4_IRQHandler
                0x0000000008004354                FSMC_IRQHandler
                0x0000000008004354                ETH_IRQHandler
                0x0000000008004354                OTG_HS_EP1_OUT_IRQHandler
                0x0000000008004354                WWDG_IRQHandler
                0x0000000008004354                TIM2_IRQHandler
                0x0000000008004354                OTG_FS_WKUP_IRQHandler
                0x0000000008004354                TIM1_TRG_COM_TIM11_IRQHandler
                0x0000000008004354                OTG_HS_IRQHandler
                0x0000000008004354                EXTI1_IRQHandler
                0x0000000008004354                USART2_IRQHandler
                0x0000000008004354                I2C2_ER_IRQHandler
                0x0000000008004354                DMA2_Stream1_IRQHandler
                0x0000000008004354                CAN1_SCE_IRQHandler
                0x0000000008004354                FLASH_IRQHandler
                0x0000000008004354                DMA2_Stream4_IRQHandler
                0x0000000008004354                OTG_FS_IRQHandler
                0x0000000008004354                SPI3_IRQHandler
                0x0000000008004354                DMA1_Stream4_IRQHandler
                0x0000000008004354                I2C1_ER_IRQHandler
                0x0000000008004354                DMA2_Stream6_IRQHandler
                0x0000000008004354                RTC_Alarm_IRQHandler
 *fill*         0x0000000008004356        0x2 
 .text.__errno  0x0000000008004358        0xc /opt/homebrew/Cellar/arm-none-eabi-gcc/10.3-2021.07/gcc/bin/../lib/gcc/arm-none-eabi/10.3.1/../../../../arm-none-eabi/lib/thumb/v7e-m/nofp/libg.a(lib_a-errno.o)
                0x0000000008004358                __errno
 .text.__libc_init_array
                0x0000000008004364       0x48 /opt/homebrew/Cellar/arm-none-eabi-gcc/10.3-2021.07/gcc/bin/../lib/gcc/arm-none-eabi/10.3.1/../../../../arm-none-eabi/lib/thumb/v7e-m/nofp/libg.a(lib_a-init.o)
                0x0000000008004364                __libc_init_array
 .text.memset   0x00000000080043ac       0xa4 /opt/homebrew/Cellar/arm-none-eabi-gcc/10.3-2021.07/gcc/bin/../lib/gcc/arm-none-eabi/10.3.1/../../../../arm-none-eabi/lib/thumb/v7e-m/nofp/libg.a(lib_a-memset.o)
                0x00000000080043ac                memset
 .text.vsprintf
                0x0000000008004450       0x38 /opt/homebrew/Cellar/arm-none-eabi-gcc/10.3-2021.07/gcc/bin/../lib/gcc/arm-none-eabi/10.3.1/../../../../arm-none-eabi/lib/thumb/v7e-m/nofp/libg.a(lib_a-vsprintf.o)
                0x0000000008004450                vsprintf
 .text.startup.register_fini
                0x0000000008004488       0x14 /opt/homebrew/Cellar/arm-none-eabi-gcc/10.3-2021.07/gcc/bin/../lib/gcc/arm-none-eabi/10.3.1/../../../../arm-none-eabi/lib/thumb/v7e-m/nofp/libg.a(lib_a-__call_atexit.o)
 .text.atexit   0x000000000800449c        0xc /opt/homebrew/Cellar/arm-none-eabi-gcc/10.3-2021.07/gcc/bin/../lib/gcc/arm-none-eabi/10.3.1/../../../../arm-none-eabi/lib/thumb/v7e-m/nofp/libg.a(lib_a-atexit.o)
                0x000000000800449c                atexit
 .text.__libc_fini_array
                0x00000000080044a8       0x2c /opt/homebrew/Cellar/arm-none-eabi-gcc/10.3-2021.07/gcc/bin/../lib/gcc/arm-none-eabi/10.3.1/../../../../arm-none-eabi/lib/thumb/v7e-m/nofp/libg.a(lib_a-fini.o)
                0x00000000080044a8                __libc_fini_array
 .text.__retarget_lock_init_recursive
                0x00000000080044d4        0x4 /opt/homebrew/Cellar/arm-none-eabi-gcc/10.3-2021.07/gcc/bin/../lib/gcc/arm-none-eabi/10.3.1/../../../../arm-none-eabi/lib/thumb/v7e-m/nofp/libg.a(lib_a-lock.o)
                0x00000000080044d4                __retarget_lock_init_recursive
 .text.__retarget_lock_close_recursive
                0x00000000080044d8        0x4 /opt/homebrew/Cellar/arm-none-eabi-gcc/10.3-2021.07/gcc/bin/../lib/gcc/arm-none-eabi/10.3.1/../../../../arm-none-eabi/lib/thumb/v7e-m/nofp/libg.a(lib_a-lock.o)
                0x00000000080044d8                __retarget_lock_close_recursive
 .text.__retarget_lock_acquire_recursive
                0x00000000080044dc        0x4 /opt/homebrew/Cellar/arm-none-eabi-gcc/10.3-2021.07/gcc/bin/../lib/gcc/arm-none-eabi/10.3.1/../../../../arm-none-eabi/lib/thumb/v7e-m/nofp/libg.a(lib_a-lock.o)
                0x00000000080044dc                __retarget_lock_acquire_recursive
 .text.__retarget_lock_release_recursive
                0x00000000080044e0        0x4 /opt/homebrew/Cellar/arm-none-eabi-gcc/10.3-2021.07/gcc/bin/../lib/gcc/arm-none-eabi/10.3.1/../../../../arm-none-eabi/lib/thumb/v7e-m/nofp/libg.a(lib_a-lock.o)
                0x00000000080044e0                __retarget_lock_release_recursive
 .text._svfprintf_r
                0x00000000080044e4     0x1a3c /opt/homebrew/Cellar/arm-none-eabi-gcc/10.3-2021.07/gcc/bin/../lib/gcc/arm-none-eabi/10.3.1/../../../../arm-none-eabi/lib/thumb/v7e-m/nofp/libg.a(lib_a-svfprintf.o)
                0x00000000080044e4                _svfprintf_r
 .text.__register_exitproc
                0x0000000008005f20       0x8c /opt/homebrew/Cellar/arm-none-eabi-gcc/10.3-2021.07/gcc/bin/../lib/gcc/arm-none-eabi/10.3.1/../../../../arm-none-eabi/lib/thumb/v7e-m/nofp/libg.a(lib_a-__atexit.o)
                0x0000000008005f20                __register_exitproc
 .text.quorem   0x0000000008005fac      0x124 /opt/homebrew/Cellar/arm-none-eabi-gcc/10.3-2021.07/gcc/bin/../lib/gcc/arm-none-eabi/10.3.1/../../../../arm-none-eabi/lib/thumb/v7e-m/nofp/libg.a(lib_a-dtoa.o)
 .text._dtoa_r  0x00000000080060d0      0xec4 /opt/homebrew/Cellar/arm-none-eabi-gcc/10.3-2021.07/gcc/bin/../lib/gcc/arm-none-eabi/10.3.1/../../../../arm-none-eabi/lib/thumb/v7e-m/nofp/libg.a(lib_a-dtoa.o)
                0x00000000080060d0                _dtoa_r
 .text._malloc_trim_r
                0x0000000008006f94       0xa0 /opt/homebrew/Cellar/arm-none-eabi-gcc/10.3-2021.07/gcc/bin/../lib/gcc/arm-none-eabi/10.3.1/../../../../arm-none-eabi/lib/thumb/v7e-m/nofp/libg.a(lib_a-freer.o)
                0x0000000008006f94                _malloc_trim_r
 .text._free_r  0x0000000008007034      0x20c /opt/homebrew/Cellar/arm-none-eabi-gcc/10.3-2021.07/gcc/bin/../lib/gcc/arm-none-eabi/10.3.1/../../../../arm-none-eabi/lib/thumb/v7e-m/nofp/libg.a(lib_a-freer.o)
                0x0000000008007034                _free_r
 .text._localeconv_r
                0x0000000008007240        0x8 /opt/homebrew/Cellar/arm-none-eabi-gcc/10.3-2021.07/gcc/bin/../lib/gcc/arm-none-eabi/10.3.1/../../../../arm-none-eabi/lib/thumb/v7e-m/nofp/libg.a(lib_a-localeconv.o)
                0x0000000008007240                _localeconv_r
 .text._malloc_r
                0x0000000008007248      0x560 /opt/homebrew/Cellar/arm-none-eabi-gcc/10.3-2021.07/gcc/bin/../lib/gcc/arm-none-eabi/10.3.1/../../../../arm-none-eabi/lib/thumb/v7e-m/nofp/libg.a(lib_a-mallocr.o)
                0x0000000008007248                _malloc_r
 .text.__malloc_lock
                0x00000000080077a8        0xc /opt/homebrew/Cellar/arm-none-eabi-gcc/10.3-2021.07/gcc/bin/../lib/gcc/arm-none-eabi/10.3.1/../../../../arm-none-eabi/lib/thumb/v7e-m/nofp/libg.a(lib_a-mlock.o)
                0x00000000080077a8                __malloc_lock
 .text.__malloc_unlock
                0x00000000080077b4        0xc /opt/homebrew/Cellar/arm-none-eabi-gcc/10.3-2021.07/gcc/bin/../lib/gcc/arm-none-eabi/10.3.1/../../../../arm-none-eabi/lib/thumb/v7e-m/nofp/libg.a(lib_a-mlock.o)
                0x00000000080077b4                __malloc_unlock
 .text._Balloc  0x00000000080077c0       0x4c /opt/homebrew/Cellar/arm-none-eabi-gcc/10.3-2021.07/gcc/bin/../lib/gcc/arm-none-eabi/10.3.1/../../../../arm-none-eabi/lib/thumb/v7e-m/nofp/libg.a(lib_a-mprec.o)
                0x00000000080077c0                _Balloc
 .text._Bfree   0x000000000800780c       0x14 /opt/homebrew/Cellar/arm-none-eabi-gcc/10.3-2021.07/gcc/bin/../lib/gcc/arm-none-eabi/10.3.1/../../../../arm-none-eabi/lib/thumb/v7e-m/nofp/libg.a(lib_a-mprec.o)
                0x000000000800780c                _Bfree
 .text.__multadd
                0x0000000008007820       0xa0 /opt/homebrew/Cellar/arm-none-eabi-gcc/10.3-2021.07/gcc/bin/../lib/gcc/arm-none-eabi/10.3.1/../../../../arm-none-eabi/lib/thumb/v7e-m/nofp/libg.a(lib_a-mprec.o)
                0x0000000008007820                __multadd
 .text.__hi0bits
                0x00000000080078c0       0x40 /opt/homebrew/Cellar/arm-none-eabi-gcc/10.3-2021.07/gcc/bin/../lib/gcc/arm-none-eabi/10.3.1/../../../../arm-none-eabi/lib/thumb/v7e-m/nofp/libg.a(lib_a-mprec.o)
                0x00000000080078c0                __hi0bits
 .text.__lo0bits
                0x0000000008007900       0x5c /opt/homebrew/Cellar/arm-none-eabi-gcc/10.3-2021.07/gcc/bin/../lib/gcc/arm-none-eabi/10.3.1/../../../../arm-none-eabi/lib/thumb/v7e-m/nofp/libg.a(lib_a-mprec.o)
                0x0000000008007900                __lo0bits
 .text.__i2b    0x000000000800795c       0x5c /opt/homebrew/Cellar/arm-none-eabi-gcc/10.3-2021.07/gcc/bin/../lib/gcc/arm-none-eabi/10.3.1/../../../../arm-none-eabi/lib/thumb/v7e-m/nofp/libg.a(lib_a-mprec.o)
                0x000000000800795c                __i2b
 .text.__multiply
                0x00000000080079b8      0x15c /opt/homebrew/Cellar/arm-none-eabi-gcc/10.3-2021.07/gcc/bin/../lib/gcc/arm-none-eabi/10.3.1/../../../../arm-none-eabi/lib/thumb/v7e-m/nofp/libg.a(lib_a-mprec.o)
                0x00000000080079b8                __multiply
 .text.__pow5mult
                0x0000000008007b14       0xc0 /opt/homebrew/Cellar/arm-none-eabi-gcc/10.3-2021.07/gcc/bin/../lib/gcc/arm-none-eabi/10.3.1/../../../../arm-none-eabi/lib/thumb/v7e-m/nofp/libg.a(lib_a-mprec.o)
                0x0000000008007b14                __pow5mult
 .text.__lshift
                0x0000000008007bd4       0xf0 /opt/homebrew/Cellar/arm-none-eabi-gcc/10.3-2021.07/gcc/bin/../lib/gcc/arm-none-eabi/10.3.1/../../../../arm-none-eabi/lib/thumb/v7e-m/nofp/libg.a(lib_a-mprec.o)
                0x0000000008007bd4                __lshift
 .text.__mcmp   0x0000000008007cc4       0x40 /opt/homebrew/Cellar/arm-none-eabi-gcc/10.3-2021.07/gcc/bin/../lib/gcc/arm-none-eabi/10.3.1/../../../../arm-none-eabi/lib/thumb/v7e-m/nofp/libg.a(lib_a-mprec.o)
                0x0000000008007cc4                __mcmp
 .text.__mdiff  0x0000000008007d04      0x14c /opt/homebrew/Cellar/arm-none-eabi-gcc/10.3-2021.07/gcc/bin/../lib/gcc/arm-none-eabi/10.3.1/../../../../arm-none-eabi/lib/thumb/v7e-m/nofp/libg.a(lib_a-mprec.o)
                0x0000000008007d04                __mdiff
 .text.__d2b    0x0000000008007e50       0xc4 /opt/homebrew/Cellar/arm-none-eabi-gcc/10.3-2021.07/gcc/bin/../lib/gcc/arm-none-eabi/10.3.1/../../../../arm-none-eabi/lib/thumb/v7e-m/nofp/libg.a(lib_a-mprec.o)
                0x0000000008007e50                __d2b
 .text.frexp    0x0000000008007f14       0x70 /opt/homebrew/Cellar/arm-none-eabi-gcc/10.3-2021.07/gcc/bin/../lib/gcc/arm-none-eabi/10.3.1/../../../../arm-none-eabi/lib/thumb/v7e-m/nofp/libg.a(lib_a-s_frexp.o)
                0x0000000008007f14                frexp
 .text._sbrk_r  0x0000000008007f84       0x24 /opt/homebrew/Cellar/arm-none-eabi-gcc/10.3-2021.07/gcc/bin/../lib/gcc/arm-none-eabi/10.3.1/../../../../arm-none-eabi/lib/thumb/v7e-m/nofp/libg.a(lib_a-sbrkr.o)
                0x0000000008007f84                _sbrk_r
 .text.strncpy  0x0000000008007fa8       0x64 /opt/homebrew/Cellar/arm-none-eabi-gcc/10.3-2021.07/gcc/bin/../lib/gcc/arm-none-eabi/10.3.1/../../../../arm-none-eabi/lib/thumb/v7e-m/nofp/libg.a(lib_a-strncpy.o)
                0x0000000008007fa8                strncpy
 .text.__ssprint_r
                0x000000000800800c       0xf8 /opt/homebrew/Cellar/arm-none-eabi-gcc/10.3-2021.07/gcc/bin/../lib/gcc/arm-none-eabi/10.3.1/../../../../arm-none-eabi/lib/thumb/v7e-m/nofp/libg.a(lib_a-svfiprintf.o)
                0x000000000800800c                __ssprint_r
 .text.__assert_func
                0x0000000008008104       0x40 /opt/homebrew/Cellar/arm-none-eabi-gcc/10.3-2021.07/gcc/bin/../lib/gcc/arm-none-eabi/10.3.1/../../../../arm-none-eabi/lib/thumb/v7e-m/nofp/libg.a(lib_a-assert.o)
                0x0000000008008104                __assert_func
 .text._calloc_r
                0x0000000008008144       0x78 /opt/homebrew/Cellar/arm-none-eabi-gcc/10.3-2021.07/gcc/bin/../lib/gcc/arm-none-eabi/10.3.1/../../../../arm-none-eabi/lib/thumb/v7e-m/nofp/libg.a(lib_a-callocr.o)
                0x0000000008008144                _calloc_r
 .text.fiprintf
                0x00000000080081bc       0x28 /opt/homebrew/Cellar/arm-none-eabi-gcc/10.3-2021.07/gcc/bin/../lib/gcc/arm-none-eabi/10.3.1/../../../../arm-none-eabi/lib/thumb/v7e-m/nofp/libg.a(lib_a-fiprintf.o)
                0x00000000080081bc                fiprintf
 .text.__locale_mb_cur_max
                0x00000000080081e4        0xc /opt/homebrew/Cellar/arm-none-eabi-gcc/10.3-2021.07/gcc/bin/../lib/gcc/arm-none-eabi/10.3.1/../../../../arm-none-eabi/lib/thumb/v7e-m/nofp/libg.a(lib_a-locale.o)
                0x00000000080081e4                __locale_mb_cur_max
 .text.__ascii_mbtowc
                0x00000000080081f0       0x2c /opt/homebrew/Cellar/arm-none-eabi-gcc/10.3-2021.07/gcc/bin/../lib/gcc/arm-none-eabi/10.3.1/../../../../arm-none-eabi/lib/thumb/v7e-m/nofp/libg.a(lib_a-mbtowc_r.o)
                0x00000000080081f0                __ascii_mbtowc
 .text.memmove  0x000000000800821c       0xf8 /opt/homebrew/Cellar/arm-none-eabi-gcc/10.3-2021.07/gcc/bin/../lib/gcc/arm-none-eabi/10.3.1/../../../../arm-none-eabi/lib/thumb/v7e-m/nofp/libg.a(lib_a-memmove.o)
                0x000000000800821c                memmove
 .text._realloc_r
                0x0000000008008314      0x3d8 /opt/homebrew/Cellar/arm-none-eabi-gcc/10.3-2021.07/gcc/bin/../lib/gcc/arm-none-eabi/10.3.1/../../../../arm-none-eabi/lib/thumb/v7e-m/nofp/libg.a(lib_a-reallocr.o)
                0x0000000008008314                _realloc_r
 .text.__sprint_r.part.0
                0x00000000080086ec       0x78 /opt/homebrew/Cellar/arm-none-eabi-gcc/10.3-2021.07/gcc/bin/../lib/gcc/arm-none-eabi/10.3.1/../../../../arm-none-eabi/lib/thumb/v7e-m/nofp/libg.a(lib_a-vfiprintf.o)
 .text._vfiprintf_r
                0x0000000008008764      0xda0 /opt/homebrew/Cellar/arm-none-eabi-gcc/10.3-2021.07/gcc/bin/../lib/gcc/arm-none-eabi/10.3.1/../../../../arm-none-eabi/lib/thumb/v7e-m/nofp/libg.a(lib_a-vfiprintf.o)
                0x0000000008008764                _vfiprintf_r
 .text.__sbprintf
                0x0000000008009504       0x80 /opt/homebrew/Cellar/arm-none-eabi-gcc/10.3-2021.07/gcc/bin/../lib/gcc/arm-none-eabi/10.3.1/../../../../arm-none-eabi/lib/thumb/v7e-m/nofp/libg.a(lib_a-vfiprintf.o)
 .text.__ascii_wctomb
                0x0000000008009584       0x1c /opt/homebrew/Cellar/arm-none-eabi-gcc/10.3-2021.07/gcc/bin/../lib/gcc/arm-none-eabi/10.3.1/../../../../arm-none-eabi/lib/thumb/v7e-m/nofp/libg.a(lib_a-wctomb_r.o)
                0x0000000008009584                __ascii_wctomb
 .text.__swsetup_r
                0x00000000080095a0       0xd4 /opt/homebrew/Cellar/arm-none-eabi-gcc/10.3-2021.07/gcc/bin/../lib/gcc/arm-none-eabi/10.3.1/../../../../arm-none-eabi/lib/thumb/v7e-m/nofp/libg.a(lib_a-wsetup.o)
                0x00000000080095a0                __swsetup_r
 .text.abort    0x0000000008009674       0x10 /opt/homebrew/Cellar/arm-none-eabi-gcc/10.3-2021.07/gcc/bin/../lib/gcc/arm-none-eabi/10.3.1/../../../../arm-none-eabi/lib/thumb/v7e-m/nofp/libg.a(lib_a-abort.o)
                0x0000000008009674                abort
 .text.__sflush_r
                0x0000000008009684      0x120 /opt/homebrew/Cellar/arm-none-eabi-gcc/10.3-2021.07/gcc/bin/../lib/gcc/arm-none-eabi/10.3.1/../../../../arm-none-eabi/lib/thumb/v7e-m/nofp/libg.a(lib_a-fflush.o)
                0x0000000008009684                __sflush_r
 .text._fflush_r
                0x00000000080097a4       0x5c /opt/homebrew/Cellar/arm-none-eabi-gcc/10.3-2021.07/gcc/bin/../lib/gcc/arm-none-eabi/10.3.1/../../../../arm-none-eabi/lib/thumb/v7e-m/nofp/libg.a(lib_a-fflush.o)
                0x00000000080097a4                _fflush_r
 .text._cleanup_r
                0x0000000008009800        0xc /opt/homebrew/Cellar/arm-none-eabi-gcc/10.3-2021.07/gcc/bin/../lib/gcc/arm-none-eabi/10.3.1/../../../../arm-none-eabi/lib/thumb/v7e-m/nofp/libg.a(lib_a-findfp.o)
                0x0000000008009800                _cleanup_r
 .text.__sinit  0x000000000800980c      0x10c /opt/homebrew/Cellar/arm-none-eabi-gcc/10.3-2021.07/gcc/bin/../lib/gcc/arm-none-eabi/10.3.1/../../../../arm-none-eabi/lib/thumb/v7e-m/nofp/libg.a(lib_a-findfp.o)
                0x000000000800980c                __sinit
 .text.__sfp_lock_acquire
                0x0000000008009918        0xc /opt/homebrew/Cellar/arm-none-eabi-gcc/10.3-2021.07/gcc/bin/../lib/gcc/arm-none-eabi/10.3.1/../../../../arm-none-eabi/lib/thumb/v7e-m/nofp/libg.a(lib_a-findfp.o)
                0x0000000008009918                __sfp_lock_acquire
 .text.__sfp_lock_release
                0x0000000008009924        0xc /opt/homebrew/Cellar/arm-none-eabi-gcc/10.3-2021.07/gcc/bin/../lib/gcc/arm-none-eabi/10.3.1/../../../../arm-none-eabi/lib/thumb/v7e-m/nofp/libg.a(lib_a-findfp.o)
                0x0000000008009924                __sfp_lock_release
 .text.__fputwc
                0x0000000008009930       0xa8 /opt/homebrew/Cellar/arm-none-eabi-gcc/10.3-2021.07/gcc/bin/../lib/gcc/arm-none-eabi/10.3.1/../../../../arm-none-eabi/lib/thumb/v7e-m/nofp/libg.a(lib_a-fputwc.o)
                0x0000000008009930                __fputwc
 .text._fputwc_r
                0x00000000080099d8       0x68 /opt/homebrew/Cellar/arm-none-eabi-gcc/10.3-2021.07/gcc/bin/../lib/gcc/arm-none-eabi/10.3.1/../../../../arm-none-eabi/lib/thumb/v7e-m/nofp/libg.a(lib_a-fputwc.o)
                0x00000000080099d8                _fputwc_r
 .text.__sfvwrite_r
                0x0000000008009a40      0x2e8 /opt/homebrew/Cellar/arm-none-eabi-gcc/10.3-2021.07/gcc/bin/../lib/gcc/arm-none-eabi/10.3.1/../../../../arm-none-eabi/lib/thumb/v7e-m/nofp/libg.a(lib_a-fvwrite.o)
                0x0000000008009a40                __sfvwrite_r
 .text._fwalk_reent
                0x0000000008009d28       0x48 /opt/homebrew/Cellar/arm-none-eabi-gcc/10.3-2021.07/gcc/bin/../lib/gcc/arm-none-eabi/10.3.1/../../../../arm-none-eabi/lib/thumb/v7e-m/nofp/libg.a(lib_a-fwalk.o)
                0x0000000008009d28                _fwalk_reent
 .text.__smakebuf_r
                0x0000000008009d70       0xe0 /opt/homebrew/Cellar/arm-none-eabi-gcc/10.3-2021.07/gcc/bin/../lib/gcc/arm-none-eabi/10.3.1/../../../../arm-none-eabi/lib/thumb/v7e-m/nofp/libg.a(lib_a-makebuf.o)
                0x0000000008009d70                __smakebuf_r
 .text.raise    0x0000000008009e50       0x5c /opt/homebrew/Cellar/arm-none-eabi-gcc/10.3-2021.07/gcc/bin/../lib/gcc/arm-none-eabi/10.3.1/../../../../arm-none-eabi/lib/thumb/v7e-m/nofp/libg.a(lib_a-signal.o)
                0x0000000008009e50                raise
 .text._kill_r  0x0000000008009eac       0x2c /opt/homebrew/Cellar/arm-none-eabi-gcc/10.3-2021.07/gcc/bin/../lib/gcc/arm-none-eabi/10.3.1/../../../../arm-none-eabi/lib/thumb/v7e-m/nofp/libg.a(lib_a-signalr.o)
                0x0000000008009eac                _kill_r
 .text._getpid_r
                0x0000000008009ed8        0x4 /opt/homebrew/Cellar/arm-none-eabi-gcc/10.3-2021.07/gcc/bin/../lib/gcc/arm-none-eabi/10.3.1/../../../../arm-none-eabi/lib/thumb/v7e-m/nofp/libg.a(lib_a-signalr.o)
                0x0000000008009ed8                _getpid_r
 .text.__sread  0x0000000008009edc       0x24 /opt/homebrew/Cellar/arm-none-eabi-gcc/10.3-2021.07/gcc/bin/../lib/gcc/arm-none-eabi/10.3.1/../../../../arm-none-eabi/lib/thumb/v7e-m/nofp/libg.a(lib_a-stdio.o)
                0x0000000008009edc                __sread
 .text.__swrite
                0x0000000008009f00       0x40 /opt/homebrew/Cellar/arm-none-eabi-gcc/10.3-2021.07/gcc/bin/../lib/gcc/arm-none-eabi/10.3.1/../../../../arm-none-eabi/lib/thumb/v7e-m/nofp/libg.a(lib_a-stdio.o)
                0x0000000008009f00                __swrite
 .text.__sseek  0x0000000008009f40       0x20 /opt/homebrew/Cellar/arm-none-eabi-gcc/10.3-2021.07/gcc/bin/../lib/gcc/arm-none-eabi/10.3.1/../../../../arm-none-eabi/lib/thumb/v7e-m/nofp/libg.a(lib_a-stdio.o)
                0x0000000008009f40                __sseek
 .text.__sclose
                0x0000000008009f60        0x8 /opt/homebrew/Cellar/arm-none-eabi-gcc/10.3-2021.07/gcc/bin/../lib/gcc/arm-none-eabi/10.3.1/../../../../arm-none-eabi/lib/thumb/v7e-m/nofp/libg.a(lib_a-stdio.o)
                0x0000000008009f60                __sclose
 .text.__swbuf_r
                0x0000000008009f68       0xb0 /opt/homebrew/Cellar/arm-none-eabi-gcc/10.3-2021.07/gcc/bin/../lib/gcc/arm-none-eabi/10.3.1/../../../../arm-none-eabi/lib/thumb/v7e-m/nofp/libg.a(lib_a-wbuf.o)
                0x0000000008009f68                __swbuf_r
 .text._wcrtomb_r
                0x000000000800a018       0x3c /opt/homebrew/Cellar/arm-none-eabi-gcc/10.3-2021.07/gcc/bin/../lib/gcc/arm-none-eabi/10.3.1/../../../../arm-none-eabi/lib/thumb/v7e-m/nofp/libg.a(lib_a-wcrtomb.o)
                0x000000000800a018                _wcrtomb_r
 .text._write_r
                0x000000000800a054       0x2c /opt/homebrew/Cellar/arm-none-eabi-gcc/10.3-2021.07/gcc/bin/../lib/gcc/arm-none-eabi/10.3.1/../../../../arm-none-eabi/lib/thumb/v7e-m/nofp/libg.a(lib_a-writer.o)
                0x000000000800a054                _write_r
 .text._close_r
                0x000000000800a080       0x24 /opt/homebrew/Cellar/arm-none-eabi-gcc/10.3-2021.07/gcc/bin/../lib/gcc/arm-none-eabi/10.3.1/../../../../arm-none-eabi/lib/thumb/v7e-m/nofp/libg.a(lib_a-closer.o)
                0x000000000800a080                _close_r
 .text._fclose_r
                0x000000000800a0a4       0xcc /opt/homebrew/Cellar/arm-none-eabi-gcc/10.3-2021.07/gcc/bin/../lib/gcc/arm-none-eabi/10.3.1/../../../../arm-none-eabi/lib/thumb/v7e-m/nofp/libg.a(lib_a-fclose.o)
                0x000000000800a0a4                _fclose_r
 .text._fstat_r
                0x000000000800a170       0x2c /opt/homebrew/Cellar/arm-none-eabi-gcc/10.3-2021.07/gcc/bin/../lib/gcc/arm-none-eabi/10.3.1/../../../../arm-none-eabi/lib/thumb/v7e-m/nofp/libg.a(lib_a-fstatr.o)
                0x000000000800a170                _fstat_r
 .text._isatty_r
                0x000000000800a19c       0x24 /opt/homebrew/Cellar/arm-none-eabi-gcc/10.3-2021.07/gcc/bin/../lib/gcc/arm-none-eabi/10.3.1/../../../../arm-none-eabi/lib/thumb/v7e-m/nofp/libg.a(lib_a-isattyr.o)
                0x000000000800a19c                _isatty_r
 .text._lseek_r
                0x000000000800a1c0       0x2c /opt/homebrew/Cellar/arm-none-eabi-gcc/10.3-2021.07/gcc/bin/../lib/gcc/arm-none-eabi/10.3.1/../../../../arm-none-eabi/lib/thumb/v7e-m/nofp/libg.a(lib_a-lseekr.o)
                0x000000000800a1c0                _lseek_r
 .text._read_r  0x000000000800a1ec       0x2c /opt/homebrew/Cellar/arm-none-eabi-gcc/10.3-2021.07/gcc/bin/../lib/gcc/arm-none-eabi/10.3.1/../../../../arm-none-eabi/lib/thumb/v7e-m/nofp/libg.a(lib_a-readr.o)
                0x000000000800a1ec                _read_r
 .text.cos      0x000000000800a218       0xa0 /opt/homebrew/Cellar/arm-none-eabi-gcc/10.3-2021.07/gcc/bin/../lib/gcc/arm-none-eabi/10.3.1/../../../../arm-none-eabi/lib/thumb/v7e-m/nofp/libm.a(lib_a-s_cos.o)
                0x000000000800a218                cos
 .text.sin      0x000000000800a2b8       0xb0 /opt/homebrew/Cellar/arm-none-eabi-gcc/10.3-2021.07/gcc/bin/../lib/gcc/arm-none-eabi/10.3.1/../../../../arm-none-eabi/lib/thumb/v7e-m/nofp/libm.a(lib_a-s_sin.o)
                0x000000000800a2b8                sin
 .text.__ieee754_rem_pio2
                0x000000000800a368      0x454 /opt/homebrew/Cellar/arm-none-eabi-gcc/10.3-2021.07/gcc/bin/../lib/gcc/arm-none-eabi/10.3.1/../../../../arm-none-eabi/lib/thumb/v7e-m/nofp/libm.a(lib_a-e_rem_pio2.o)
                0x000000000800a368                __ieee754_rem_pio2
 *fill*         0x000000000800a7bc        0x4 
 .text.__kernel_cos
                0x000000000800a7c0      0x260 /opt/homebrew/Cellar/arm-none-eabi-gcc/10.3-2021.07/gcc/bin/../lib/gcc/arm-none-eabi/10.3.1/../../../../arm-none-eabi/lib/thumb/v7e-m/nofp/libm.a(lib_a-k_cos.o)
                0x000000000800a7c0                __kernel_cos
 .text.__kernel_rem_pio2
                0x000000000800aa20      0x850 /opt/homebrew/Cellar/arm-none-eabi-gcc/10.3-2021.07/gcc/bin/../lib/gcc/arm-none-eabi/10.3.1/../../../../arm-none-eabi/lib/thumb/v7e-m/nofp/libm.a(lib_a-k_rem_pio2.o)
                0x000000000800aa20                __kernel_rem_pio2
 .text.__kernel_sin
                0x000000000800b270      0x184 /opt/homebrew/Cellar/arm-none-eabi-gcc/10.3-2021.07/gcc/bin/../lib/gcc/arm-none-eabi/10.3.1/../../../../arm-none-eabi/lib/thumb/v7e-m/nofp/libm.a(lib_a-k_sin.o)
                0x000000000800b270                __kernel_sin
 .text.fabs     0x000000000800b3f4        0x8 /opt/homebrew/Cellar/arm-none-eabi-gcc/10.3-2021.07/gcc/bin/../lib/gcc/arm-none-eabi/10.3.1/../../../../arm-none-eabi/lib/thumb/v7e-m/nofp/libm.a(lib_a-s_fabs.o)
                0x000000000800b3f4                fabs
 *fill*         0x000000000800b3fc        0x4 
 .text.floor    0x000000000800b400       0xf8 /opt/homebrew/Cellar/arm-none-eabi-gcc/10.3-2021.07/gcc/bin/../lib/gcc/arm-none-eabi/10.3.1/../../../../arm-none-eabi/lib/thumb/v7e-m/nofp/libm.a(lib_a-s_floor.o)
                0x000000000800b400                floor
 .text.scalbn   0x000000000800b4f8       0xf4 /opt/homebrew/Cellar/arm-none-eabi-gcc/10.3-2021.07/gcc/bin/../lib/gcc/arm-none-eabi/10.3.1/../../../../arm-none-eabi/lib/thumb/v7e-m/nofp/libm.a(lib_a-s_scalbn.o)
                0x000000000800b4f8                scalbn
 *(.glue_7)
 .glue_7        0x000000000800b5ec        0x0 linker stubs
 *(.glue_7t)
 .glue_7t       0x000000000800b5ec        0x0 linker stubs
 *(.eh_frame)
 .eh_frame      0x000000000800b5ec        0x0 /opt/homebrew/Cellar/arm-none-eabi-gcc/10.3-2021.07/gcc/bin/../lib/gcc/arm-none-eabi/10.3.1/thumb/v7e-m/nofp/crtbegin.o
 *(.init)
 .init          0x000000000800b5ec        0x4 /opt/homebrew/Cellar/arm-none-eabi-gcc/10.3-2021.07/gcc/bin/../lib/gcc/arm-none-eabi/10.3.1/thumb/v7e-m/nofp/crti.o
                0x000000000800b5ec                _init
 .init          0x000000000800b5f0        0x8 /opt/homebrew/Cellar/arm-none-eabi-gcc/10.3-2021.07/gcc/bin/../lib/gcc/arm-none-eabi/10.3.1/thumb/v7e-m/nofp/crtn.o
 *(.fini)
 .fini          0x000000000800b5f8        0x4 /opt/homebrew/Cellar/arm-none-eabi-gcc/10.3-2021.07/gcc/bin/../lib/gcc/arm-none-eabi/10.3.1/thumb/v7e-m/nofp/crti.o
                0x000000000800b5f8                _fini
 .fini          0x000000000800b5fc        0x8 /opt/homebrew/Cellar/arm-none-eabi-gcc/10.3-2021.07/gcc/bin/../lib/gcc/arm-none-eabi/10.3.1/thumb/v7e-m/nofp/crtn.o
                0x000000000800b604                . = ALIGN (0x4)
                0x000000000800b604                _etext = .

.vfp11_veneer   0x000000000800b604        0x0
 .vfp11_veneer  0x000000000800b604        0x0 linker stubs

.v4_bx          0x000000000800b604        0x0
 .v4_bx         0x000000000800b604        0x0 linker stubs

.iplt           0x000000000800b604        0x0
 .iplt          0x000000000800b604        0x0 /opt/homebrew/Cellar/arm-none-eabi-gcc/10.3-2021.07/gcc/bin/../lib/gcc/arm-none-eabi/10.3.1/thumb/v7e-m/nofp/crtbegin.o

.rodata         0x000000000800b608      0x5b8
                0x000000000800b608                . = ALIGN (0x4)
 *(.rodata)
 *(.rodata*)
 .rodata.flagBitshiftOffset.0
                0x000000000800b608        0x8 CMakeFiles/Base_Moving.elf.dir/Drivers/STM32F4xx_HAL_Driver/Src/stm32f4xx_hal_dma.c.obj
 .rodata.main.str1.4
                0x000000000800b610        0x5 CMakeFiles/Base_Moving.elf.dir/Src/main.c.obj
 *fill*         0x000000000800b615        0x3 
 .rodata.AHBPrescTable
                0x000000000800b618       0x10 CMakeFiles/Base_Moving.elf.dir/Src/system_stm32f4xx.c.obj
                0x000000000800b618                AHBPrescTable
 .rodata.APBPrescTable
                0x000000000800b628        0x8 CMakeFiles/Base_Moving.elf.dir/Src/system_stm32f4xx.c.obj
                0x000000000800b628                APBPrescTable
 .rodata._global_impure_ptr
                0x000000000800b630        0x4 /opt/homebrew/Cellar/arm-none-eabi-gcc/10.3-2021.07/gcc/bin/../lib/gcc/arm-none-eabi/10.3.1/../../../../arm-none-eabi/lib/thumb/v7e-m/nofp/libg.a(lib_a-impure.o)
                0x000000000800b630                _global_impure_ptr
 .rodata._svfprintf_r.str1.4
                0x000000000800b634       0x42 /opt/homebrew/Cellar/arm-none-eabi-gcc/10.3-2021.07/gcc/bin/../lib/gcc/arm-none-eabi/10.3.1/../../../../arm-none-eabi/lib/thumb/v7e-m/nofp/libg.a(lib_a-svfprintf.o)
 *fill*         0x000000000800b676        0x2 
 .rodata.blanks.1
                0x000000000800b678       0x10 /opt/homebrew/Cellar/arm-none-eabi-gcc/10.3-2021.07/gcc/bin/../lib/gcc/arm-none-eabi/10.3.1/../../../../arm-none-eabi/lib/thumb/v7e-m/nofp/libg.a(lib_a-svfprintf.o)
 .rodata.zeroes.0
                0x000000000800b688       0x10 /opt/homebrew/Cellar/arm-none-eabi-gcc/10.3-2021.07/gcc/bin/../lib/gcc/arm-none-eabi/10.3.1/../../../../arm-none-eabi/lib/thumb/v7e-m/nofp/libg.a(lib_a-svfprintf.o)
 .rodata._dtoa_r.str1.4
                0x000000000800b698       0x7e /opt/homebrew/Cellar/arm-none-eabi-gcc/10.3-2021.07/gcc/bin/../lib/gcc/arm-none-eabi/10.3.1/../../../../arm-none-eabi/lib/thumb/v7e-m/nofp/libg.a(lib_a-dtoa.o)
                                         0x82 (size before relaxing)
 *fill*         0x000000000800b716        0x2 
 .rodata.__multadd.str1.4
                0x000000000800b718       0x5b /opt/homebrew/Cellar/arm-none-eabi-gcc/10.3-2021.07/gcc/bin/../lib/gcc/arm-none-eabi/10.3.1/../../../../arm-none-eabi/lib/thumb/v7e-m/nofp/libg.a(lib_a-mprec.o)
                                         0x6f (size before relaxing)
 *fill*         0x000000000800b773        0x5 
 .rodata.__mprec_bigtens
                0x000000000800b778       0x28 /opt/homebrew/Cellar/arm-none-eabi-gcc/10.3-2021.07/gcc/bin/../lib/gcc/arm-none-eabi/10.3.1/../../../../arm-none-eabi/lib/thumb/v7e-m/nofp/libg.a(lib_a-mprec.o)
                0x000000000800b778                __mprec_bigtens
 .rodata.__mprec_tens
                0x000000000800b7a0       0xc8 /opt/homebrew/Cellar/arm-none-eabi-gcc/10.3-2021.07/gcc/bin/../lib/gcc/arm-none-eabi/10.3.1/../../../../arm-none-eabi/lib/thumb/v7e-m/nofp/libg.a(lib_a-mprec.o)
                0x000000000800b7a0                __mprec_tens
 .rodata.p05.0  0x000000000800b868        0xc /opt/homebrew/Cellar/arm-none-eabi-gcc/10.3-2021.07/gcc/bin/../lib/gcc/arm-none-eabi/10.3.1/../../../../arm-none-eabi/lib/thumb/v7e-m/nofp/libg.a(lib_a-mprec.o)
 .rodata.__assert_func.str1.4
                0x000000000800b874       0x3f /opt/homebrew/Cellar/arm-none-eabi-gcc/10.3-2021.07/gcc/bin/../lib/gcc/arm-none-eabi/10.3.1/../../../../arm-none-eabi/lib/thumb/v7e-m/nofp/libg.a(lib_a-assert.o)
                                         0x43 (size before relaxing)
 *fill*         0x000000000800b8b3        0x1 
 .rodata._setlocale_r.str1.4
                0x000000000800b8b4        0xa /opt/homebrew/Cellar/arm-none-eabi-gcc/10.3-2021.07/gcc/bin/../lib/gcc/arm-none-eabi/10.3.1/../../../../arm-none-eabi/lib/thumb/v7e-m/nofp/libg.a(lib_a-locale.o)
                                          0xd (size before relaxing)
 *fill*         0x000000000800b8be        0x2 
 .rodata.str1.4
                0x000000000800b8c0        0x2 /opt/homebrew/Cellar/arm-none-eabi-gcc/10.3-2021.07/gcc/bin/../lib/gcc/arm-none-eabi/10.3.1/../../../../arm-none-eabi/lib/thumb/v7e-m/nofp/libg.a(lib_a-locale.o)
 .rodata._vfiprintf_r.str1.4
                0x000000000800b8c2       0x2f /opt/homebrew/Cellar/arm-none-eabi-gcc/10.3-2021.07/gcc/bin/../lib/gcc/arm-none-eabi/10.3.1/../../../../arm-none-eabi/lib/thumb/v7e-m/nofp/libg.a(lib_a-vfiprintf.o)
 *fill*         0x000000000800b8c2        0x2 
 .rodata.blanks.1
                0x000000000800b8c4       0x10 /opt/homebrew/Cellar/arm-none-eabi-gcc/10.3-2021.07/gcc/bin/../lib/gcc/arm-none-eabi/10.3.1/../../../../arm-none-eabi/lib/thumb/v7e-m/nofp/libg.a(lib_a-vfiprintf.o)
 .rodata.zeroes.0
                0x000000000800b8d4       0x10 /opt/homebrew/Cellar/arm-none-eabi-gcc/10.3-2021.07/gcc/bin/../lib/gcc/arm-none-eabi/10.3.1/../../../../arm-none-eabi/lib/thumb/v7e-m/nofp/libg.a(lib_a-vfiprintf.o)
 .rodata._ctype_
                0x000000000800b8e4      0x101 /opt/homebrew/Cellar/arm-none-eabi-gcc/10.3-2021.07/gcc/bin/../lib/gcc/arm-none-eabi/10.3.1/../../../../arm-none-eabi/lib/thumb/v7e-m/nofp/libg.a(lib_a-ctype_.o)
                0x000000000800b8e4                _ctype_
 *fill*         0x000000000800b9e5        0x3 
 .rodata.npio2_hw
                0x000000000800b9e8       0x80 /opt/homebrew/Cellar/arm-none-eabi-gcc/10.3-2021.07/gcc/bin/../lib/gcc/arm-none-eabi/10.3.1/../../../../arm-none-eabi/lib/thumb/v7e-m/nofp/libm.a(lib_a-e_rem_pio2.o)
 .rodata.two_over_pi
                0x000000000800ba68      0x108 /opt/homebrew/Cellar/arm-none-eabi-gcc/10.3-2021.07/gcc/bin/../lib/gcc/arm-none-eabi/10.3.1/../../../../arm-none-eabi/lib/thumb/v7e-m/nofp/libm.a(lib_a-e_rem_pio2.o)
 .rodata.PIo2   0x000000000800bb70       0x40 /opt/homebrew/Cellar/arm-none-eabi-gcc/10.3-2021.07/gcc/bin/../lib/gcc/arm-none-eabi/10.3.1/../../../../arm-none-eabi/lib/thumb/v7e-m/nofp/libm.a(lib_a-k_rem_pio2.o)
 .rodata.init_jk
                0x000000000800bbb0       0x10 /opt/homebrew/Cellar/arm-none-eabi-gcc/10.3-2021.07/gcc/bin/../lib/gcc/arm-none-eabi/10.3.1/../../../../arm-none-eabi/lib/thumb/v7e-m/nofp/libm.a(lib_a-k_rem_pio2.o)
                0x000000000800bbc0                . = ALIGN (0x4)

.ARM.extab
 *(.ARM.extab* .gnu.linkonce.armextab.*)

.ARM            0x000000000800bbc0        0x8
                0x000000000800bbc0                __exidx_start = .
 *(.ARM.exidx*)
 .ARM.exidx     0x000000000800bbc0        0x8 /opt/homebrew/Cellar/arm-none-eabi-gcc/10.3-2021.07/gcc/bin/../lib/gcc/arm-none-eabi/10.3.1/thumb/v7e-m/nofp/libgcc.a(_udivmoddi4.o)
                0x000000000800bbc8                __exidx_end = .

.rel.dyn        0x000000000800bbc8        0x0
 .rel.iplt      0x000000000800bbc8        0x0 /opt/homebrew/Cellar/arm-none-eabi-gcc/10.3-2021.07/gcc/bin/../lib/gcc/arm-none-eabi/10.3.1/thumb/v7e-m/nofp/crtbegin.o

.preinit_array  0x000000000800bbc8        0x0
                0x000000000800bbc8                PROVIDE (__preinit_array_start = .)
 *(.preinit_array*)
                0x000000000800bbc8                PROVIDE (__preinit_array_end = .)

.init_array     0x000000000800bbc8        0x8
                0x000000000800bbc8                PROVIDE (__init_array_start = .)
 *(SORT_BY_NAME(.init_array.*))
 .init_array.00000
                0x000000000800bbc8        0x4 /opt/homebrew/Cellar/arm-none-eabi-gcc/10.3-2021.07/gcc/bin/../lib/gcc/arm-none-eabi/10.3.1/../../../../arm-none-eabi/lib/thumb/v7e-m/nofp/libg.a(lib_a-__call_atexit.o)
 *(.init_array*)
 .init_array    0x000000000800bbcc        0x4 /opt/homebrew/Cellar/arm-none-eabi-gcc/10.3-2021.07/gcc/bin/../lib/gcc/arm-none-eabi/10.3.1/thumb/v7e-m/nofp/crtbegin.o
                0x000000000800bbd0                PROVIDE (__init_array_end = .)

.fini_array     0x000000000800bbd0        0x4
                0x000000000800bbd0                PROVIDE (__fini_array_start = .)
 *(SORT_BY_NAME(.fini_array.*))
 *(.fini_array*)
 .fini_array    0x000000000800bbd0        0x4 /opt/homebrew/Cellar/arm-none-eabi-gcc/10.3-2021.07/gcc/bin/../lib/gcc/arm-none-eabi/10.3.1/thumb/v7e-m/nofp/crtbegin.o
                0x000000000800bbd4                PROVIDE (__fini_array_end = .)
                0x000000000800bbd4                _sidata = LOADADDR (.data)

.data           0x0000000020000000      0x9b8 load address 0x000000000800bbd4
                0x0000000020000000                . = ALIGN (0x4)
                0x0000000020000000                _sdata = .
 *(.data)
 *(.data*)
 .data.uwTickFreq
                0x0000000020000000        0x1 CMakeFiles/Base_Moving.elf.dir/Drivers/STM32F4xx_HAL_Driver/Src/stm32f4xx_hal.c.obj
                0x0000000020000000                uwTickFreq
 *fill*         0x0000000020000001        0x3 
 .data.uwTickPrio
                0x0000000020000004        0x4 CMakeFiles/Base_Moving.elf.dir/Drivers/STM32F4xx_HAL_Driver/Src/stm32f4xx_hal.c.obj
                0x0000000020000004                uwTickPrio
 .data.SystemCoreClock
                0x0000000020000008        0x4 CMakeFiles/Base_Moving.elf.dir/Src/system_stm32f4xx.c.obj
                0x0000000020000008                SystemCoreClock
 .data._impure_ptr
                0x000000002000000c        0x4 /opt/homebrew/Cellar/arm-none-eabi-gcc/10.3-2021.07/gcc/bin/../lib/gcc/arm-none-eabi/10.3.1/../../../../arm-none-eabi/lib/thumb/v7e-m/nofp/libg.a(lib_a-impure.o)
                0x000000002000000c                _impure_ptr
 .data.impure_data
                0x0000000020000010      0x428 /opt/homebrew/Cellar/arm-none-eabi-gcc/10.3-2021.07/gcc/bin/../lib/gcc/arm-none-eabi/10.3.1/../../../../arm-none-eabi/lib/thumb/v7e-m/nofp/libg.a(lib_a-impure.o)
 .data.__atexit_recursive_mutex
                0x0000000020000438        0x4 /opt/homebrew/Cellar/arm-none-eabi-gcc/10.3-2021.07/gcc/bin/../lib/gcc/arm-none-eabi/10.3.1/../../../../arm-none-eabi/lib/thumb/v7e-m/nofp/libg.a(lib_a-__call_atexit.o)
                0x0000000020000438                __atexit_recursive_mutex
 .data.__malloc_av_
                0x000000002000043c      0x408 /opt/homebrew/Cellar/arm-none-eabi-gcc/10.3-2021.07/gcc/bin/../lib/gcc/arm-none-eabi/10.3.1/../../../../arm-none-eabi/lib/thumb/v7e-m/nofp/libg.a(lib_a-mallocr.o)
                0x000000002000043c                __malloc_av_
 .data.__malloc_sbrk_base
                0x0000000020000844        0x4 /opt/homebrew/Cellar/arm-none-eabi-gcc/10.3-2021.07/gcc/bin/../lib/gcc/arm-none-eabi/10.3.1/../../../../arm-none-eabi/lib/thumb/v7e-m/nofp/libg.a(lib_a-mallocr.o)
                0x0000000020000844                __malloc_sbrk_base
 .data.__malloc_trim_threshold
                0x0000000020000848        0x4 /opt/homebrew/Cellar/arm-none-eabi-gcc/10.3-2021.07/gcc/bin/../lib/gcc/arm-none-eabi/10.3.1/../../../../arm-none-eabi/lib/thumb/v7e-m/nofp/libg.a(lib_a-mallocr.o)
                0x0000000020000848                __malloc_trim_threshold
 .data.__global_locale
                0x000000002000084c      0x16c /opt/homebrew/Cellar/arm-none-eabi-gcc/10.3-2021.07/gcc/bin/../lib/gcc/arm-none-eabi/10.3.1/../../../../arm-none-eabi/lib/thumb/v7e-m/nofp/libg.a(lib_a-locale.o)
                0x000000002000084c                __global_locale
                0x00000000200009b8                . = ALIGN (0x4)
                0x00000000200009b8                _edata = .
                0x000000000800c58c                _siccmram = LOADADDR (.ccmram)

.igot.plt       0x00000000200009b8        0x0 load address 0x000000000800c58c
 .igot.plt      0x00000000200009b8        0x0 /opt/homebrew/Cellar/arm-none-eabi-gcc/10.3-2021.07/gcc/bin/../lib/gcc/arm-none-eabi/10.3.1/thumb/v7e-m/nofp/crtbegin.o

.ccmram         0x0000000010000000        0x0 load address 0x000000000800c58c
                0x0000000010000000                . = ALIGN (0x4)
                0x0000000010000000                _sccmram = .
 *(.ccmram)
 *(.ccmram*)
                0x0000000010000000                . = ALIGN (0x4)
                0x0000000010000000                _eccmram = .
                0x0000000010000000                . = ALIGN (0x4)

.bss            0x00000000200009b8      0x7cc
                0x00000000200009b8                _sbss = .
                0x00000000200009b8                __bss_start__ = _sbss
 *(.bss)
 .bss           0x00000000200009b8       0x1c /opt/homebrew/Cellar/arm-none-eabi-gcc/10.3-2021.07/gcc/bin/../lib/gcc/arm-none-eabi/10.3.1/thumb/v7e-m/nofp/crtbegin.o
 *(.bss*)
 .bss.uwTick    0x00000000200009d4        0x4 CMakeFiles/Base_Moving.elf.dir/Drivers/STM32F4xx_HAL_Driver/Src/stm32f4xx_hal.c.obj
                0x00000000200009d4                uwTick
 .bss.CAN_Recieved_Message
                0x00000000200009d8        0x8 CMakeFiles/Base_Moving.elf.dir/Lib/Src/CAN_Operation.c.obj
                0x00000000200009d8                CAN_Recieved_Message
 .bss.Motor_Data_Box
                0x00000000200009e0        0x8 CMakeFiles/Base_Moving.elf.dir/Lib/Src/CAN_Operation.c.obj
                0x00000000200009e0                Motor_Data_Box
 .bss.Motor_Message_Box
                0x00000000200009e8       0x1c CMakeFiles/Base_Moving.elf.dir/Lib/Src/CAN_Operation.c.obj
                0x00000000200009e8                Motor_Message_Box
 .bss.Now_Angle_M6020
                0x0000000020000a04        0xa CMakeFiles/Base_Moving.elf.dir/Lib/Src/CAN_Operation.c.obj
                0x0000000020000a04                Now_Angle_M6020
 *fill*         0x0000000020000a0e        0x2 
 .bss.Now_Angle_Normal
                0x0000000020000a10        0xa CMakeFiles/Base_Moving.elf.dir/Lib/Src/CAN_Operation.c.obj
                0x0000000020000a10                Now_Angle_Normal
 *fill*         0x0000000020000a1a        0x2 
 .bss.Now_Speed_M6020
                0x0000000020000a1c        0xa CMakeFiles/Base_Moving.elf.dir/Lib/Src/CAN_Operation.c.obj
                0x0000000020000a1c                Now_Speed_M6020
 *fill*         0x0000000020000a26        0x2 
 .bss.Now_Speed_Normal
                0x0000000020000a28        0xa CMakeFiles/Base_Moving.elf.dir/Lib/Src/CAN_Operation.c.obj
                0x0000000020000a28                Now_Speed_Normal
 *fill*         0x0000000020000a32        0x2 
 .bss.Recieved_Message_Box
                0x0000000020000a34       0x1c CMakeFiles/Base_Moving.elf.dir/Lib/Src/CAN_Operation.c.obj
                0x0000000020000a34                Recieved_Message_Box
 .bss.Fixed_Pos_X
                0x0000000020000a50        0x4 CMakeFiles/Base_Moving.elf.dir/Lib/Src/Location_Module_Recieve.c.obj
                0x0000000020000a50                Fixed_Pos_X
 .bss.Fixed_Pos_Y
                0x0000000020000a54        0x4 CMakeFiles/Base_Moving.elf.dir/Lib/Src/Location_Module_Recieve.c.obj
                0x0000000020000a54                Fixed_Pos_Y
 .bss.Location_Data
                0x0000000020000a58        0xc CMakeFiles/Base_Moving.elf.dir/Lib/Src/Location_Module_Recieve.c.obj
                0x0000000020000a58                Location_Data
 .bss.Locator_Rx_Data
                0x0000000020000a64       0xc6 CMakeFiles/Base_Moving.elf.dir/Lib/Src/Location_Module_Recieve.c.obj
                0x0000000020000a64                Locator_Rx_Data
 *fill*         0x0000000020000b2a        0x2 
 .bss.VegaData_u
                0x0000000020000b2c       0x18 CMakeFiles/Base_Moving.elf.dir/Lib/Src/Location_Module_Recieve.c.obj
 .bss.a         0x0000000020000b44        0x4 CMakeFiles/Base_Moving.elf.dir/Lib/Src/Location_Module_Recieve.c.obj
                0x0000000020000b44                a
 .bss.start_locator
                0x0000000020000b48        0x4 CMakeFiles/Base_Moving.elf.dir/Lib/Src/Location_Module_Recieve.c.obj
                0x0000000020000b48                start_locator
 .bss.this_time_rx_len.0
                0x0000000020000b4c        0x2 CMakeFiles/Base_Moving.elf.dir/Lib/Src/Location_Module_Recieve.c.obj
 *fill*         0x0000000020000b4e        0x2 
 .bss.x         0x0000000020000b50        0x4 CMakeFiles/Base_Moving.elf.dir/Lib/Src/Location_Module_Recieve.c.obj
                0x0000000020000b50                x
 .bss.y         0x0000000020000b54        0x4 CMakeFiles/Base_Moving.elf.dir/Lib/Src/Location_Module_Recieve.c.obj
                0x0000000020000b54                y
 .bss.Angle_PID
                0x0000000020000b58       0x38 CMakeFiles/Base_Moving.elf.dir/Lib/Src/Navi_Control.c.obj
                0x0000000020000b58                Angle_PID
 .bss.X_PID     0x0000000020000b90       0x38 CMakeFiles/Base_Moving.elf.dir/Lib/Src/Navi_Control.c.obj
                0x0000000020000b90                X_PID
 .bss.Y_PID     0x0000000020000bc8       0x38 CMakeFiles/Base_Moving.elf.dir/Lib/Src/Navi_Control.c.obj
                0x0000000020000bc8                Y_PID
 .bss.Current   0x0000000020000c00        0xa CMakeFiles/Base_Moving.elf.dir/Lib/Src/PID_Controlor.c.obj
                0x0000000020000c00                Current
 *fill*         0x0000000020000c0a        0x2 
 .bss.PID_Control_Num
                0x0000000020000c0c      0x1c0 CMakeFiles/Base_Moving.elf.dir/Lib/Src/PID_Controlor.c.obj
                0x0000000020000c0c                PID_Control_Num
 .bss.Remote_Controller_Data
                0x0000000020000dcc       0x16 CMakeFiles/Base_Moving.elf.dir/Lib/Src/Remote_Controller.c.obj
                0x0000000020000dcc                Remote_Controller_Data
 *fill*         0x0000000020000de2        0x2 
 .bss.SBUS_RX_Buf
                0x0000000020000de4       0x48 CMakeFiles/Base_Moving.elf.dir/Lib/Src/Remote_Controller.c.obj
                0x0000000020000de4                SBUS_RX_Buf
 .bss.this_time_rx_len.0
                0x0000000020000e2c        0x2 CMakeFiles/Base_Moving.elf.dir/Lib/Src/Remote_Controller.c.obj
 *fill*         0x0000000020000e2e        0x2 
 .bss.ap.2      0x0000000020000e30        0x4 CMakeFiles/Base_Moving.elf.dir/Lib/Src/Usart_Printf.c.obj
 .bss.len.0     0x0000000020000e34        0x2 CMakeFiles/Base_Moving.elf.dir/Lib/Src/Usart_Printf.c.obj
 *fill*         0x0000000020000e36        0x2 
 .bss.tx_buf.1  0x0000000020000e38      0x100 CMakeFiles/Base_Moving.elf.dir/Lib/Src/Usart_Printf.c.obj
 .bss.HAL_RCC_CAN1_CLK_ENABLED
                0x0000000020000f38        0x4 CMakeFiles/Base_Moving.elf.dir/Src/can.c.obj
 .bss.hcan1     0x0000000020000f3c       0x28 CMakeFiles/Base_Moving.elf.dir/Src/can.c.obj
                0x0000000020000f3c                hcan1
 .bss.hcan2     0x0000000020000f64       0x28 CMakeFiles/Base_Moving.elf.dir/Src/can.c.obj
                0x0000000020000f64                hcan2
 .bss.Arm_Finished
                0x0000000020000f8c        0x4 CMakeFiles/Base_Moving.elf.dir/Src/main.c.obj
                0x0000000020000f8c                Arm_Finished
 .bss.heap_end.0
                0x0000000020000f90        0x4 CMakeFiles/Base_Moving.elf.dir/Src/syscalls.c.obj
 .bss.hdma_usart1_rx
                0x0000000020000f94       0x60 CMakeFiles/Base_Moving.elf.dir/Src/usart.c.obj
                0x0000000020000f94                hdma_usart1_rx
 .bss.hdma_usart1_tx
                0x0000000020000ff4       0x60 CMakeFiles/Base_Moving.elf.dir/Src/usart.c.obj
                0x0000000020000ff4                hdma_usart1_tx
 .bss.hdma_usart3_rx
                0x0000000020001054       0x60 CMakeFiles/Base_Moving.elf.dir/Src/usart.c.obj
                0x0000000020001054                hdma_usart3_rx
 .bss.huart1    0x00000000200010b4       0x44 CMakeFiles/Base_Moving.elf.dir/Src/usart.c.obj
                0x00000000200010b4                huart1
 .bss.huart3    0x00000000200010f8       0x44 CMakeFiles/Base_Moving.elf.dir/Src/usart.c.obj
                0x00000000200010f8                huart3
 .bss.__lock___atexit_recursive_mutex
                0x000000002000113c        0x1 /opt/homebrew/Cellar/arm-none-eabi-gcc/10.3-2021.07/gcc/bin/../lib/gcc/arm-none-eabi/10.3.1/../../../../arm-none-eabi/lib/thumb/v7e-m/nofp/libg.a(lib_a-lock.o)
                0x000000002000113c                __lock___atexit_recursive_mutex
 *fill*         0x000000002000113d        0x3 
 .bss.__lock___malloc_recursive_mutex
                0x0000000020001140        0x1 /opt/homebrew/Cellar/arm-none-eabi-gcc/10.3-2021.07/gcc/bin/../lib/gcc/arm-none-eabi/10.3.1/../../../../arm-none-eabi/lib/thumb/v7e-m/nofp/libg.a(lib_a-lock.o)
                0x0000000020001140                __lock___malloc_recursive_mutex
 *fill*         0x0000000020001141        0x3 
 .bss.__lock___sfp_recursive_mutex
                0x0000000020001144        0x1 /opt/homebrew/Cellar/arm-none-eabi-gcc/10.3-2021.07/gcc/bin/../lib/gcc/arm-none-eabi/10.3.1/../../../../arm-none-eabi/lib/thumb/v7e-m/nofp/libg.a(lib_a-lock.o)
                0x0000000020001144                __lock___sfp_recursive_mutex
 *fill*         0x0000000020001145        0x3 
 .bss.__lock___sinit_recursive_mutex
                0x0000000020001148        0x1 /opt/homebrew/Cellar/arm-none-eabi-gcc/10.3-2021.07/gcc/bin/../lib/gcc/arm-none-eabi/10.3.1/../../../../arm-none-eabi/lib/thumb/v7e-m/nofp/libg.a(lib_a-lock.o)
                0x0000000020001148                __lock___sinit_recursive_mutex
 *fill*         0x0000000020001149        0x3 
 .bss.__malloc_current_mallinfo
                0x000000002000114c       0x28 /opt/homebrew/Cellar/arm-none-eabi-gcc/10.3-2021.07/gcc/bin/../lib/gcc/arm-none-eabi/10.3.1/../../../../arm-none-eabi/lib/thumb/v7e-m/nofp/libg.a(lib_a-mallocr.o)
                0x000000002000114c                __malloc_current_mallinfo
 .bss.__malloc_max_sbrked_mem
                0x0000000020001174        0x4 /opt/homebrew/Cellar/arm-none-eabi-gcc/10.3-2021.07/gcc/bin/../lib/gcc/arm-none-eabi/10.3.1/../../../../arm-none-eabi/lib/thumb/v7e-m/nofp/libg.a(lib_a-mallocr.o)
                0x0000000020001174                __malloc_max_sbrked_mem
 .bss.__malloc_max_total_mem
                0x0000000020001178        0x4 /opt/homebrew/Cellar/arm-none-eabi-gcc/10.3-2021.07/gcc/bin/../lib/gcc/arm-none-eabi/10.3.1/../../../../arm-none-eabi/lib/thumb/v7e-m/nofp/libg.a(lib_a-mallocr.o)
                0x0000000020001178                __malloc_max_total_mem
 .bss.__malloc_top_pad
                0x000000002000117c        0x4 /opt/homebrew/Cellar/arm-none-eabi-gcc/10.3-2021.07/gcc/bin/../lib/gcc/arm-none-eabi/10.3.1/../../../../arm-none-eabi/lib/thumb/v7e-m/nofp/libg.a(lib_a-mallocr.o)
                0x000000002000117c                __malloc_top_pad
 .bss.errno     0x0000000020001180        0x4 /opt/homebrew/Cellar/arm-none-eabi-gcc/10.3-2021.07/gcc/bin/../lib/gcc/arm-none-eabi/10.3.1/../../../../arm-none-eabi/lib/thumb/v7e-m/nofp/libg.a(lib_a-reent.o)
                0x0000000020001180                errno
 *(COMMON)
                0x0000000020001184                . = ALIGN (0x4)
                0x0000000020001184                _ebss = .
                0x0000000020001184                __bss_end__ = _ebss

._user_heap_stack
                0x0000000020001184      0x604
                0x0000000020001188                . = ALIGN (0x8)
 *fill*         0x0000000020001184        0x4 
                0x0000000020001188                PROVIDE (end = .)
                [!provide]                        PROVIDE (_end = .)
                0x0000000020001388                . = (. + _Min_Heap_Size)
 *fill*         0x0000000020001188      0x200 
                0x0000000020001788                . = (. + _Min_Stack_Size)
 *fill*         0x0000000020001388      0x400 
                0x0000000020001788                . = ALIGN (0x8)

/DISCARD/
 libc.a(*)
 libm.a(*)
 libgcc.a(*)

.ARM.attributes
                0x0000000000000000       0x2a
 *(.ARM.attributes)
 .ARM.attributes
                0x0000000000000000       0x1e /opt/homebrew/Cellar/arm-none-eabi-gcc/10.3-2021.07/gcc/bin/../lib/gcc/arm-none-eabi/10.3.1/thumb/v7e-m/nofp/crti.o
 .ARM.attributes
                0x000000000000001e       0x2e /opt/homebrew/Cellar/arm-none-eabi-gcc/10.3-2021.07/gcc/bin/../lib/gcc/arm-none-eabi/10.3.1/thumb/v7e-m/nofp/crtbegin.o
 .ARM.attributes
                0x000000000000004c       0x2e CMakeFiles/Base_Moving.elf.dir/Drivers/STM32F4xx_HAL_Driver/Src/stm32f4xx_hal.c.obj
 .ARM.attributes
                0x000000000000007a       0x2e CMakeFiles/Base_Moving.elf.dir/Drivers/STM32F4xx_HAL_Driver/Src/stm32f4xx_hal_can.c.obj
 .ARM.attributes
                0x00000000000000a8       0x2e CMakeFiles/Base_Moving.elf.dir/Drivers/STM32F4xx_HAL_Driver/Src/stm32f4xx_hal_cortex.c.obj
 .ARM.attributes
                0x00000000000000d6       0x2e CMakeFiles/Base_Moving.elf.dir/Drivers/STM32F4xx_HAL_Driver/Src/stm32f4xx_hal_dma.c.obj
 .ARM.attributes
                0x0000000000000104       0x2e CMakeFiles/Base_Moving.elf.dir/Drivers/STM32F4xx_HAL_Driver/Src/stm32f4xx_hal_gpio.c.obj
 .ARM.attributes
                0x0000000000000132       0x2e CMakeFiles/Base_Moving.elf.dir/Drivers/STM32F4xx_HAL_Driver/Src/stm32f4xx_hal_rcc.c.obj
 .ARM.attributes
                0x0000000000000160       0x2e CMakeFiles/Base_Moving.elf.dir/Drivers/STM32F4xx_HAL_Driver/Src/stm32f4xx_hal_uart.c.obj
 .ARM.attributes
                0x000000000000018e       0x2e CMakeFiles/Base_Moving.elf.dir/Lib/Src/CAN_Operation.c.obj
 .ARM.attributes
                0x00000000000001bc       0x2e CMakeFiles/Base_Moving.elf.dir/Lib/Src/Location_Module_Recieve.c.obj
 .ARM.attributes
                0x00000000000001ea       0x2e CMakeFiles/Base_Moving.elf.dir/Lib/Src/Move_Controlor.c.obj
 .ARM.attributes
                0x0000000000000218       0x2e CMakeFiles/Base_Moving.elf.dir/Lib/Src/Navi_Control.c.obj
 .ARM.attributes
                0x0000000000000246       0x2e CMakeFiles/Base_Moving.elf.dir/Lib/Src/PID_Controlor.c.obj
 .ARM.attributes
                0x0000000000000274       0x2e CMakeFiles/Base_Moving.elf.dir/Lib/Src/Remote_Controller.c.obj
 .ARM.attributes
                0x00000000000002a2       0x2e CMakeFiles/Base_Moving.elf.dir/Lib/Src/Usart_Printf.c.obj
 .ARM.attributes
                0x00000000000002d0       0x2e CMakeFiles/Base_Moving.elf.dir/Src/can.c.obj
 .ARM.attributes
                0x00000000000002fe       0x2e CMakeFiles/Base_Moving.elf.dir/Src/dma.c.obj
 .ARM.attributes
                0x000000000000032c       0x2e CMakeFiles/Base_Moving.elf.dir/Src/gpio.c.obj
 .ARM.attributes
                0x000000000000035a       0x2e CMakeFiles/Base_Moving.elf.dir/Src/main.c.obj
 .ARM.attributes
                0x0000000000000388       0x2e CMakeFiles/Base_Moving.elf.dir/Src/stm32f4xx_hal_msp.c.obj
 .ARM.attributes
                0x00000000000003b6       0x2e CMakeFiles/Base_Moving.elf.dir/Src/stm32f4xx_it.c.obj
 .ARM.attributes
                0x00000000000003e4       0x2e CMakeFiles/Base_Moving.elf.dir/Src/syscalls.c.obj
 .ARM.attributes
                0x0000000000000412       0x2e CMakeFiles/Base_Moving.elf.dir/Src/system_stm32f4xx.c.obj
 .ARM.attributes
                0x0000000000000440       0x2e CMakeFiles/Base_Moving.elf.dir/Src/usart.c.obj
 .ARM.attributes
                0x000000000000046e       0x21 CMakeFiles/Base_Moving.elf.dir/startup/startup_stm32f407xx.s.obj
 .ARM.attributes
                0x000000000000048f       0x1e /opt/homebrew/Cellar/arm-none-eabi-gcc/10.3-2021.07/gcc/bin/../lib/gcc/arm-none-eabi/10.3.1/thumb/v7e-m/nofp/libgcc.a(_arm_addsubdf3.o)
 .ARM.attributes
                0x00000000000004ad       0x1e /opt/homebrew/Cellar/arm-none-eabi-gcc/10.3-2021.07/gcc/bin/../lib/gcc/arm-none-eabi/10.3.1/thumb/v7e-m/nofp/libgcc.a(_arm_truncdfsf2.o)
 .ARM.attributes
                0x00000000000004cb       0x1e /opt/homebrew/Cellar/arm-none-eabi-gcc/10.3-2021.07/gcc/bin/../lib/gcc/arm-none-eabi/10.3.1/thumb/v7e-m/nofp/libgcc.a(_arm_addsubsf3.o)
 .ARM.attributes
                0x00000000000004e9       0x1e /opt/homebrew/Cellar/arm-none-eabi-gcc/10.3-2021.07/gcc/bin/../lib/gcc/arm-none-eabi/10.3.1/thumb/v7e-m/nofp/libgcc.a(_arm_muldivsf3.o)
 .ARM.attributes
                0x0000000000000507       0x1e /opt/homebrew/Cellar/arm-none-eabi-gcc/10.3-2021.07/gcc/bin/../lib/gcc/arm-none-eabi/10.3.1/thumb/v7e-m/nofp/libgcc.a(_arm_cmpsf2.o)
 .ARM.attributes
                0x0000000000000525       0x1e /opt/homebrew/Cellar/arm-none-eabi-gcc/10.3-2021.07/gcc/bin/../lib/gcc/arm-none-eabi/10.3.1/thumb/v7e-m/nofp/libgcc.a(_arm_fixsfsi.o)
 .ARM.attributes
                0x0000000000000543       0x1e /opt/homebrew/Cellar/arm-none-eabi-gcc/10.3-2021.07/gcc/bin/../lib/gcc/arm-none-eabi/10.3.1/thumb/v7e-m/nofp/libgcc.a(_aeabi_uldivmod.o)
 .ARM.attributes